Component: ARM Compiler 5.06 update 7 (build 960) Tool: armlink [4d3601]

==============================================================================

Section Cross References

    system_gd32f30x.o(i.SystemCoreClockUpdate) refers to system_gd32f30x.o(.data) for SystemCoreClock
    system_gd32f30x.o(i.SystemInit) refers to system_gd32f30x.o(i._soft_delay_) for _soft_delay_
    system_gd32f30x.o(i.SystemInit) refers to system_gd32f30x.o(i.system_clock_config) for system_clock_config
    system_gd32f30x.o(i.system_clock_config) refers to system_gd32f30x.o(i.system_clock_120m_hxtal) for system_clock_120m_hxtal
    gd32f30x_adc.o(i.adc_deinit) refers to gd32f30x_rcu.o(i.rcu_periph_reset_enable) for rcu_periph_reset_enable
    gd32f30x_adc.o(i.adc_deinit) refers to gd32f30x_rcu.o(i.rcu_periph_reset_disable) for rcu_periph_reset_disable
    gd32f30x_bkp.o(i.bkp_deinit) refers to gd32f30x_rcu.o(i.rcu_bkp_reset_enable) for rcu_bkp_reset_enable
    gd32f30x_bkp.o(i.bkp_deinit) refers to gd32f30x_rcu.o(i.rcu_bkp_reset_disable) for rcu_bkp_reset_disable
    gd32f30x_can.o(i.can_debug_freeze_disable) refers to gd32f30x_dbg.o(i.dbg_periph_disable) for dbg_periph_disable
    gd32f30x_can.o(i.can_debug_freeze_enable) refers to gd32f30x_dbg.o(i.dbg_periph_enable) for dbg_periph_enable
    gd32f30x_can.o(i.can_deinit) refers to gd32f30x_rcu.o(i.rcu_periph_reset_enable) for rcu_periph_reset_enable
    gd32f30x_can.o(i.can_deinit) refers to gd32f30x_rcu.o(i.rcu_periph_reset_disable) for rcu_periph_reset_disable
    gd32f30x_can.o(i.can_interrupt_flag_get) refers to gd32f30x_can.o(i.can_receive_message_length_get) for can_receive_message_length_get
    gd32f30x_can.o(i.can_interrupt_flag_get) refers to gd32f30x_can.o(i.can_error_get) for can_error_get
    gd32f30x_ctc.o(i.ctc_deinit) refers to gd32f30x_rcu.o(i.rcu_periph_reset_enable) for rcu_periph_reset_enable
    gd32f30x_ctc.o(i.ctc_deinit) refers to gd32f30x_rcu.o(i.rcu_periph_reset_disable) for rcu_periph_reset_disable
    gd32f30x_dac.o(i.dac_deinit) refers to gd32f30x_rcu.o(i.rcu_periph_reset_enable) for rcu_periph_reset_enable
    gd32f30x_dac.o(i.dac_deinit) refers to gd32f30x_rcu.o(i.rcu_periph_reset_disable) for rcu_periph_reset_disable
    gd32f30x_dma.o(i.dma_channel_disable) refers to gd32f30x_dma.o(i.dma_periph_and_channel_check) for dma_periph_and_channel_check
    gd32f30x_dma.o(i.dma_channel_enable) refers to gd32f30x_dma.o(i.dma_periph_and_channel_check) for dma_periph_and_channel_check
    gd32f30x_dma.o(i.dma_circulation_disable) refers to gd32f30x_dma.o(i.dma_periph_and_channel_check) for dma_periph_and_channel_check
    gd32f30x_dma.o(i.dma_circulation_enable) refers to gd32f30x_dma.o(i.dma_periph_and_channel_check) for dma_periph_and_channel_check
    gd32f30x_dma.o(i.dma_deinit) refers to gd32f30x_dma.o(i.dma_periph_and_channel_check) for dma_periph_and_channel_check
    gd32f30x_dma.o(i.dma_init) refers to gd32f30x_dma.o(i.dma_periph_and_channel_check) for dma_periph_and_channel_check
    gd32f30x_dma.o(i.dma_interrupt_disable) refers to gd32f30x_dma.o(i.dma_periph_and_channel_check) for dma_periph_and_channel_check
    gd32f30x_dma.o(i.dma_interrupt_enable) refers to gd32f30x_dma.o(i.dma_periph_and_channel_check) for dma_periph_and_channel_check
    gd32f30x_dma.o(i.dma_memory_address_config) refers to gd32f30x_dma.o(i.dma_periph_and_channel_check) for dma_periph_and_channel_check
    gd32f30x_dma.o(i.dma_memory_increase_disable) refers to gd32f30x_dma.o(i.dma_periph_and_channel_check) for dma_periph_and_channel_check
    gd32f30x_dma.o(i.dma_memory_increase_enable) refers to gd32f30x_dma.o(i.dma_periph_and_channel_check) for dma_periph_and_channel_check
    gd32f30x_dma.o(i.dma_memory_to_memory_disable) refers to gd32f30x_dma.o(i.dma_periph_and_channel_check) for dma_periph_and_channel_check
    gd32f30x_dma.o(i.dma_memory_to_memory_enable) refers to gd32f30x_dma.o(i.dma_periph_and_channel_check) for dma_periph_and_channel_check
    gd32f30x_dma.o(i.dma_memory_width_config) refers to gd32f30x_dma.o(i.dma_periph_and_channel_check) for dma_periph_and_channel_check
    gd32f30x_dma.o(i.dma_periph_address_config) refers to gd32f30x_dma.o(i.dma_periph_and_channel_check) for dma_periph_and_channel_check
    gd32f30x_dma.o(i.dma_periph_increase_disable) refers to gd32f30x_dma.o(i.dma_periph_and_channel_check) for dma_periph_and_channel_check
    gd32f30x_dma.o(i.dma_periph_increase_enable) refers to gd32f30x_dma.o(i.dma_periph_and_channel_check) for dma_periph_and_channel_check
    gd32f30x_dma.o(i.dma_periph_width_config) refers to gd32f30x_dma.o(i.dma_periph_and_channel_check) for dma_periph_and_channel_check
    gd32f30x_dma.o(i.dma_priority_config) refers to gd32f30x_dma.o(i.dma_periph_and_channel_check) for dma_periph_and_channel_check
    gd32f30x_dma.o(i.dma_transfer_direction_config) refers to gd32f30x_dma.o(i.dma_periph_and_channel_check) for dma_periph_and_channel_check
[...]
    Removing startup_gd32f30x_hd.o(HEAP), (1024 bytes).
    Removing app_task.o(.rev16_text), (4 bytes).
    Removing app_task.o(.revsh_text), (4 bytes).
    Removing bsp_can.o(.rev16_text), (4 bytes).
    Removing bsp_can.o(.revsh_text), (4 bytes).
    Removing bsp_gpio.o(.rev16_text), (4 bytes).
    Removing bsp_gpio.o(.revsh_text), (4 bytes).
    Removing bsp_usart1.o(.rev16_text), (4 bytes).
    Removing bsp_usart1.o(.revsh_text), (4 bytes).
    Removing bsp_usbd.o(.rev16_text), (4 bytes).
    Removing bsp_usbd.o(.revsh_text), (4 bytes).
    Removing protocal.o(.rev16_text), (4 bytes).
    Removing protocal.o(.revsh_text), (4 bytes).
    Removing cdc_acm_core.o(.rev16_text), (4 bytes).
    Removing cdc_acm_core.o(.revsh_text), (4 bytes).
    Removing cdc_acm_core.o(i.cdc_acm_check_ready), (34 bytes).
    Removing cdc_acm_core.o(i.cdc_acm_data_send), (40 bytes).
    Removing usbd_core.o(.rev16_text), (4 bytes).
    Removing usbd_core.o(.revsh_text), (4 bytes).
    Removing usbd_enum.o(.rev16_text), (4 bytes).
    Removing usbd_enum.o(.revsh_text), (4 bytes).
    Removing usbd_lld_core.o(.rev16_text), (4 bytes).
    Removing usbd_lld_core.o(.revsh_text), (4 bytes).
    Removing usbd_lld_core.o(i.user_buffer_free), (100 bytes).
    Removing usbd_lld_int.o(.rev16_text), (4 bytes).
    Removing usbd_lld_int.o(.revsh_text), (4 bytes).
    Removing usbd_lld_int.o(i.usbd_int_hpst), (776 bytes).
    Removing usbd_pwr.o(.rev16_text), (4 bytes).
    Removing usbd_pwr.o(.revsh_text), (4 bytes).
    Removing usbd_pwr.o(i.usbd_remote_wakeup_active), (42 bytes).
    Removing usbd_transc.o(.rev16_text), (4 bytes).
    Removing usbd_transc.o(.revsh_text), (4 bytes).
    Removing gd32f30x_it_1.o(.rev16_text), (4 bytes).
    Removing gd32f30x_it_1.o(.revsh_text), (4 bytes).
    Removing main_1.o(.rev16_text), (4 bytes).
    Removing main_1.o(.revsh_text), (4 bytes).
    Removing systick_1.o(.rev16_text), (4 bytes).
    Removing systick_1.o(.revsh_text), (4 bytes).
    Removing dadd.o(.text), (334 bytes).
    Removing dmul.o(.text), (228 bytes).
    Removing ddiv.o(.text), (222 bytes).
    Removing dfixul.o(.text), (48 bytes).
    Removing cdrcmple.o(.text), (48 bytes).
    Removing depilogue.o(.text), (186 bytes).

663 unused section(s) (total 25402 bytes) removed from the image.

==============================================================================

Image Symbol Table

    Local Symbols

    Symbol Name                              Value     Ov Type        Size  Object(Section)

    ../clib/../cmprslib/zerorunl2.c          0x00000000   Number         0  __dczerorl2.o ABSOLUTE
    ../clib/microlib/division.c              0x00000000   Number         0  uldiv.o ABSOLUTE
    ../clib/microlib/division.c              0x00000000   Number         0  uidiv.o ABSOLUTE
    ../clib/microlib/init/entry.s            0x00000000   Number         0  entry12b.o ABSOLUTE
    ../clib/microlib/init/entry.s            0x00000000   Number         0  entry11a.o ABSOLUTE
    ../clib/microlib/init/entry.s            0x00000000   Number         0  entry9a.o ABSOLUTE
    ../clib/microlib/init/entry.s            0x00000000   Number         0  entry8b.o ABSOLUTE
    ../clib/microlib/init/entry.s            0x00000000   Number         0  entry10a.o ABSOLUTE
    ../clib/microlib/init/entry.s            0x00000000   Number         0  entry7b.o ABSOLUTE
    ../clib/microlib/init/entry.s            0x00000000   Number         0  entry8a.o ABSOLUTE
    ../clib/microlib/init/entry.s            0x00000000   Number         0  entry7a.o ABSOLUTE
    ../clib/microlib/init/entry.s            0x00000000   Number         0  entry11b.o ABSOLUTE
    ../clib/microlib/init/entry.s            0x00000000   Number         0  entry12a.o ABSOLUTE
    ../clib/microlib/init/entry.s            0x00000000   Number         0  entry5.o ABSOLUTE
    ../clib/microlib/init/entry.s            0x00000000   Number         0  entry2.o ABSOLUTE
    ../clib/microlib/init/entry.s            0x00000000   Number         0  entry10b.o ABSOLUTE
    ../clib/microlib/init/entry.s            0x00000000   Number         0  entry.o ABSOLUTE
    ../clib/microlib/init/entry.s            0x00000000   Number         0  entry9b.o ABSOLUTE
    ../clib/microlib/longlong.c              0x00000000   Number         0  llushr.o ABSOLUTE
    ../clib/microlib/longlong.c              0x00000000   Number         0  llsshr.o ABSOLUTE
    ../clib/microlib/longlong.c              0x00000000   Number         0  llshl.o ABSOLUTE
    ../clib/microlib/printf/printf.c         0x00000000   Number         0  printf3.o ABSOLUTE
    ../clib/microlib/printf/printf.c         0x00000000   Number         0  printf7.o ABSOLUTE
    ../clib/microlib/printf/printf.c         0x00000000   Number         0  printf6.o ABSOLUTE
    ../clib/microlib/printf/printf.c         0x00000000   Number         0  printf2.o ABSOLUTE
    ../clib/microlib/printf/printf.c         0x00000000   Number         0  printf1.o ABSOLUTE
    ../clib/microlib/printf/printf.c         0x00000000   Number         0  printfa.o ABSOLUTE
    ../clib/microlib/printf/printf.c         0x00000000   Number         0  printf4.o ABSOLUTE
    ../clib/microlib/printf/printf.c         0x00000000   Number         0  printf8.o ABSOLUTE
    ../clib/microlib/printf/printf.c         0x00000000   Number         0  printfb.o ABSOLUTE
    ../clib/microlib/printf/printf.c         0x00000000   Number         0  printf5.o ABSOLUTE
    ../clib/microlib/printf/printf.c         0x00000000   Number         0  printf0.o ABSOLUTE
    ../clib/microlib/printf/stubs.s          0x00000000   Number         0  stubs.o ABSOLUTE
    ../clib/microlib/stdio/streams.c         0x00000000   Number         0  stdout.o ABSOLUTE
    ../clib/microlib/string/memcpy.c         0x00000000   Number         0  memcpya.o ABSOLUTE
    ../clib/microlib/string/memcpy.c         0x00000000   Number         0  memcpyb.o ABSOLUTE
    ../clib/microlib/stubs.s                 0x00000000   Number         0  iusefp.o ABSOLUTE
    ../fplib/microlib/fpadd.c                0x00000000   Number         0  dadd.o ABSOLUTE
    ../fplib/microlib/fpdiv.c                0x00000000   Number         0  ddiv.o ABSOLUTE
    ../fplib/microlib/fpepilogue.c           0x00000000   Number         0  depilogue.o ABSOLUTE
    ../fplib/microlib/fpfix.c                0x00000000   Number         0  dfixul.o ABSOLUTE
    ../fplib/microlib/fpmul.c                0x00000000   Number         0  dmul.o ABSOLUTE
    ..\Cmsis\startup_gd32f30x_hd.s           0x00000000   Number         0  startup_gd32f30x_hd.o ABSOLUTE
    ..\Cmsis\system_gd32f30x.c               0x00000000   Number         0  system_gd32f30x.o ABSOLUTE
    ..\Config\Src\app_task.c                 0x00000000   Number         0  app_task.o ABSOLUTE
    ..\Config\Src\bsp_can.c                  0x00000000   Number         0  bsp_can.o ABSOLUTE
    ..\Config\Src\bsp_gpio.c                 0x00000000   Number         0  bsp_gpio.o ABSOLUTE
    ..\Config\Src\bsp_usart1.c               0x00000000   Number         0  bsp_usart1.o ABSOLUTE
    ..\Config\Src\bsp_usbd.c                 0x00000000   Number         0  bsp_usbd.o ABSOLUTE
    ..\Connect\Src\Protocal.c                0x00000000   Number         0  protocal.o ABSOLUTE
    ..\Firmware\Source\gd32f30x_adc.c        0x00000000   Number         0  gd32f30x_adc.o ABSOLUTE
    ..\Firmware\Source\gd32f30x_bkp.c        0x00000000   Number         0  gd32f30x_bkp.o ABSOLUTE
    ..\Firmware\Source\gd32f30x_can.c        0x00000000   Number         0  gd32f30x_can.o ABSOLUTE
    ..\Firmware\Source\gd32f30x_crc.c        0x00000000   Number         0  gd32f30x_crc.o ABSOLUTE
    ..\Firmware\Source\gd32f30x_ctc.c        0x00000000   Number         0  gd32f30x_ctc.o ABSOLUTE
    ..\Firmware\Source\gd32f30x_dac.c        0x00000000   Number         0  gd32f30x_dac.o ABSOLUTE
    ..\Firmware\Source\gd32f30x_dbg.c        0x00000000   Number         0  gd32f30x_dbg.o ABSOLUTE
    ..\Firmware\Source\gd32f30x_dma.c        0x00000000   Number         0  gd32f30x_dma.o ABSOLUTE
    ..\Firmware\Source\gd32f30x_enet.c       0x00000000   Number         0  gd32f30x_enet.o ABSOLUTE
    ..\Firmware\Source\gd32f30x_exmc.c       0x00000000   Number         0  gd32f30x_exmc.o ABSOLUTE
    ..\Firmware\Source\gd32f30x_exti.c       0x00000000   Number         0  gd32f30x_exti.o ABSOLUTE
    ..\Firmware\Source\gd32f30x_fmc.c        0x00000000   Number         0  gd32f30x_fmc.o ABSOLUTE
    ..\Firmware\Source\gd32f30x_fwdgt.c      0x00000000   Number         0  gd32f30x_fwdgt.o ABSOLUTE
    ..\Firmware\Source\gd32f30x_gpio.c       0x00000000   Number         0  gd32f30x_gpio.o ABSOLUTE
    ..\Firmware\Source\gd32f30x_i2c.c        0x00000000   Number         0  gd32f30x_i2c.o ABSOLUTE
    ..\Firmware\Source\gd32f30x_misc.c       0x00000000   Number         0  gd32f30x_misc.o ABSOLUTE
    ..\Firmware\Source\gd32f30x_pmu.c        0x00000000   Number         0  gd32f30x_pmu.o ABSOLUTE
    ..\Firmware\Source\gd32f30x_rcu.c        0x00000000   Number         0  gd32f30x_rcu.o ABSOLUTE
    ..\Firmware\Source\gd32f30x_rtc.c        0x00000000   Number         0  gd32f30x_rtc.o ABSOLUTE
    ..\Firmware\Source\gd32f30x_sdio.c       0x00000000   Number         0  gd32f30x_sdio.o ABSOLUTE
    ..\Firmware\Source\gd32f30x_spi.c        0x00000000   Number         0  gd32f30x_spi.o ABSOLUTE
    ..\Firmware\Source\gd32f30x_timer.c      0x00000000   Number         0  gd32f30x_timer.o ABSOLUTE
    ..\Firmware\Source\gd32f30x_usart.c      0x00000000   Number         0  gd32f30x_usart.o ABSOLUTE
    ..\Firmware\Source\gd32f30x_wwdgt.c      0x00000000   Number         0  gd32f30x_wwdgt.o ABSOLUTE
    ..\USBD_CDC\Src\cdc_acm_core.c           0x00000000   Number         0  cdc_acm_core.o ABSOLUTE
    ..\USBD_Drivers\Src\usbd_core.c          0x00000000   Number         0  usbd_core.o ABSOLUTE
    ..\USBD_Drivers\Src\usbd_enum.c          0x00000000   Number         0  usbd_enum.o ABSOLUTE
    ..\USBD_Drivers\Src\usbd_lld_core.c      0x00000000   Number         0  usbd_lld_core.o ABSOLUTE
    ..\USBD_Drivers\Src\usbd_lld_int.c       0x00000000   Number         0  usbd_lld_int.o ABSOLUTE
    ..\USBD_Drivers\Src\usbd_pwr.c           0x00000000   Number         0  usbd_pwr.o ABSOLUTE
    ..\USBD_Drivers\Src\usbd_transc.c        0x00000000   Number         0  usbd_transc.o ABSOLUTE
    ..\User\Src\gd32f30x_it.c                0x00000000   Number         0  gd32f30x_it_1.o ABSOLUTE
    ..\User\Src\main.c                       0x00000000   Number         0  main_1.o ABSOLUTE
    ..\User\Src\systick.c                    0x00000000   Number         0  systick_1.o ABSOLUTE
    ..\\Cmsis\\system_gd32f30x.c             0x00000000   Number         0  system_gd32f30x.o ABSOLUTE
    ..\\Config\\Src\\app_task.c              0x00000000   Number         0  app_task.o ABSOLUTE
    ..\\Config\\Src\\bsp_can.c               0x00000000   Number         0  bsp_can.o ABSOLUTE
    ..\\Config\\Src\\bsp_gpio.c              0x00000000   Number         0  bsp_gpio.o ABSOLUTE
    ..\\Config\\Src\\bsp_usart1.c            0x00000000   Number         0  bsp_usart1.o ABSOLUTE
    ..\\Config\\Src\\bsp_usbd.c              0x00000000   Number         0  bsp_usbd.o ABSOLUTE
    ..\\Connect\\Src\\Protocal.c             0x00000000   Number         0  protocal.o ABSOLUTE
    ..\\Firmware\\Source\\gd32f30x_adc.c     0x00000000   Number         0  gd32f30x_adc.o ABSOLUTE
    ..\\Firmware\\Source\\gd32f30x_bkp.c     0x00000000   Number         0  gd32f30x_bkp.o ABSOLUTE
    ..\\Firmware\\Source\\gd32f30x_can.c     0x00000000   Number         0  gd32f30x_can.o ABSOLUTE
    ..\\Firmware\\Source\\gd32f30x_crc.c     0x00000000   Number         0  gd32f30x_crc.o ABSOLUTE
    ..\\Firmware\\Source\\gd32f30x_ctc.c     0x00000000   Number         0  gd32f30x_ctc.o ABSOLUTE
    ..\\Firmware\\Source\\gd32f30x_dac.c     0x00000000   Number         0  gd32f30x_dac.o ABSOLUTE
    ..\\Firmware\\Source\\gd32f30x_dbg.c     0x00000000   Number         0  gd32f30x_dbg.o ABSOLUTE
    ..\\Firmware\\Source\\gd32f30x_dma.c     0x00000000   Number         0  gd32f30x_dma.o ABSOLUTE
    ..\\Firmware\\Source\\gd32f30x_enet.c    0x00000000   Number         0  gd32f30x_enet.o ABSOLUTE
    ..\\Firmware\\Source\\gd32f30x_exmc.c    0x00000000   Number         0  gd32f30x_exmc.o ABSOLUTE
    ..\\Firmware\\Source\\gd32f30x_exti.c    0x00000000   Number         0  gd32f30x_exti.o ABSOLUTE
    ..\\Firmware\\Source\\gd32f30x_fmc.c     0x00000000   Number         0  gd32f30x_fmc.o ABSOLUTE
    ..\\Firmware\\Source\\gd32f30x_fwdgt.c   0x00000000   Number         0  gd32f30x_fwdgt.o ABSOLUTE
    ..\\Firmware\\Source\\gd32f30x_gpio.c    0x00000000   Number         0  gd32f30x_gpio.o ABSOLUTE
    ..\\Firmware\\Source\\gd32f30x_i2c.c     0x00000000   Number         0  gd32f30x_i2c.o ABSOLUTE
    ..\\Firmware\\Source\\gd32f30x_misc.c    0x00000000   Number         0  gd32f30x_misc.o ABSOLUTE
    ..\\Firmware\\Source\\gd32f30x_pmu.c     0x00000000   Number         0  gd32f30x_pmu.o ABSOLUTE
    ..\\Firmware\\Source\\gd32f30x_rcu.c     0x00000000   Number         0  gd32f30x_rcu.o ABSOLUTE
    ..\\Firmware\\Source\\gd32f30x_rtc.c     0x00000000   Number         0  gd32f30x_rtc.o ABSOLUTE
    ..\\Firmware\\Source\\gd32f30x_sdio.c    0x00000000   Number         0  gd32f30x_sdio.o ABSOLUTE
    ..\\Firmware\\Source\\gd32f30x_spi.c     0x00000000   Number         0  gd32f30x_spi.o ABSOLUTE
    ..\\Firmware\\Source\\gd32f30x_timer.c   0x00000000   Number         0  gd32f30x_timer.o ABSOLUTE
    ..\\Firmware\\Source\\gd32f30x_usart.c   0x00000000   Number         0  gd32f30x_usart.o ABSOLUTE
    ..\\Firmware\\Source\\gd32f30x_wwdgt.c   0x00000000   Number         0  gd32f30x_wwdgt.o ABSOLUTE
    ..\\USBD_CDC\\Src\\cdc_acm_core.c        0x00000000   Number         0  cdc_acm_core.o ABSOLUTE
    ..\\USBD_Drivers\\Src\\usbd_core.c       0x00000000   Number         0  usbd_core.o ABSOLUTE
    ..\\USBD_Drivers\\Src\\usbd_enum.c       0x00000000   Number         0  usbd_enum.o ABSOLUTE
    ..\\USBD_Drivers\\Src\\usbd_lld_core.c   0x00000000   Number         0  usbd_lld_core.o ABSOLUTE
    ..\\USBD_Drivers\\Src\\usbd_lld_int.c    0x00000000   Number         0  usbd_lld_int.o ABSOLUTE
    ..\\USBD_Drivers\\Src\\usbd_pwr.c        0x00000000   Number         0  usbd_pwr.o ABSOLUTE
    ..\\USBD_Drivers\\Src\\usbd_transc.c     0x00000000   Number         0  usbd_transc.o ABSOLUTE
    ..\\User\\Src\\gd32f30x_it.c             0x00000000   Number         0  gd32f30x_it_1.o ABSOLUTE
    ..\\User\\Src\\main.c                    0x00000000   Number         0  main_1.o ABSOLUTE
    ..\\User\\Src\\systick.c                 0x00000000   Number         0  systick_1.o ABSOLUTE
    cdrcmple.s                               0x00000000   Number         0  cdrcmple.o ABSOLUTE
    dc.s                                     0x00000000   Number         0  dc.o ABSOLUTE
    handlers.s                               0x00000000   Number         0  handlers.o ABSOLUTE
    init.s                                   0x00000000   Number         0  init.o ABSOLUTE
    RESET                                    0x08000000   Section      304  startup_gd32f30x_hd.o(RESET)
    .ARM.Collect$$$$00000000                 0x08000130   Section        0  entry.o(.ARM.Collect$$$$00000000)
    .ARM.Collect$$$$00000001                 0x08000130   Section        4  entry2.o(.ARM.Collect$$$$00000001)
    .ARM.Collect$$$$00000004                 0x08000134   Section        4  entry5.o(.ARM.Collect$$$$00000004)
    .ARM.Collect$$$$00000008                 0x08000138   Section        0  entry7b.o(.ARM.Collect$$$$00000008)
    .ARM.Collect$$$$0000000A                 0x08000138   Section        0  entry8b.o(.ARM.Collect$$$$0000000A)
    .ARM.Collect$$$$0000000B                 0x08000138   Section        8  entry9a.o(.ARM.Collect$$$$0000000B)
    .ARM.Collect$$$$0000000E                 0x08000140   Section        4  entry12b.o(.ARM.Collect$$$$0000000E)
    .ARM.Collect$$$$0000000F                 0x08000144   Section        0  entry10a.o(.ARM.Collect$$$$0000000F)
    .ARM.Collect$$$$00000011                 0x08000144   Section        0  entry11a.o(.ARM.Collect$$$$00000011)
    .ARM.Collect$$$$00002712                 0x08000144   Section        4  entry2.o(.ARM.Collect$$$$00002712)
    __lit__00000000                          0x08000144   Data           4  entry2.o(.ARM.Collect$$$$00002712)
    .text                                    0x08000148   Section       36  startup_gd32f30x_hd.o(.text)
    $v0                                      0x08000148   Number         0  startup_gd32f30x_hd.o(.text)
    .text                                    0x0800016c   Section        0  memcpya.o(.text)
    .text                                    0x08000190   Section        0  uldiv.o(.text)
    .text                                    0x080001f4   Section       36  init.o(.text)
    .text                                    0x08000218   Section        0  llshl.o(.text)
    .text                                    0x08000236   Section        0  llushr.o(.text)
    .text                                    0x08000256   Section        0  __dczerorl2.o(.text)
    i.BusFault_Handler                       0x080002ac   Section        0  gd32f30x_it_1.o(i.BusFault_Handler)
    i.DebugMon_Handler                       0x080002b0   Section        0  gd32f30x_it_1.o(i.DebugMon_Handler)
    i.HardFault_Handler                      0x080002b2   Section        0  gd32f30x_it_1.o(i.HardFault_Handler)
    i.MemManage_Handler                      0x080002b6   Section        0  gd32f30x_it_1.o(i.MemManage_Handler)
    i.NMI_Handler                            0x080002ba   Section        0  gd32f30x_it_1.o(i.NMI_Handler)
    i.NVIC_SetPriority                       0x080002bc   Section        0  systick_1.o(i.NVIC_SetPriority)
    NVIC_SetPriority                         0x080002bd   Thumb Code    32  systick_1.o(i.NVIC_SetPriority)
    i.PendSV_Handler                         0x080002e4   Section        0  gd32f30x_it_1.o(i.PendSV_Handler)
    i.SVC_Handler                            0x080002e6   Section        0  gd32f30x_it_1.o(i.SVC_Handler)
    i.SysTick_Handler                        0x080002e8   Section        0  gd32f30x_it_1.o(i.SysTick_Handler)
    i.SystemInit                             0x080002f0   Section        0  system_gd32f30x.o(i.SystemInit)
    i.USBD_LP_CAN0_RX0_IRQHandler            0x08000438   Section        0  gd32f30x_it_1.o(i.USBD_LP_CAN0_RX0_IRQHandler)
    i.UsageFault_Handler                     0x08000440   Section        0  gd32f30x_it_1.o(i.UsageFault_Handler)
    i.__0printf$8                            0x08000444   Section        0  printf8.o(i.__0printf$8)
    i.__scatterload_copy                     0x08000464   Section       14  handlers.o(i.__scatterload_copy)
    i.__scatterload_null                     0x08000472   Section        2  handlers.o(i.__scatterload_null)
    i.__scatterload_zeroinit                 0x08000474   Section       14  handlers.o(i.__scatterload_zeroinit)
    i._printf_core                           0x08000484   Section        0  printf8.o(i._printf_core)
    _printf_core                             0x08000485   Thumb Code   984  printf8.o(i._printf_core)
    i._printf_post_padding                   0x08000888   Section        0  printf8.o(i._printf_post_padding)
    _printf_post_padding                     0x08000889   Thumb Code    36  printf8.o(i._printf_post_padding)
    i._printf_pre_padding                    0x080008ac   Section        0  printf8.o(i._printf_pre_padding)
    _printf_pre_padding                      0x080008ad   Thumb Code    46  printf8.o(i._printf_pre_padding)
    i._soft_delay_                           0x080008da   Section        0  system_gd32f30x.o(i._soft_delay_)
    _soft_delay_                             0x080008db   Thumb Code    28  system_gd32f30x.o(i._soft_delay_)
    i._usb_bos_desc_get                      0x080008f6   Section        0  usbd_enum.o(i._usb_bos_desc_get)
    _usb_bos_desc_get                        0x080008f7   Thumb Code    48  usbd_enum.o(i._usb_bos_desc_get)
    i._usb_config_desc_get                   0x08000926   Section        0  usbd_enum.o(i._usb_config_desc_get)
    _usb_config_desc_get                     0x08000927   Thumb Code    32  usbd_enum.o(i._usb_config_desc_get)
    i._usb_dev_desc_get                      0x08000946   Section        0  usbd_enum.o(i._usb_dev_desc_get)
    _usb_dev_desc_get                        0x08000947   Thumb Code    20  usbd_enum.o(i._usb_dev_desc_get)
    i._usb_in0_transc                        0x0800095a   Section        0  usbd_transc.o(i._usb_in0_transc)
    i._usb_out0_transc                       0x080009cc   Section        0  usbd_transc.o(i._usb_out0_transc)
    i._usb_setup_transc                      0x08000a18   Section        0  usbd_transc.o(i._usb_setup_transc)
    i._usb_std_clearfeature                  0x08000ad2   Section        0  usbd_enum.o(i._usb_std_clearfeature)
    _usb_std_clearfeature                    0x08000ad3   Thumb Code   142  usbd_enum.o(i._usb_std_clearfeature)
    i._usb_std_getconfiguration              0x08000b60   Section        0  usbd_enum.o(i._usb_std_getconfiguration)
    _usb_std_getconfiguration                0x08000b61   Thumb Code    60  usbd_enum.o(i._usb_std_getconfiguration)
    i._usb_std_getdescriptor                 0x08000b9c   Section        0  usbd_enum.o(i._usb_std_getdescriptor)
    _usb_std_getdescriptor                   0x08000b9d   Thumb Code   268  usbd_enum.o(i._usb_std_getdescriptor)
    i._usb_std_getinterface                  0x08000cac   Section        0  usbd_enum.o(i._usb_std_getinterface)
    _usb_std_getinterface                    0x08000cad   Thumb Code    62  usbd_enum.o(i._usb_std_getinterface)
    i._usb_std_getstatus                     0x08000cec   Section        0  usbd_enum.o(i._usb_std_getstatus)
    _usb_std_getstatus                       0x08000ced   Thumb Code   178  usbd_enum.o(i._usb_std_getstatus)
    i._usb_std_reserved                      0x08000da4   Section        0  usbd_enum.o(i._usb_std_reserved)
    _usb_std_reserved                        0x08000da5   Thumb Code     6  usbd_enum.o(i._usb_std_reserved)
    i._usb_std_setaddress                    0x08000daa   Section        0  usbd_enum.o(i._usb_std_setaddress)
    _usb_std_setaddress                      0x08000dab   Thumb Code    46  usbd_enum.o(i._usb_std_setaddress)
    i._usb_std_setconfiguration              0x08000dd8   Section        0  usbd_enum.o(i._usb_std_setconfiguration)
    _usb_std_setconfiguration                0x08000dd9   Thumb Code   160  usbd_enum.o(i._usb_std_setconfiguration)
    i._usb_std_setdescriptor                 0x08000e7c   Section        0  usbd_enum.o(i._usb_std_setdescriptor)
    _usb_std_setdescriptor                   0x08000e7d   Thumb Code     6  usbd_enum.o(i._usb_std_setdescriptor)
    i._usb_std_setfeature                    0x08000e82   Section        0  usbd_enum.o(i._usb_std_setfeature)
    _usb_std_setfeature                      0x08000e83   Thumb Code   142  usbd_enum.o(i._usb_std_setfeature)
    i._usb_std_setinterface                  0x08000f10   Section        0  usbd_enum.o(i._usb_std_setinterface)
    _usb_std_setinterface                    0x08000f11   Thumb Code    64  usbd_enum.o(i._usb_std_setinterface)
    i._usb_std_synchframe                    0x08000f50   Section        0  usbd_enum.o(i._usb_std_synchframe)
    _usb_std_synchframe                      0x08000f51   Thumb Code     6  usbd_enum.o(i._usb_std_synchframe)
    i._usb_str_desc_get                      0x08000f56   Section        0  usbd_enum.o(i._usb_str_desc_get)
    _usb_str_desc_get                        0x08000f57   Thumb Code    20  usbd_enum.o(i._usb_str_desc_get)
    i.app_can_to_usb_task                    0x08000f6a   Section        0  app_task.o(i.app_can_to_usb_task)
    app_can_to_usb_task                      0x08000f6b   Thumb Code    36  app_task.o(i.app_can_to_usb_task)
    i.app_heartbeat_task                     0x08000f90   Section        0  app_task.o(i.app_heartbeat_task)
    app_heartbeat_task                       0x08000f91   Thumb Code    24  app_task.o(i.app_heartbeat_task)
    i.app_init                               0x08000fc8   Section        0  app_task.o(i.app_init)
    i.app_poll                               0x08000fe8   Section        0  app_task.o(i.app_poll)
    i.app_usb_to_can_task                    0x08001018   Section        0  app_task.o(i.app_usb_to_can_task)
    app_usb_to_can_task                      0x08001019   Thumb Code    32  app_task.o(i.app_usb_to_can_task)
    i.bsp_can0_init                          0x08001038   Section        0  bsp_can.o(i.bsp_can0_init)
    i.bsp_gpio_init                          0x08001110   Section        0  bsp_gpio.o(i.bsp_gpio_init)
    i.bsp_print_clock_info                   0x08001154   Section        0  bsp_usart1.o(i.bsp_print_clock_info)
    i.bsp_usart1_init                        0x080012e4   Section        0  bsp_usart1.o(i.bsp_usart1_init)
    i.bsp_usbd_init                          0x08001368   Section        0  bsp_usbd.o(i.bsp_usbd_init)
    i.bsp_usbd_is_ready                      0x0800141c   Section        0  bsp_usbd.o(i.bsp_usbd_is_ready)
    i.bsp_usbd_poll                          0x08001430   Section        0  bsp_usbd.o(i.bsp_usbd_poll)
    i.bsp_usbd_recv                          0x08001460   Section        0  bsp_usbd.o(i.bsp_usbd_recv)
    i.bsp_usbd_send                          0x080014b8   Section        0  bsp_usbd.o(i.bsp_usbd_send)
    i.can0_print_msg                         0x080014f4   Section        0  bsp_can.o(i.can0_print_msg)
    i.can0_recv_msg                          0x08001554   Section        0  bsp_can.o(i.can0_recv_msg)
    i.can0_send_frame                        0x0800157c   Section        0  bsp_can.o(i.can0_send_frame)
    i.can0_send_msg                          0x080015e4   Section        0  bsp_can.o(i.can0_send_msg)
    i.can_deinit                             0x080015fc   Section        0  gd32f30x_can.o(i.can_deinit)
    i.can_filter_init                        0x0800161c   Section        0  gd32f30x_can.o(i.can_filter_init)
    i.can_init                               0x0800172c   Section        0  gd32f30x_can.o(i.can_init)
    i.can_message_receive                    0x0800184e   Section        0  gd32f30x_can.o(i.can_message_receive)
    i.can_message_transmit                   0x08001934   Section        0  gd32f30x_can.o(i.can_message_transmit)
    i.can_receive_message_length_get         0x08001a8c   Section        0  gd32f30x_can.o(i.can_receive_message_length_get)
    i.can_struct_para_init                   0x08001aa6   Section        0  gd32f30x_can.o(i.can_struct_para_init)
    i.cdc_acm_ctlx_out                       0x08001b4a   Section        0  cdc_acm_core.o(i.cdc_acm_ctlx_out)
    cdc_acm_ctlx_out                         0x08001b4b   Thumb Code    34  cdc_acm_core.o(i.cdc_acm_ctlx_out)
    i.cdc_acm_data_in                        0x08001b6c   Section        0  cdc_acm_core.o(i.cdc_acm_data_in)
    cdc_acm_data_in                          0x08001b6d   Thumb Code    54  cdc_acm_core.o(i.cdc_acm_data_in)
    i.cdc_acm_data_out                       0x08001ba2   Section        0  cdc_acm_core.o(i.cdc_acm_data_out)
    cdc_acm_data_out                         0x08001ba3   Thumb Code    22  cdc_acm_core.o(i.cdc_acm_data_out)
    i.cdc_acm_data_receive                   0x08001bb8   Section        0  cdc_acm_core.o(i.cdc_acm_data_receive)
    i.cdc_acm_deinit                         0x08001bd4   Section        0  cdc_acm_core.o(i.cdc_acm_deinit)
    cdc_acm_deinit                           0x08001bd5   Thumb Code    34  cdc_acm_core.o(i.cdc_acm_deinit)
    i.cdc_acm_init                           0x08001bf8   Section        0  cdc_acm_core.o(i.cdc_acm_init)
    cdc_acm_init                             0x08001bf9   Thumb Code   118  cdc_acm_core.o(i.cdc_acm_init)
    i.cdc_acm_req_handler                    0x08001c80   Section        0  cdc_acm_core.o(i.cdc_acm_req_handler)
    cdc_acm_req_handler                      0x08001c81   Thumb Code   180  cdc_acm_core.o(i.cdc_acm_req_handler)
    i.delay_1ms                              0x08001d34   Section        0  systick_1.o(i.delay_1ms)
    i.delay_decrement                        0x08001d48   Section        0  systick_1.o(i.delay_decrement)
    i.fputc                                  0x08001d60   Section        0  bsp_usart1.o(i.fputc)
    i.gpio_bit_reset                         0x08001d84   Section        0  gd32f30x_gpio.o(i.gpio_bit_reset)
    i.gpio_bit_set                           0x08001d88   Section        0  gd32f30x_gpio.o(i.gpio_bit_set)
    i.gpio_bit_write                         0x08001d8c   Section        0  gd32f30x_gpio.o(i.gpio_bit_write)
    i.gpio_init                              0x08001d96   Section        0  gd32f30x_gpio.o(i.gpio_init)
    i.gpio_output_bit_get                    0x08001e52   Section        0  gd32f30x_gpio.o(i.gpio_output_bit_get)
    i.gpio_pin_remap_config                  0x08001e64   Section        0  gd32f30x_gpio.o(i.gpio_pin_remap_config)
    i.int_to_unicode                         0x08001ef4   Section        0  usbd_enum.o(i.int_to_unicode)
    int_to_unicode                           0x08001ef5   Thumb Code    62  usbd_enum.o(i.int_to_unicode)
    i.led1_toggle                            0x08001f34   Section        0  bsp_gpio.o(i.led1_toggle)
    i.led2_toggle                            0x08001f54   Section        0  bsp_gpio.o(i.led2_toggle)
    i.main                                   0x08001f74   Section        0  main_1.o(i.main)
    i.nvic_irq_enable                        0x08001f8c   Section        0  gd32f30x_misc.o(i.nvic_irq_enable)
    i.nvic_priority_group_set                0x08002094   Section        0  gd32f30x_misc.o(i.nvic_priority_group_set)
    i.protocol_can_to_usb_send               0x080020a8   Section        0  protocal.o(i.protocol_can_to_usb_send)
    i.protocol_init                          0x0800214c   Section        0  protocal.o(i.protocol_init)
    i.protocol_usb_feed                      0x08002160   Section        0  protocal.o(i.protocol_usb_feed)
    i.protocol_usb_to_can_process            0x080021a8   Section        0  protocal.o(i.protocol_usb_to_can_process)
    i.rcu_clock_freq_get                     0x080022d4   Section        0  gd32f30x_rcu.o(i.rcu_clock_freq_get)
    i.rcu_periph_clock_enable                0x0800242c   Section        0  gd32f30x_rcu.o(i.rcu_periph_clock_enable)
    i.rcu_periph_reset_disable               0x0800244c   Section        0  gd32f30x_rcu.o(i.rcu_periph_reset_disable)
    i.rcu_periph_reset_enable                0x0800246c   Section        0  gd32f30x_rcu.o(i.rcu_periph_reset_enable)
    i.rcu_usb_clock_config                   0x0800248c   Section        0  gd32f30x_rcu.o(i.rcu_usb_clock_config)
    i.ring_buffer_read                       0x080024a4   Section        0  protocal.o(i.ring_buffer_read)
    ring_buffer_read                         0x080024a5   Thumb Code    54  protocal.o(i.ring_buffer_read)
    i.serial_string_get                      0x080024e0   Section        0  usbd_enum.o(i.serial_string_get)
    i.system_clock_120m_hxtal                0x08002530   Section        0  system_gd32f30x.o(i.system_clock_120m_hxtal)
    system_clock_120m_hxtal                  0x08002531   Thumb Code   266  system_gd32f30x.o(i.system_clock_120m_hxtal)
    i.system_clock_config                    0x0800264c   Section        0  system_gd32f30x.o(i.system_clock_config)
    system_clock_config                      0x0800264d   Thumb Code     8  system_gd32f30x.o(i.system_clock_config)
    i.systick_config                         0x08002654   Section        0  systick_1.o(i.systick_config)
    i.usart_baudrate_set                     0x080026a4   Section        0  gd32f30x_usart.o(i.usart_baudrate_set)
    i.usart_data_transmit                    0x08002734   Section        0  gd32f30x_usart.o(i.usart_data_transmit)
    i.usart_deinit                           0x0800273c   Section        0  gd32f30x_usart.o(i.usart_deinit)
    i.usart_enable                           0x080027cc   Section        0  gd32f30x_usart.o(i.usart_enable)
    i.usart_flag_get                         0x080027d6   Section        0  gd32f30x_usart.o(i.usart_flag_get)
    i.usart_hardware_flow_cts_config         0x080027f6   Section        0  gd32f30x_usart.o(i.usart_hardware_flow_cts_config)
    i.usart_hardware_flow_rts_config         0x0800280a   Section        0  gd32f30x_usart.o(i.usart_hardware_flow_rts_config)
    i.usart_parity_config                    0x0800281e   Section        0  gd32f30x_usart.o(i.usart_parity_config)
    i.usart_receive_config                   0x0800282e   Section        0  gd32f30x_usart.o(i.usart_receive_config)
    i.usart_stop_bit_set                     0x08002842   Section        0  gd32f30x_usart.o(i.usart_stop_bit_set)
    i.usart_transmit_config                  0x08002852   Section        0  gd32f30x_usart.o(i.usart_transmit_config)
    i.usart_word_length_set                  0x08002866   Section        0  gd32f30x_usart.o(i.usart_word_length_set)
    i.usb_ctl_status_in                      0x08002876   Section        0  usbd_transc.o(i.usb_ctl_status_in)
    usb_ctl_status_in                        0x08002877   Thumb Code    24  usbd_transc.o(i.usb_ctl_status_in)
    i.usb_soft_connect                       0x08002890   Section        0  bsp_gpio.o(i.usb_soft_connect)
    i.usb_stall_transc                       0x080028b4   Section        0  usbd_transc.o(i.usb_stall_transc)
    usb_stall_transc                         0x080028b5   Thumb Code    22  usbd_transc.o(i.usb_stall_transc)
    i.usb_transc_config                      0x080028ca   Section        0  cdc_acm_core.o(i.usb_transc_config)
    usb_transc_config                        0x080028cb   Thumb Code     8  cdc_acm_core.o(i.usb_transc_config)
    i.usb_transc_config                      0x080028d2   Section        0  usbd_core.o(i.usb_transc_config)
    usb_transc_config                        0x080028d3   Thumb Code     8  usbd_core.o(i.usb_transc_config)
    i.usb_transc_config                      0x080028da   Section        0  usbd_enum.o(i.usb_transc_config)
    usb_transc_config                        0x080028db   Thumb Code     8  usbd_enum.o(i.usb_transc_config)
    i.usbd_address_set                       0x080028e4   Section        0  usbd_lld_core.o(i.usbd_address_set)
    usbd_address_set                         0x080028e5   Thumb Code    12  usbd_lld_core.o(i.usbd_address_set)
    i.usbd_class_request                     0x080028f4   Section        0  usbd_enum.o(i.usbd_class_request)
    i.usbd_core_reset                        0x08002918   Section        0  usbd_lld_core.o(i.usbd_core_reset)
    usbd_core_reset                          0x08002919   Thumb Code    34  usbd_lld_core.o(i.usbd_core_reset)
    i.usbd_core_stop                         0x08002940   Section        0  usbd_lld_core.o(i.usbd_core_stop)
    usbd_core_stop                           0x08002941   Thumb Code    20  usbd_lld_core.o(i.usbd_core_stop)
    i.usbd_dp_pullup                         0x08002958   Section        0  usbd_lld_core.o(i.usbd_dp_pullup)
    usbd_dp_pullup                           0x08002959   Thumb Code    30  usbd_lld_core.o(i.usbd_dp_pullup)
    i.usbd_ep_data_read                      0x0800297c   Section        0  usbd_lld_core.o(i.usbd_ep_data_read)
    usbd_ep_data_read                        0x0800297d   Thumb Code   148  usbd_lld_core.o(i.usbd_ep_data_read)
    i.usbd_ep_data_write                     0x08002a1c   Section        0  usbd_lld_core.o(i.usbd_ep_data_write)
    usbd_ep_data_write                       0x08002a1d   Thumb Code    92  usbd_lld_core.o(i.usbd_ep_data_write)
    i.usbd_ep_dbl_data_write                 0x08002a84   Section        0  usbd_lld_core.o(i.usbd_ep_dbl_data_write)
    usbd_ep_dbl_data_write                   0x08002a85   Thumb Code   676  usbd_lld_core.o(i.usbd_ep_dbl_data_write)
    i.usbd_ep_deinit                         0x08002d38   Section        0  cdc_acm_core.o(i.usbd_ep_deinit)
    usbd_ep_deinit                           0x08002d39   Thumb Code    20  cdc_acm_core.o(i.usbd_ep_deinit)
    i.usbd_ep_disable                        0x08002d4c   Section        0  usbd_lld_core.o(i.usbd_ep_disable)
    usbd_ep_disable                          0x08002d4d   Thumb Code   220  usbd_lld_core.o(i.usbd_ep_disable)
    i.usbd_ep_init                           0x08002e2c   Section        0  cdc_acm_core.o(i.usbd_ep_init)
    usbd_ep_init                             0x08002e2d   Thumb Code    34  cdc_acm_core.o(i.usbd_ep_init)
    i.usbd_ep_recev                          0x08002e4e   Section        0  usbd_core.o(i.usbd_ep_recev)
    i.usbd_ep_reset                          0x08002e84   Section        0  usbd_lld_core.o(i.usbd_ep_reset)
    usbd_ep_reset                            0x08002e85   Thumb Code   166  usbd_lld_core.o(i.usbd_ep_reset)
    i.usbd_ep_rx_enable                      0x08002f38   Section        0  usbd_lld_core.o(i.usbd_ep_rx_enable)
    usbd_ep_rx_enable                        0x08002f39   Thumb Code    52  usbd_lld_core.o(i.usbd_ep_rx_enable)
    i.usbd_ep_send                           0x08002f70   Section        0  usbd_core.o(i.usbd_ep_send)
    i.usbd_ep_setup                          0x08003058   Section        0  usbd_lld_core.o(i.usbd_ep_setup)
    usbd_ep_setup                            0x08003059   Thumb Code  1272  usbd_lld_core.o(i.usbd_ep_setup)
    i.usbd_ep_stall_clear                    0x0800355c   Section        0  usbd_lld_core.o(i.usbd_ep_stall_clear)
    usbd_ep_stall_clear                      0x0800355d   Thumb Code   278  usbd_lld_core.o(i.usbd_ep_stall_clear)
    i.usbd_ep_stall_set                      0x08003678   Section        0  usbd_lld_core.o(i.usbd_ep_stall_set)
    usbd_ep_stall_set                        0x08003679   Thumb Code   184  usbd_lld_core.o(i.usbd_ep_stall_set)
    i.usbd_ep_status                         0x08003738   Section        0  usbd_lld_core.o(i.usbd_ep_status)
    usbd_ep_status                           0x08003739   Thumb Code    32  usbd_lld_core.o(i.usbd_ep_status)
    i.usbd_ep_status_get                     0x0800375c   Section        0  usbd_enum.o(i.usbd_ep_status_get)
    usbd_ep_status_get                       0x0800375d   Thumb Code    20  usbd_enum.o(i.usbd_ep_status_get)
    i.usbd_ep_status_get                     0x08003770   Section        0  usbd_lld_core.o(i.usbd_ep_status_get)
    usbd_ep_status_get                       0x08003771   Thumb Code    20  usbd_lld_core.o(i.usbd_ep_status_get)
    i.usbd_init                              0x08003784   Section        0  usbd_core.o(i.usbd_init)
    i.usbd_int_suspend                       0x080037fc   Section        0  usbd_lld_int.o(i.usbd_int_suspend)
    usbd_int_suspend                         0x080037fd   Thumb Code    36  usbd_lld_int.o(i.usbd_int_suspend)
    i.usbd_isr                               0x08003820   Section        0  usbd_lld_int.o(i.usbd_isr)
    i.usbd_leave_suspend                     0x08003ab4   Section        0  usbd_lld_core.o(i.usbd_leave_suspend)
    usbd_leave_suspend                       0x08003ab5   Thumb Code    24  usbd_lld_core.o(i.usbd_leave_suspend)
    i.usbd_resume                            0x08003ad0   Section        0  usbd_lld_core.o(i.usbd_resume)
    usbd_resume                              0x08003ad1   Thumb Code    24  usbd_lld_core.o(i.usbd_resume)
    i.usbd_standard_request                  0x08003af0   Section        0  usbd_enum.o(i.usbd_standard_request)
    i.usbd_suspend                           0x08003b0c   Section        0  usbd_lld_core.o(i.usbd_suspend)
    usbd_suspend                             0x08003b0d   Thumb Code    14  usbd_lld_core.o(i.usbd_suspend)
    i.usbd_vendor_request                    0x08003b20   Section        0  usbd_enum.o(i.usbd_vendor_request)
    .constdata                               0x08003b28   Section        7  cdc_acm_core.o(.constdata)
    .constdata                               0x08003b30   Section       16  usbd_lld_core.o(.constdata)
    ep_type                                  0x08003b30   Data          16  usbd_lld_core.o(.constdata)
    .data                                    0x20000000   Section        4  system_gd32f30x.o(.data)
    .data                                    0x20000004   Section       12  app_task.o(.data)
    test_frame                               0x20000004   Data           8  app_task.o(.data)
    tick                                     0x2000000c   Data           4  app_task.o(.data)
    .data                                    0x20000010   Section        1  bsp_usbd.o(.data)
    rx_armed                                 0x20000010   Data           1  bsp_usbd.o(.data)
    .data                                    0x20000011   Section        2  protocal.o(.data)
    parse_state                              0x20000011   Data           1  protocal.o(.data)
    rx_idx                                   0x20000012   Data           1  protocal.o(.data)
    .data                                    0x20000014   Section      544  cdc_acm_core.o(.data)
    usbd_language_id_desc                    0x20000069   Data           4  cdc_acm_core.o(.data)
    manufacturer_string                      0x2000006d   Data         130  cdc_acm_core.o(.data)
    product_string                           0x200000ef   Data         130  cdc_acm_core.o(.data)
    serial_string                            0x20000171   Data         130  cdc_acm_core.o(.data)
    .data                                    0x20000234   Section        4  usbd_core.o(.data)
    .data                                    0x20000238   Section       67  usbd_enum.o(.data)
    _std_dev_req                             0x20000238   Data          52  usbd_enum.o(.data)
    std_desc_get                             0x2000026c   Data          12  usbd_enum.o(.data)
    status                                   0x20000278   Data           2  usbd_enum.o(.data)
    config                                   0x2000027a   Data           1  usbd_enum.o(.data)
    .data                                    0x2000027c   Section       76  usbd_lld_core.o(.data)
    .data                                    0x200002c8   Section        4  systick_1.o(.data)
    delay                                    0x200002c8   Data           4  systick_1.o(.data)
    .data                                    0x200002cc   Section        4  stdout.o(.data)
    .bss                                     0x200002d0   Section      224  bsp_usbd.o(.bss)
    cdc_acm                                  0x200002d0   Data         224  bsp_usbd.o(.bss)
    .bss                                     0x200003b0   Section      552  protocal.o(.bss)
    usb_rx_ring                              0x200003b0   Data         516  protocal.o(.bss)
    rx_pkt                                   0x200005b4   Data          18  protocal.o(.bss)
    tx_pkt                                   0x200005c6   Data          18  protocal.o(.bss)
    .bss                                     0x200005d8   Section       80  cdc_acm_core.o(.bss)
    cdc_handler                              0x200005d8   Data          80  cdc_acm_core.o(.bss)
    STACK                                    0x20000628   Section     1024  startup_gd32f30x_hd.o(STACK)
    .ARM.__AT_0x40006000                     0x40006000   Section       64  usbd_lld_core.o(.ARM.__AT_0x40006000)

    Global Symbols

    Symbol Name                              Value     Ov Type        Size  Object(Section)

    BuildAttributes$$THM_ISAv4$E$P$D$K$B$S$7EM$VFPi3$EXTD16$VFPS$VFMA$PE$A:L22UL41UL21$X:L11$S22US41US21$IEEE1$IW$USESV6$~STKCKD$USESV7$~SHL$OSPACE$ROPI$EBA8$MICROLIB$REQ8$PRES8$EABIv2 0x00000000   Number         0  anon$$obj.o ABSOLUTE
    __ARM_use_no_argv                        0x00000000   Number         0  main_1.o ABSOLUTE
    _printf_a                                0x00000000   Number         0  stubs.o ABSOLUTE
    _printf_c                                0x00000000   Number         0  stubs.o ABSOLUTE
    _printf_charcount                        0x00000000   Number         0  stubs.o ABSOLUTE
    _printf_d                                0x00000000   Number         0  stubs.o ABSOLUTE
    _printf_e                                0x00000000   Number         0  stubs.o ABSOLUTE
    _printf_f                                0x00000000   Number         0  stubs.o ABSOLUTE
    _printf_flags                            0x00000000   Number         0  stubs.o ABSOLUTE
    _printf_fp_dec                           0x00000000   Number         0  stubs.o ABSOLUTE
    _printf_fp_hex                           0x00000000   Number         0  stubs.o ABSOLUTE
    _printf_g                                0x00000000   Number         0  stubs.o ABSOLUTE
    _printf_i                                0x00000000   Number         0  stubs.o ABSOLUTE
    _printf_int_dec                          0x00000000   Number         0  stubs.o ABSOLUTE
    _printf_l                                0x00000000   Number         0  stubs.o ABSOLUTE
    _printf_lc                               0x00000000   Number         0  stubs.o ABSOLUTE
    _printf_ll                               0x00000000   Number         0  stubs.o ABSOLUTE
    _printf_lld                              0x00000000   Number         0  stubs.o ABSOLUTE
    _printf_lli                              0x00000000   Number         0  stubs.o ABSOLUTE
    _printf_llo                              0x00000000   Number         0  stubs.o ABSOLUTE
    _printf_llu                              0x00000000   Number         0  stubs.o ABSOLUTE
    _printf_llx                              0x00000000   Number         0  stubs.o ABSOLUTE
    _printf_longlong_dec                     0x00000000   Number         0  stubs.o ABSOLUTE
    _printf_longlong_hex                     0x00000000   Number         0  stubs.o ABSOLUTE
    _printf_longlong_oct                     0x00000000   Number         0  stubs.o ABSOLUTE
    _printf_ls                               0x00000000   Number         0  stubs.o ABSOLUTE
    _printf_mbtowc                           0x00000000   Number         0  stubs.o ABSOLUTE
    _printf_n                                0x00000000   Number         0  stubs.o ABSOLUTE
    _printf_o                                0x00000000   Number         0  stubs.o ABSOLUTE
    _printf_p                                0x00000000   Number         0  stubs.o ABSOLUTE
    _printf_percent                          0x00000000   Number         0  stubs.o ABSOLUTE
    _printf_pre_padding                      0x00000000   Number         0  stubs.o ABSOLUTE
    _printf_return_value                     0x00000000   Number         0  stubs.o ABSOLUTE
    _printf_s                                0x00000000   Number         0  stubs.o ABSOLUTE
    _printf_sizespec                         0x00000000   Number         0  stubs.o ABSOLUTE
    _printf_str                              0x00000000   Number         0  stubs.o ABSOLUTE
    _printf_truncate_signed                  0x00000000   Number         0  stubs.o ABSOLUTE
    _printf_truncate_unsigned                0x00000000   Number         0  stubs.o ABSOLUTE
    _printf_u                                0x00000000   Number         0  stubs.o ABSOLUTE
    _printf_wc                               0x00000000   Number         0  stubs.o ABSOLUTE
    _printf_wctomb                           0x00000000   Number         0  stubs.o ABSOLUTE
    _printf_widthprec                        0x00000000   Number         0  stubs.o ABSOLUTE
    _printf_x                                0x00000000   Number         0  stubs.o ABSOLUTE
    __arm_fini_                               - Undefined Weak Reference
    __cpp_initialize__aeabi_                  - Undefined Weak Reference
    __cxa_finalize                            - Undefined Weak Reference
    _clock_init                               - Undefined Weak Reference
    _microlib_exit                            - Undefined Weak Reference
    __Vectors_Size                           0x00000130   Number         0  startup_gd32f30x_hd.o ABSOLUTE
    __Vectors                                0x08000000   Data           4  startup_gd32f30x_hd.o(RESET)
    __Vectors_End                            0x08000130   Data           0  startup_gd32f30x_hd.o(RESET)
    __main                                   0x08000131   Thumb Code     0  entry.o(.ARM.Collect$$$$00000000)
    _main_stk                                0x08000131   Thumb Code     0  entry2.o(.ARM.Collect$$$$00000001)
    _main_scatterload                        0x08000135   Thumb Code     0  entry5.o(.ARM.Collect$$$$00000004)
    __main_after_scatterload                 0x08000139   Thumb Code     0  entry5.o(.ARM.Collect$$$$00000004)
    _main_clock                              0x08000139   Thumb Code     0  entry7b.o(.ARM.Collect$$$$00000008)
    _main_cpp_init                           0x08000139   Thumb Code     0  entry8b.o(.ARM.Collect$$$$0000000A)
    _main_init                               0x08000139   Thumb Code     0  entry9a.o(.ARM.Collect$$$$0000000B)
    __rt_lib_shutdown_fini                   0x08000141   Thumb Code     0  entry12b.o(.ARM.Collect$$$$0000000E)
    __rt_final_cpp                           0x08000145   Thumb Code     0  entry10a.o(.ARM.Collect$$$$0000000F)
    __rt_final_exit                          0x08000145   Thumb Code     0  entry11a.o(.ARM.Collect$$$$00000011)
    Reset_Handler                            0x08000149   Thumb Code     8  startup_gd32f30x_hd.o(.text)
    ADC0_1_IRQHandler                        0x08000163   Thumb Code     0  startup_gd32f30x_hd.o(.text)
    ADC2_IRQHandler                          0x08000163   Thumb Code     0  startup_gd32f30x_hd.o(.text)
    CAN0_EWMC_IRQHandler                     0x08000163   Thumb Code     0  startup_gd32f30x_hd.o(.text)
    CAN0_RX1_IRQHandler                      0x08000163   Thumb Code     0  startup_gd32f30x_hd.o(.text)
    DMA0_Channel0_IRQHandler                 0x08000163   Thumb Code     0  startup_gd32f30x_hd.o(.text)
    DMA0_Channel1_IRQHandler                 0x08000163   Thumb Code     0  startup_gd32f30x_hd.o(.text)
    DMA0_Channel2_IRQHandler                 0x08000163   Thumb Code     0  startup_gd32f30x_hd.o(.text)
    DMA0_Channel3_IRQHandler                 0x08000163   Thumb Code     0  startup_gd32f30x_hd.o(.text)
    DMA0_Channel4_IRQHandler                 0x08000163   Thumb Code     0  startup_gd32f30x_hd.o(.text)
    DMA0_Channel5_IRQHandler                 0x08000163   Thumb Code     0  startup_gd32f30x_hd.o(.text)
    DMA0_Channel6_IRQHandler                 0x08000163   Thumb Code     0  startup_gd32f30x_hd.o(.text)
    DMA1_Channel0_IRQHandler                 0x08000163   Thumb Code     0  startup_gd32f30x_hd.o(.text)
    DMA1_Channel1_IRQHandler                 0x08000163   Thumb Code     0  startup_gd32f30x_hd.o(.text)
    DMA1_Channel2_IRQHandler                 0x08000163   Thumb Code     0  startup_gd32f30x_hd.o(.text)
    DMA1_Channel3_4_IRQHandler               0x08000163   Thumb Code     0  startup_gd32f30x_hd.o(.text)
    EXMC_IRQHandler                          0x08000163   Thumb Code     0  startup_gd32f30x_hd.o(.text)
    EXTI0_IRQHandler                         0x08000163   Thumb Code     0  startup_gd32f30x_hd.o(.text)
    EXTI10_15_IRQHandler                     0x08000163   Thumb Code     0  startup_gd32f30x_hd.o(.text)
    EXTI1_IRQHandler                         0x08000163   Thumb Code     0  startup_gd32f30x_hd.o(.text)
    EXTI2_IRQHandler                         0x08000163   Thumb Code     0  startup_gd32f30x_hd.o(.text)
    EXTI3_IRQHandler                         0x08000163   Thumb Code     0  startup_gd32f30x_hd.o(.text)
    EXTI4_IRQHandler                         0x08000163   Thumb Code     0  startup_gd32f30x_hd.o(.text)
    EXTI5_9_IRQHandler                       0x08000163   Thumb Code     0  startup_gd32f30x_hd.o(.text)
    FMC_IRQHandler                           0x08000163   Thumb Code     0  startup_gd32f30x_hd.o(.text)
    I2C0_ER_IRQHandler                       0x08000163   Thumb Code     0  startup_gd32f30x_hd.o(.text)
    I2C0_EV_IRQHandler                       0x08000163   Thumb Code     0  startup_gd32f30x_hd.o(.text)
    I2C1_ER_IRQHandler                       0x08000163   Thumb Code     0  startup_gd32f30x_hd.o(.text)
    I2C1_EV_IRQHandler                       0x08000163   Thumb Code     0  startup_gd32f30x_hd.o(.text)
    LVD_IRQHandler                           0x08000163   Thumb Code     0  startup_gd32f30x_hd.o(.text)
    RCU_CTC_IRQHandler                       0x08000163   Thumb Code     0  startup_gd32f30x_hd.o(.text)
    RTC_Alarm_IRQHandler                     0x08000163   Thumb Code     0  startup_gd32f30x_hd.o(.text)
    RTC_IRQHandler                           0x08000163   Thumb Code     0  startup_gd32f30x_hd.o(.text)
    SDIO_IRQHandler                          0x08000163   Thumb Code     0  startup_gd32f30x_hd.o(.text)
    SPI0_IRQHandler                          0x08000163   Thumb Code     0  startup_gd32f30x_hd.o(.text)
    SPI1_IRQHandler                          0x08000163   Thumb Code     0  startup_gd32f30x_hd.o(.text)
    SPI2_IRQHandler                          0x08000163   Thumb Code     0  startup_gd32f30x_hd.o(.text)
    TAMPER_IRQHandler                        0x08000163   Thumb Code     0  startup_gd32f30x_hd.o(.text)
    TIMER0_BRK_IRQHandler                    0x08000163   Thumb Code     0  startup_gd32f30x_hd.o(.text)
    TIMER0_Channel_IRQHandler                0x08000163   Thumb Code     0  startup_gd32f30x_hd.o(.text)
    TIMER0_TRG_CMT_IRQHandler                0x08000163   Thumb Code     0  startup_gd32f30x_hd.o(.text)
    TIMER0_UP_IRQHandler                     0x08000163   Thumb Code     0  startup_gd32f30x_hd.o(.text)
    TIMER1_IRQHandler                        0x08000163   Thumb Code     0  startup_gd32f30x_hd.o(.text)
    TIMER2_IRQHandler                        0x08000163   Thumb Code     0  startup_gd32f30x_hd.o(.text)
    TIMER3_IRQHandler                        0x08000163   Thumb Code     0  startup_gd32f30x_hd.o(.text)
    TIMER4_IRQHandler                        0x08000163   Thumb Code     0  startup_gd32f30x_hd.o(.text)
    TIMER5_IRQHandler                        0x08000163   Thumb Code     0  startup_gd32f30x_hd.o(.text)
    TIMER6_IRQHandler                        0x08000163   Thumb Code     0  startup_gd32f30x_hd.o(.text)
    TIMER7_BRK_IRQHandler                    0x08000163   Thumb Code     0  startup_gd32f30x_hd.o(.text)
    TIMER7_Channel_IRQHandler                0x08000163   Thumb Code     0  startup_gd32f30x_hd.o(.text)
    TIMER7_TRG_CMT_IRQHandler                0x08000163   Thumb Code     0  startup_gd32f30x_hd.o(.text)
    TIMER7_UP_IRQHandler                     0x08000163   Thumb Code     0  startup_gd32f30x_hd.o(.text)
    UART3_IRQHandler                         0x08000163   Thumb Code     0  startup_gd32f30x_hd.o(.text)
    UART4_IRQHandler                         0x08000163   Thumb Code     0  startup_gd32f30x_hd.o(.text)
    USART0_IRQHandler                        0x08000163   Thumb Code     0  startup_gd32f30x_hd.o(.text)
    USART1_IRQHandler                        0x08000163   Thumb Code     0  startup_gd32f30x_hd.o(.text)
    USART2_IRQHandler                        0x08000163   Thumb Code     0  startup_gd32f30x_hd.o(.text)
    USBD_HP_CAN0_TX_IRQHandler               0x08000163   Thumb Code     0  startup_gd32f30x_hd.o(.text)
    USBD_WKUP_IRQHandler                     0x08000163   Thumb Code     0  startup_gd32f30x_hd.o(.text)
    WWDGT_IRQHandler                         0x08000163   Thumb Code     0  startup_gd32f30x_hd.o(.text)
    __aeabi_memcpy                           0x0800016d   Thumb Code    36  memcpya.o(.text)
    __aeabi_memcpy4                          0x0800016d   Thumb Code     0  memcpya.o(.text)
    __aeabi_memcpy8                          0x0800016d   Thumb Code     0  memcpya.o(.text)
    __aeabi_uldivmod                         0x08000191   Thumb Code    98  uldiv.o(.text)
    __scatterload                            0x080001f5   Thumb Code    28  init.o(.text)
    __scatterload_rt2                        0x080001f5   Thumb Code     0  init.o(.text)
    __aeabi_llsl                             0x08000219   Thumb Code    30  llshl.o(.text)
    _ll_shift_l                              0x08000219   Thumb Code     0  llshl.o(.text)
    __aeabi_llsr                             0x08000237   Thumb Code    32  llushr.o(.text)
    _ll_ushift_r                             0x08000237   Thumb Code     0  llushr.o(.text)
    __decompress                             0x08000257   Thumb Code     0  __dczerorl2.o(.text)
    __decompress1                            0x08000257   Thumb Code    86  __dczerorl2.o(.text)
    BusFault_Handler                         0x080002ad   Thumb Code     4  gd32f30x_it_1.o(i.BusFault_Handler)
    DebugMon_Handler                         0x080002b1   Thumb Code     2  gd32f30x_it_1.o(i.DebugMon_Handler)
    HardFault_Handler                        0x080002b3   Thumb Code     4  gd32f30x_it_1.o(i.HardFault_Handler)
    MemManage_Handler                        0x080002b7   Thumb Code     4  gd32f30x_it_1.o(i.MemManage_Handler)
    NMI_Handler                              0x080002bb   Thumb Code     2  gd32f30x_it_1.o(i.NMI_Handler)
    PendSV_Handler                           0x080002e5   Thumb Code     2  gd32f30x_it_1.o(i.PendSV_Handler)
    SVC_Handler                              0x080002e7   Thumb Code     2  gd32f30x_it_1.o(i.SVC_Handler)
    SysTick_Handler                          0x080002e9   Thumb Code     8  gd32f30x_it_1.o(i.SysTick_Handler)
    SystemInit                               0x080002f1   Thumb Code   316  system_gd32f30x.o(i.SystemInit)
    USBD_LP_CAN0_RX0_IRQHandler              0x08000439   Thumb Code     8  gd32f30x_it_1.o(i.USBD_LP_CAN0_RX0_IRQHandler)
    UsageFault_Handler                       0x08000441   Thumb Code     4  gd32f30x_it_1.o(i.UsageFault_Handler)
    __0printf$8                              0x08000445   Thumb Code    22  printf8.o(i.__0printf$8)
    __1printf$8                              0x08000445   Thumb Code     0  printf8.o(i.__0printf$8)
    __2printf                                0x08000445   Thumb Code     0  printf8.o(i.__0printf$8)
    __scatterload_copy                       0x08000465   Thumb Code    14  handlers.o(i.__scatterload_copy)
    __scatterload_null                       0x08000473   Thumb Code     2  handlers.o(i.__scatterload_null)
    __scatterload_zeroinit                   0x08000475   Thumb Code    14  handlers.o(i.__scatterload_zeroinit)
    _usb_in0_transc                          0x0800095b   Thumb Code   114  usbd_transc.o(i._usb_in0_transc)
    _usb_out0_transc                         0x080009cd   Thumb Code    76  usbd_transc.o(i._usb_out0_transc)
    _usb_setup_transc                        0x08000a19   Thumb Code   186  usbd_transc.o(i._usb_setup_transc)
    app_init                                 0x08000fc9   Thumb Code    32  app_task.o(i.app_init)
    app_poll                                 0x08000fe9   Thumb Code    44  app_task.o(i.app_poll)
    bsp_can0_init                            0x08001039   Thumb Code   208  bsp_can.o(i.bsp_can0_init)
    bsp_gpio_init                            0x08001111   Thumb Code    64  bsp_gpio.o(i.bsp_gpio_init)
    bsp_print_clock_info                     0x08001155   Thumb Code    86  bsp_usart1.o(i.bsp_print_clock_info)
    bsp_usart1_init                          0x080012e5   Thumb Code   122  bsp_usart1.o(i.bsp_usart1_init)
    bsp_usbd_init                            0x08001369   Thumb Code    76  bsp_usbd.o(i.bsp_usbd_init)
    bsp_usbd_is_ready                        0x0800141d   Thumb Code    16  bsp_usbd.o(i.bsp_usbd_is_ready)
    bsp_usbd_poll                            0x08001431   Thumb Code    38  bsp_usbd.o(i.bsp_usbd_poll)
    bsp_usbd_recv                            0x08001461   Thumb Code    78  bsp_usbd.o(i.bsp_usbd_recv)
    bsp_usbd_send                            0x080014b9   Thumb Code    54  bsp_usbd.o(i.bsp_usbd_send)
    can0_print_msg                           0x080014f5   Thumb Code    48  bsp_can.o(i.can0_print_msg)
    can0_recv_msg                            0x08001555   Thumb Code    34  bsp_can.o(i.can0_recv_msg)
    can0_send_frame                          0x0800157d   Thumb Code    98  bsp_can.o(i.can0_send_frame)
    can0_send_msg                            0x080015e5   Thumb Code    22  bsp_can.o(i.can0_send_msg)
    can_deinit                               0x080015fd   Thumb Code    28  gd32f30x_can.o(i.can_deinit)
    can_filter_init                          0x0800161d   Thumb Code   262  gd32f30x_can.o(i.can_filter_init)
    can_init                                 0x0800172d   Thumb Code   290  gd32f30x_can.o(i.can_init)
    can_message_receive                      0x0800184f   Thumb Code   228  gd32f30x_can.o(i.can_message_receive)
    can_message_transmit                     0x08001935   Thumb Code   338  gd32f30x_can.o(i.can_message_transmit)
    can_receive_message_length_get           0x08001a8d   Thumb Code    26  gd32f30x_can.o(i.can_receive_message_length_get)
    can_struct_para_init                     0x08001aa7   Thumb Code   164  gd32f30x_can.o(i.can_struct_para_init)
    cdc_acm_data_receive                     0x08001bb9   Thumb Code    28  cdc_acm_core.o(i.cdc_acm_data_receive)
    delay_1ms                                0x08001d35   Thumb Code    16  systick_1.o(i.delay_1ms)
    delay_decrement                          0x08001d49   Thumb Code    18  systick_1.o(i.delay_decrement)
    fputc                                    0x08001d61   Thumb Code    32  bsp_usart1.o(i.fputc)
    gpio_bit_reset                           0x08001d85   Thumb Code     4  gd32f30x_gpio.o(i.gpio_bit_reset)
    gpio_bit_set                             0x08001d89   Thumb Code     4  gd32f30x_gpio.o(i.gpio_bit_set)
    gpio_bit_write                           0x08001d8d   Thumb Code    10  gd32f30x_gpio.o(i.gpio_bit_write)
    gpio_init                                0x08001d97   Thumb Code   188  gd32f30x_gpio.o(i.gpio_init)
    gpio_output_bit_get                      0x08001e53   Thumb Code    16  gd32f30x_gpio.o(i.gpio_output_bit_get)
    gpio_pin_remap_config                    0x08001e65   Thumb Code   138  gd32f30x_gpio.o(i.gpio_pin_remap_config)
    led1_toggle                              0x08001f35   Thumb Code    28  bsp_gpio.o(i.led1_toggle)
    led2_toggle                              0x08001f55   Thumb Code    28  bsp_gpio.o(i.led2_toggle)
    main                                     0x08001f75   Thumb Code    22  main_1.o(i.main)
    nvic_irq_enable                          0x08001f8d   Thumb Code   254  gd32f30x_misc.o(i.nvic_irq_enable)
    nvic_priority_group_set                  0x08002095   Thumb Code    10  gd32f30x_misc.o(i.nvic_priority_group_set)
    protocol_can_to_usb_send                 0x080020a9   Thumb Code   158  protocal.o(i.protocol_can_to_usb_send)
    protocol_init                            0x0800214d   Thumb Code    14  protocal.o(i.protocol_init)
    protocol_usb_feed                        0x08002161   Thumb Code    66  protocal.o(i.protocol_usb_feed)
    protocol_usb_to_can_process              0x080021a9   Thumb Code   286  protocal.o(i.protocol_usb_to_can_process)
    rcu_clock_freq_get                       0x080022d5   Thumb Code   310  gd32f30x_rcu.o(i.rcu_clock_freq_get)
    rcu_periph_clock_enable                  0x0800242d   Thumb Code    28  gd32f30x_rcu.o(i.rcu_periph_clock_enable)
    rcu_periph_reset_disable                 0x0800244d   Thumb Code    28  gd32f30x_rcu.o(i.rcu_periph_reset_disable)
    rcu_periph_reset_enable                  0x0800246d   Thumb Code    28  gd32f30x_rcu.o(i.rcu_periph_reset_enable)
    rcu_usb_clock_config                     0x0800248d   Thumb Code    18  gd32f30x_rcu.o(i.rcu_usb_clock_config)
    serial_string_get                        0x080024e1   Thumb Code    70  usbd_enum.o(i.serial_string_get)
    systick_config                           0x08002655   Thumb Code    74  systick_1.o(i.systick_config)
    usart_baudrate_set                       0x080026a5   Thumb Code   136  gd32f30x_usart.o(i.usart_baudrate_set)
    usart_data_transmit                      0x08002735   Thumb Code     8  gd32f30x_usart.o(i.usart_data_transmit)
    usart_deinit                             0x0800273d   Thumb Code   136  gd32f30x_usart.o(i.usart_deinit)
    usart_enable                             0x080027cd   Thumb Code    10  gd32f30x_usart.o(i.usart_enable)
    usart_flag_get                           0x080027d7   Thumb Code    32  gd32f30x_usart.o(i.usart_flag_get)
    usart_hardware_flow_cts_config           0x080027f7   Thumb Code    20  gd32f30x_usart.o(i.usart_hardware_flow_cts_config)
    usart_hardware_flow_rts_config           0x0800280b   Thumb Code    20  gd32f30x_usart.o(i.usart_hardware_flow_rts_config)
    usart_parity_config                      0x0800281f   Thumb Code    16  gd32f30x_usart.o(i.usart_parity_config)
    usart_receive_config                     0x0800282f   Thumb Code    20  gd32f30x_usart.o(i.usart_receive_config)
    usart_stop_bit_set                       0x08002843   Thumb Code    16  gd32f30x_usart.o(i.usart_stop_bit_set)
    usart_transmit_config                    0x08002853   Thumb Code    20  gd32f30x_usart.o(i.usart_transmit_config)
    usart_word_length_set                    0x08002867   Thumb Code    16  gd32f30x_usart.o(i.usart_word_length_set)
    usb_soft_connect                         0x08002891   Thumb Code    30  bsp_gpio.o(i.usb_soft_connect)
    usbd_class_request                       0x080028f5   Thumb Code    34  usbd_enum.o(i.usbd_class_request)
    usbd_ep_recev                            0x08002e4f   Thumb Code    52  usbd_core.o(i.usbd_ep_recev)
    usbd_ep_send                             0x08002f71   Thumb Code   228  usbd_core.o(i.usbd_ep_send)
    usbd_init                                0x08003785   Thumb Code   100  usbd_core.o(i.usbd_init)
    usbd_isr                                 0x08003821   Thumb Code   642  usbd_lld_int.o(i.usbd_isr)
    usbd_standard_request                    0x08003af1   Thumb Code    22  usbd_enum.o(i.usbd_standard_request)
    usbd_vendor_request                      0x08003b21   Thumb Code     6  usbd_enum.o(i.usbd_vendor_request)
    Region$$Table$$Base                      0x08003b40   Number         0  anon$$obj.o(Region$$Table)
    Region$$Table$$Limit                     0x08003b60   Number         0  anon$$obj.o(Region$$Table)
    SystemCoreClock                          0x20000000   Data           4  system_gd32f30x.o(.data)
    cdc_dev_desc                             0x20000014   Data          18  cdc_acm_core.o(.data)
    cdc_config_desc                          0x20000026   Data          67  cdc_acm_core.o(.data)
    usbd_cdc_strings                         0x200001f4   Data          16  cdc_acm_core.o(.data)
    cdc_desc                                 0x20000204   Data          16  cdc_acm_core.o(.data)
    cdc_class                                0x20000214   Data          32  cdc_acm_core.o(.data)
    usbd_int_fops                            0x20000234   Data           4  usbd_core.o(.data)
    usbd_core                                0x2000027c   Data           8  usbd_lld_core.o(.data)
    usbd_drv_handler                         0x20000284   Data          68  usbd_lld_core.o(.data)
    __stdout                                 0x200002cc   Data           4  stdout.o(.data)
    __initial_sp                             0x20000a28   Data           0  startup_gd32f30x_hd.o(STACK)
    btable_ep                                0x40006000   Data          64  usbd_lld_core.o(.ARM.__AT_0x40006000)



==============================================================================

Memory Map of the image

  Image Entry point : 0x08000131

  Load Region LR_IROM1 (Base: 0x08000000, Size: 0x00003e30, Max: 0x00020000, ABSOLUTE, COMPRESSED[0x00003c90])

    Execution Region ER_IROM1 (Exec base: 0x08000000, Load base: 0x08000000, Size: 0x00003b60, Max: 0x00020000, ABSOLUTE)

    Exec Addr    Load Addr    Size         Type   Attr      Idx    E Section Name        Object

    0x08000000   0x08000000   0x00000130   Data   RO         4088    RESET               startup_gd32f30x_hd.o
    0x08000130   0x08000130   0x00000000   Code   RO         5063  * .ARM.Collect$$$$00000000  mc_w.l(entry.o)
    0x08000130   0x08000130   0x00000004   Code   RO         5331    .ARM.Collect$$$$00000001  mc_w.l(entry2.o)
    0x08000134   0x08000134   0x00000004   Code   RO         5334    .ARM.Collect$$$$00000004  mc_w.l(entry5.o)
    0x08000138   0x08000138   0x00000000   Code   RO         5336    .ARM.Collect$$$$00000008  mc_w.l(entry7b.o)
    0x08000138   0x08000138   0x00000000   Code   RO         5338    .ARM.Collect$$$$0000000A  mc_w.l(entry8b.o)
    0x08000138   0x08000138   0x00000008   Code   RO         5339    .ARM.Collect$$$$0000000B  mc_w.l(entry9a.o)
    0x08000140   0x08000140   0x00000004   Code   RO         5346    .ARM.Collect$$$$0000000E  mc_w.l(entry12b.o)
    0x08000144   0x08000144   0x00000000   Code   RO         5341    .ARM.Collect$$$$0000000F  mc_w.l(entry10a.o)
    0x08000144   0x08000144   0x00000000   Code   RO         5343    .ARM.Collect$$$$00000011  mc_w.l(entry11a.o)
    0x08000144   0x08000144   0x00000004   Code   RO         5332    .ARM.Collect$$$$00002712  mc_w.l(entry2.o)
    0x08000148   0x08000148   0x00000024   Code   RO         4089    .text               startup_gd32f30x_hd.o
    0x0800016c   0x0800016c   0x00000024   Code   RO         5066    .text               mc_w.l(memcpya.o)
    0x08000190   0x08000190   0x00000062   Code   RO         5350    .text               mc_w.l(uldiv.o)
    0x080001f2   0x080001f2   0x00000002   PAD
    0x080001f4   0x080001f4   0x00000024   Code   RO         5363    .text               mc_w.l(init.o)
    0x08000218   0x08000218   0x0000001e   Code   RO         5365    .text               mc_w.l(llshl.o)
    0x08000236   0x08000236   0x00000020   Code   RO         5367    .text               mc_w.l(llushr.o)
    0x08000256   0x08000256   0x00000056   Code   RO         5381    .text               mc_w.l(__dczerorl2.o)
    0x080002ac   0x080002ac   0x00000004   Code   RO         4918    i.BusFault_Handler  gd32f30x_it_1.o
    0x080002b0   0x080002b0   0x00000002   Code   RO         4919    i.DebugMon_Handler  gd32f30x_it_1.o
    0x080002b2   0x080002b2   0x00000004   Code   RO         4920    i.HardFault_Handler  gd32f30x_it_1.o
    0x080002b6   0x080002b6   0x00000004   Code   RO         4921    i.MemManage_Handler  gd32f30x_it_1.o
    0x080002ba   0x080002ba   0x00000002   Code   RO         4922    i.NMI_Handler       gd32f30x_it_1.o
    0x080002bc   0x080002bc   0x00000028   Code   RO         5022    i.NVIC_SetPriority  systick_1.o
    0x080002e4   0x080002e4   0x00000002   Code   RO         4923    i.PendSV_Handler    gd32f30x_it_1.o
    0x080002e6   0x080002e6   0x00000002   Code   RO         4924    i.SVC_Handler       gd32f30x_it_1.o
    0x080002e8   0x080002e8   0x00000008   Code   RO         4925    i.SysTick_Handler   gd32f30x_it_1.o
    0x080002f0   0x080002f0   0x00000148   Code   RO            4    i.SystemInit        system_gd32f30x.o
    0x08000438   0x08000438   0x00000008   Code   RO         4926    i.USBD_LP_CAN0_RX0_IRQHandler  gd32f30x_it_1.o
    0x08000440   0x08000440   0x00000004   Code   RO         4927    i.UsageFault_Handler  gd32f30x_it_1.o
    0x08000444   0x08000444   0x00000020   Code   RO         5277    i.__0printf$8       mc_w.l(printf8.o)
    0x08000464   0x08000464   0x0000000e   Code   RO         5375    i.__scatterload_copy  mc_w.l(handlers.o)
    0x08000472   0x08000472   0x00000002   Code   RO         5376    i.__scatterload_null  mc_w.l(handlers.o)
    0x08000474   0x08000474   0x0000000e   Code   RO         5377    i.__scatterload_zeroinit  mc_w.l(handlers.o)
    0x08000482   0x08000482   0x00000002   PAD
    0x08000484   0x08000484   0x00000404   Code   RO         5284    i._printf_core      mc_w.l(printf8.o)
    0x08000888   0x08000888   0x00000024   Code   RO         5285    i._printf_post_padding  mc_w.l(printf8.o)
    0x080008ac   0x080008ac   0x0000002e   Code   RO         5286    i._printf_pre_padding  mc_w.l(printf8.o)
    0x080008da   0x080008da   0x0000001c   Code   RO            5    i._soft_delay_      system_gd32f30x.o
    0x080008f6   0x080008f6   0x00000030   Code   RO         4541    i._usb_bos_desc_get  usbd_enum.o
    0x08000926   0x08000926   0x00000020   Code   RO         4542    i._usb_config_desc_get  usbd_enum.o
    0x08000946   0x08000946   0x00000014   Code   RO         4543    i._usb_dev_desc_get  usbd_enum.o
    0x0800095a   0x0800095a   0x00000072   Code   RO         4869    i._usb_in0_transc   usbd_transc.o
    0x080009cc   0x080009cc   0x0000004c   Code   RO         4870    i._usb_out0_transc  usbd_transc.o
    0x08000a18   0x08000a18   0x000000ba   Code   RO         4871    i._usb_setup_transc  usbd_transc.o
    0x08000ad2   0x08000ad2   0x0000008e   Code   RO         4544    i._usb_std_clearfeature  usbd_enum.o
    0x08000b60   0x08000b60   0x0000003c   Code   RO         4545    i._usb_std_getconfiguration  usbd_enum.o
    0x08000b9c   0x08000b9c   0x00000110   Code   RO         4546    i._usb_std_getdescriptor  usbd_enum.o
    0x08000cac   0x08000cac   0x0000003e   Code   RO         4547    i._usb_std_getinterface  usbd_enum.o
    0x08000cea   0x08000cea   0x00000002   PAD
    0x08000cec   0x08000cec   0x000000b8   Code   RO         4548    i._usb_std_getstatus  usbd_enum.o
    0x08000da4   0x08000da4   0x00000006   Code   RO         4549    i._usb_std_reserved  usbd_enum.o
    0x08000daa   0x08000daa   0x0000002e   Code   RO         4550    i._usb_std_setaddress  usbd_enum.o
    0x08000dd8   0x08000dd8   0x000000a4   Code   RO         4551    i._usb_std_setconfiguration  usbd_enum.o
    0x08000e7c   0x08000e7c   0x00000006   Code   RO         4552    i._usb_std_setdescriptor  usbd_enum.o
    0x08000e82   0x08000e82   0x0000008e   Code   RO         4553    i._usb_std_setfeature  usbd_enum.o
    0x08000f10   0x08000f10   0x00000040   Code   RO         4554    i._usb_std_setinterface  usbd_enum.o
    0x08000f50   0x08000f50   0x00000006   Code   RO         4555    i._usb_std_synchframe  usbd_enum.o
    0x08000f56   0x08000f56   0x00000014   Code   RO         4556    i._usb_str_desc_get  usbd_enum.o
    0x08000f6a   0x08000f6a   0x00000024   Code   RO         4095    i.app_can_to_usb_task  app_task.o
    0x08000f8e   0x08000f8e   0x00000002   PAD
    0x08000f90   0x08000f90   0x00000038   Code   RO         4096    i.app_heartbeat_task  app_task.o
    0x08000fc8   0x08000fc8   0x00000020   Code   RO         4097    i.app_init          app_task.o
    0x08000fe8   0x08000fe8   0x00000030   Code   RO         4098    i.app_poll          app_task.o
    0x08001018   0x08001018   0x00000020   Code   RO         4099    i.app_usb_to_can_task  app_task.o
    0x08001038   0x08001038   0x000000d8   Code   RO         4160    i.bsp_can0_init     bsp_can.o
    0x08001110   0x08001110   0x00000044   Code   RO         4204    i.bsp_gpio_init     bsp_gpio.o
    0x08001154   0x08001154   0x00000190   Code   RO         4242    i.bsp_print_clock_info  bsp_usart1.o
    0x080012e4   0x080012e4   0x00000084   Code   RO         4243    i.bsp_usart1_init   bsp_usart1.o
    0x08001368   0x08001368   0x000000b4   Code   RO         4277    i.bsp_usbd_init     bsp_usbd.o
    0x0800141c   0x0800141c   0x00000014   Code   RO         4278    i.bsp_usbd_is_ready  bsp_usbd.o
    0x08001430   0x08001430   0x00000030   Code   RO         4279    i.bsp_usbd_poll     bsp_usbd.o
    0x08001460   0x08001460   0x00000058   Code   RO         4280    i.bsp_usbd_recv     bsp_usbd.o
    0x080014b8   0x080014b8   0x0000003c   Code   RO         4281    i.bsp_usbd_send     bsp_usbd.o
    0x080014f4   0x080014f4   0x00000060   Code   RO         4161    i.can0_print_msg    bsp_can.o
    0x08001554   0x08001554   0x00000028   Code   RO         4162    i.can0_recv_msg     bsp_can.o
    0x0800157c   0x0800157c   0x00000068   Code   RO         4163    i.can0_send_frame   bsp_can.o
    0x080015e4   0x080015e4   0x00000016   Code   RO         4164    i.can0_send_msg     bsp_can.o
    0x080015fa   0x080015fa   0x00000002   PAD
    0x080015fc   0x080015fc   0x00000020   Code   RO          524    i.can_deinit        gd32f30x_can.o
    0x0800161c   0x0800161c   0x00000110   Code   RO          527    i.can_filter_init   gd32f30x_can.o
    0x0800172c   0x0800172c   0x00000122   Code   RO          530    i.can_init          gd32f30x_can.o
    0x0800184e   0x0800184e   0x000000e4   Code   RO          535    i.can_message_receive  gd32f30x_can.o
    0x08001932   0x08001932   0x00000002   PAD
    0x08001934   0x08001934   0x00000158   Code   RO          536    i.can_message_transmit  gd32f30x_can.o
    0x08001a8c   0x08001a8c   0x0000001a   Code   RO          538    i.can_receive_message_length_get  gd32f30x_can.o
    0x08001aa6   0x08001aa6   0x000000a4   Code   RO          539    i.can_struct_para_init  gd32f30x_can.o
    0x08001b4a   0x08001b4a   0x00000022   Code   RO         4397    i.cdc_acm_ctlx_out  cdc_acm_core.o
    0x08001b6c   0x08001b6c   0x00000036   Code   RO         4398    i.cdc_acm_data_in   cdc_acm_core.o
    0x08001ba2   0x08001ba2   0x00000016   Code   RO         4399    i.cdc_acm_data_out  cdc_acm_core.o
    0x08001bb8   0x08001bb8   0x0000001c   Code   RO         4400    i.cdc_acm_data_receive  cdc_acm_core.o
    0x08001bd4   0x08001bd4   0x00000022   Code   RO         4402    i.cdc_acm_deinit    cdc_acm_core.o
    0x08001bf6   0x08001bf6   0x00000002   PAD
    0x08001bf8   0x08001bf8   0x00000088   Code   RO         4403    i.cdc_acm_init      cdc_acm_core.o
    0x08001c80   0x08001c80   0x000000b4   Code   RO         4404    i.cdc_acm_req_handler  cdc_acm_core.o
    0x08001d34   0x08001d34   0x00000014   Code   RO         5023    i.delay_1ms         systick_1.o
    0x08001d48   0x08001d48   0x00000018   Code   RO         5024    i.delay_decrement   systick_1.o
    0x08001d60   0x08001d60   0x00000024   Code   RO         4244    i.fputc             bsp_usart1.o
    0x08001d84   0x08001d84   0x00000004   Code   RO         1824    i.gpio_bit_reset    gd32f30x_gpio.o
    0x08001d88   0x08001d88   0x00000004   Code   RO         1825    i.gpio_bit_set      gd32f30x_gpio.o
    0x08001d8c   0x08001d8c   0x0000000a   Code   RO         1826    i.gpio_bit_write    gd32f30x_gpio.o
    0x08001d96   0x08001d96   0x000000bc   Code   RO         1834    i.gpio_init         gd32f30x_gpio.o
    0x08001e52   0x08001e52   0x00000010   Code   RO         1837    i.gpio_output_bit_get  gd32f30x_gpio.o
    0x08001e62   0x08001e62   0x00000002   PAD
    0x08001e64   0x08001e64   0x00000090   Code   RO         1840    i.gpio_pin_remap_config  gd32f30x_gpio.o
    0x08001ef4   0x08001ef4   0x0000003e   Code   RO         4557    i.int_to_unicode    usbd_enum.o
    0x08001f32   0x08001f32   0x00000002   PAD
    0x08001f34   0x08001f34   0x00000020   Code   RO         4205    i.led1_toggle       bsp_gpio.o
    0x08001f54   0x08001f54   0x00000020   Code   RO         4206    i.led2_toggle       bsp_gpio.o
    0x08001f74   0x08001f74   0x00000016   Code   RO         5002    i.main              main_1.o
    0x08001f8a   0x08001f8a   0x00000002   PAD
    0x08001f8c   0x08001f8c   0x00000108   Code   RO         2158    i.nvic_irq_enable   gd32f30x_misc.o
    0x08002094   0x08002094   0x00000014   Code   RO         2159    i.nvic_priority_group_set  gd32f30x_misc.o
    0x080020a8   0x080020a8   0x000000a4   Code   RO         4347    i.protocol_can_to_usb_send  protocal.o
    0x0800214c   0x0800214c   0x00000014   Code   RO         4348    i.protocol_init     protocal.o
    0x08002160   0x08002160   0x00000048   Code   RO         4349    i.protocol_usb_feed  protocal.o
    0x080021a8   0x080021a8   0x0000012c   Code   RO         4350    i.protocol_usb_to_can_process  protocal.o
    0x080022d4   0x080022d4   0x00000158   Code   RO         2397    i.rcu_clock_freq_get  gd32f30x_rcu.o
    0x0800242c   0x0800242c   0x00000020   Code   RO         2415    i.rcu_periph_clock_enable  gd32f30x_rcu.o
    0x0800244c   0x0800244c   0x00000020   Code   RO         2418    i.rcu_periph_reset_disable  gd32f30x_rcu.o
    0x0800246c   0x0800246c   0x00000020   Code   RO         2419    i.rcu_periph_reset_enable  gd32f30x_rcu.o
    0x0800248c   0x0800248c   0x00000018   Code   RO         2426    i.rcu_usb_clock_config  gd32f30x_rcu.o
    0x080024a4   0x080024a4   0x0000003c   Code   RO         4351    i.ring_buffer_read  protocal.o
    0x080024e0   0x080024e0   0x00000050   Code   RO         4558    i.serial_string_get  usbd_enum.o
    0x08002530   0x08002530   0x0000011c   Code   RO            7    i.system_clock_120m_hxtal  system_gd32f30x.o
    0x0800264c   0x0800264c   0x00000008   Code   RO            8    i.system_clock_config  system_gd32f30x.o
    0x08002654   0x08002654   0x00000050   Code   RO         5025    i.systick_config    systick_1.o
    0x080026a4   0x080026a4   0x00000090   Code   RO         3719    i.usart_baudrate_set  gd32f30x_usart.o
    0x08002734   0x08002734   0x00000008   Code   RO         3723    i.usart_data_transmit  gd32f30x_usart.o
    0x0800273c   0x0800273c   0x00000090   Code   RO         3724    i.usart_deinit      gd32f30x_usart.o
    0x080027cc   0x080027cc   0x0000000a   Code   RO         3728    i.usart_enable      gd32f30x_usart.o
    0x080027d6   0x080027d6   0x00000020   Code   RO         3730    i.usart_flag_get    gd32f30x_usart.o
    0x080027f6   0x080027f6   0x00000014   Code   RO         3734    i.usart_hardware_flow_cts_config  gd32f30x_usart.o
    0x0800280a   0x0800280a   0x00000014   Code   RO         3735    i.usart_hardware_flow_rts_config  gd32f30x_usart.o
    0x0800281e   0x0800281e   0x00000010   Code   RO         3750    i.usart_parity_config  gd32f30x_usart.o
    0x0800282e   0x0800282e   0x00000014   Code   RO         3752    i.usart_receive_config  gd32f30x_usart.o
    0x08002842   0x08002842   0x00000010   Code   RO         3762    i.usart_stop_bit_set  gd32f30x_usart.o
    0x08002852   0x08002852   0x00000014   Code   RO         3766    i.usart_transmit_config  gd32f30x_usart.o
    0x08002866   0x08002866   0x00000010   Code   RO         3767    i.usart_word_length_set  gd32f30x_usart.o
    0x08002876   0x08002876   0x00000018   Code   RO         4872    i.usb_ctl_status_in  usbd_transc.o
    0x0800288e   0x0800288e   0x00000002   PAD
    0x08002890   0x08002890   0x00000024   Code   RO         4207    i.usb_soft_connect  bsp_gpio.o
    0x080028b4   0x080028b4   0x00000016   Code   RO         4873    i.usb_stall_transc  usbd_transc.o
    0x080028ca   0x080028ca   0x00000008   Code   RO         4405    i.usb_transc_config  cdc_acm_core.o
    0x080028d2   0x080028d2   0x00000008   Code   RO         4488    i.usb_transc_config  usbd_core.o
    0x080028da   0x080028da   0x00000008   Code   RO         4559    i.usb_transc_config  usbd_enum.o
    0x080028e2   0x080028e2   0x00000002   PAD
    0x080028e4   0x080028e4   0x00000010   Code   RO         4683    i.usbd_address_set  usbd_lld_core.o
    0x080028f4   0x080028f4   0x00000022   Code   RO         4560    i.usbd_class_request  usbd_enum.o
    0x08002916   0x08002916   0x00000002   PAD
    0x08002918   0x08002918   0x00000028   Code   RO         4684    i.usbd_core_reset   usbd_lld_core.o
    0x08002940   0x08002940   0x00000018   Code   RO         4685    i.usbd_core_stop    usbd_lld_core.o
    0x08002958   0x08002958   0x00000024   Code   RO         4686    i.usbd_dp_pullup    usbd_lld_core.o
    0x0800297c   0x0800297c   0x000000a0   Code   RO         4687    i.usbd_ep_data_read  usbd_lld_core.o
    0x08002a1c   0x08002a1c   0x00000068   Code   RO         4688    i.usbd_ep_data_write  usbd_lld_core.o
    0x08002a84   0x08002a84   0x000002b4   Code   RO         4689    i.usbd_ep_dbl_data_write  usbd_lld_core.o
    0x08002d38   0x08002d38   0x00000014   Code   RO         4406    i.usbd_ep_deinit    cdc_acm_core.o
    0x08002d4c   0x08002d4c   0x000000e0   Code   RO         4690    i.usbd_ep_disable   usbd_lld_core.o
    0x08002e2c   0x08002e2c   0x00000022   Code   RO         4407    i.usbd_ep_init      cdc_acm_core.o
    0x08002e4e   0x08002e4e   0x00000034   Code   RO         4489    i.usbd_ep_recev     usbd_core.o
    0x08002e82   0x08002e82   0x00000002   PAD
    0x08002e84   0x08002e84   0x000000b4   Code   RO         4691    i.usbd_ep_reset     usbd_lld_core.o
    0x08002f38   0x08002f38   0x00000038   Code   RO         4692    i.usbd_ep_rx_enable  usbd_lld_core.o
    0x08002f70   0x08002f70   0x000000e8   Code   RO         4490    i.usbd_ep_send      usbd_core.o
    0x08003058   0x08003058   0x00000504   Code   RO         4693    i.usbd_ep_setup     usbd_lld_core.o
    0x0800355c   0x0800355c   0x0000011c   Code   RO         4694    i.usbd_ep_stall_clear  usbd_lld_core.o
    0x08003678   0x08003678   0x000000c0   Code   RO         4695    i.usbd_ep_stall_set  usbd_lld_core.o
    0x08003738   0x08003738   0x00000024   Code   RO         4696    i.usbd_ep_status    usbd_lld_core.o
    0x0800375c   0x0800375c   0x00000014   Code   RO         4561    i.usbd_ep_status_get  usbd_enum.o
    0x08003770   0x08003770   0x00000014   Code   RO         4697    i.usbd_ep_status_get  usbd_lld_core.o
    0x08003784   0x08003784   0x00000078   Code   RO         4491    i.usbd_init         usbd_core.o
    0x080037fc   0x080037fc   0x00000024   Code   RO         4806    i.usbd_int_suspend  usbd_lld_int.o
    0x08003820   0x08003820   0x00000294   Code   RO         4807    i.usbd_isr          usbd_lld_int.o
    0x08003ab4   0x08003ab4   0x0000001c   Code   RO         4698    i.usbd_leave_suspend  usbd_lld_core.o
    0x08003ad0   0x08003ad0   0x00000020   Code   RO         4699    i.usbd_resume       usbd_lld_core.o
    0x08003af0   0x08003af0   0x0000001c   Code   RO         4562    i.usbd_standard_request  usbd_enum.o
    0x08003b0c   0x08003b0c   0x00000014   Code   RO         4700    i.usbd_suspend      usbd_lld_core.o
    0x08003b20   0x08003b20   0x00000006   Code   RO         4563    i.usbd_vendor_request  usbd_enum.o
    0x08003b26   0x08003b26   0x00000002   PAD
    0x08003b28   0x08003b28   0x00000007   Data   RO         4409    .constdata          cdc_acm_core.o
    0x08003b2f   0x08003b2f   0x00000001   PAD
    0x08003b30   0x08003b30   0x00000010   Data   RO         4703    .constdata          usbd_lld_core.o
    0x08003b40   0x08003b40   0x00000020   Data   RO         5373    Region$$Table       anon$$obj.o


    Execution Region RW_IRAM1 (Exec base: 0x20000000, Load base: 0x08003b60, Size: 0x00000a28, Max: 0x00008000, ABSOLUTE, COMPRESSED[0x00000130])

    Exec Addr    Load Addr    Size         Type   Attr      Idx    E Section Name        Object

    0x20000000   COMPRESSED   0x00000004   Data   RW            9    .data               system_gd32f30x.o
    0x20000004   COMPRESSED   0x0000000c   Data   RW         4100    .data               app_task.o
    0x20000010   COMPRESSED   0x00000001   Data   RW         4283    .data               bsp_usbd.o
    0x20000011   COMPRESSED   0x00000002   Data   RW         4353    .data               protocal.o
    0x20000013   COMPRESSED   0x00000001   PAD
    0x20000014   COMPRESSED   0x00000220   Data   RW         4410    .data               cdc_acm_core.o
    0x20000234   COMPRESSED   0x00000004   Data   RW         4492    .data               usbd_core.o
    0x20000238   COMPRESSED   0x00000043   Data   RW         4564    .data               usbd_enum.o
    0x2000027b   COMPRESSED   0x00000001   PAD
    0x2000027c   COMPRESSED   0x0000004c   Data   RW         4704    .data               usbd_lld_core.o
    0x200002c8   COMPRESSED   0x00000004   Data   RW         5026    .data               systick_1.o
    0x200002cc   COMPRESSED   0x00000004   Data   RW         5347    .data               mc_w.l(stdout.o)
    0x200002d0        -       0x000000e0   Zero   RW         4282    .bss                bsp_usbd.o
    0x200003b0        -       0x00000228   Zero   RW         4352    .bss                protocal.o
    0x200005d8        -       0x00000050   Zero   RW         4408    .bss                cdc_acm_core.o
    0x20000628        -       0x00000400   Zero   RW         4086    STACK               startup_gd32f30x_hd.o



  Load Region LR$$.ARM.__AT_0x40006000 (Base: 0x40006000, Size: 0x00000000, Max: 0x00000040, ABSOLUTE)

    Execution Region ER$$.ARM.__AT_0x40006000 (Exec base: 0x40006000, Load base: 0x40006000, Size: 0x00000040, Max: 0x00000040, ABSOLUTE, UNINIT)

    Exec Addr    Load Addr    Size         Type   Attr      Idx    E Section Name        Object

    0x40006000        -       0x00000040   Zero   RW         4702    .ARM.__AT_0x40006000  usbd_lld_core.o


==============================================================================

Image component sizes


      Code (inc. data)   RO Data    RW Data    ZI Data      Debug   Object Name

       204         36          0         12          0       4250   app_task.o
       478         68          0          0          0       3487   bsp_can.o
       168         18          0          0          0       1883   bsp_gpio.o
       568        328          0          0          0       1629   bsp_usart1.o
       396        134          0          1        224      13025   bsp_usbd.o
       550         18          7        544         80      12510   cdc_acm_core.o
      1356         20          0          0          0       5151   gd32f30x_can.o
       366          6          0          0          0       3899   gd32f30x_gpio.o
        40          0          0          0          0       4408   gd32f30x_it_1.o
       284         20          0          0          0      28099   gd32f30x_misc.o
       464         52          0          0          0       3291   gd32f30x_rcu.o
       466         16          0          0          0       6898   gd32f30x_usart.o
        22          0          0          0          0        447   main_1.o
       616         38          0          2        552       3945   protocal.o
        36          8        304          0       1024        796   startup_gd32f30x_hd.o
       648         30          0          4          0      63891   system_gd32f30x.o
       164         24          0          4          0      28686   systick_1.o
       412         24          0          4          0       7195   usbd_core.o
      1512         46          0         67          0      19015   usbd_enum.o
      3428        130         16         76         64      17231   usbd_lld_core.o
       696         18          0          0          0       2551   usbd_lld_int.o
       422          0          0          0          0       7497   usbd_transc.o

    ----------------------------------------------------------------------
     13322       1034        360        716       1944     239784   Object Totals
         0          0         32          0          0          0   (incl. Generated)
        26          0          1          2          0          0   (incl. Padding)

    ----------------------------------------------------------------------

      Code (inc. data)   RO Data    RW Data    ZI Data      Debug   Library Member Name

        86          0          0          0          0          0   __dczerorl2.o
         0          0          0          0          0          0   entry.o
         0          0          0          0          0          0   entry10a.o
         0          0          0          0          0          0   entry11a.o
         4          0          0          0          0          0   entry12b.o
         8          4          0          0          0          0   entry2.o
         4          0          0          0          0          0   entry5.o
         0          0          0          0          0          0   entry7b.o
         0          0          0          0          0          0   entry8b.o
         8          4          0          0          0          0   entry9a.o
        30          0          0          0          0          0   handlers.o
        36          8          0          0          0         68   init.o
        30          0          0          0          0         68   llshl.o
        32          0          0          0          0         68   llushr.o
        36          0          0          0          0         68   memcpya.o
      1142         54          0          0          0        352   printf8.o
         0          0          0          4          0          0   stdout.o
        98          0          0          0          0         92   uldiv.o

    ----------------------------------------------------------------------
      1518         70          0          4          0        716   Library Totals
         4          0          0          0          0          0   (incl. Padding)

    ----------------------------------------------------------------------

      Code (inc. data)   RO Data    RW Data    ZI Data      Debug   Library Name

      1514         70          0          4          0        716   mc_w.l

    ----------------------------------------------------------------------
      1518         70          0          4          0        716   Library Totals

    ----------------------------------------------------------------------

==============================================================================


      Code (inc. data)   RO Data    RW Data    ZI Data      Debug   

     14840       1104        360        720       1944     227072   Grand Totals
     14840       1104        360        304       1944     227072   ELF Image Totals (compressed)
     14840       1104        360        304          0          0   ROM Totals

==============================================================================

    Total RO  Size (Code + RO Data)                15200 (  14.84kB)
    Total RW  Size (RW Data + ZI Data)              2664 (   2.60kB)
    Total ROM Size (Code + RO Data + RW Data)      15504 (  15.14kB)

==============================================================================

