<!doctype html public "-//w3c//dtd html 4.0 transitional//en">
<html><head>
<title>Static Call Graph - [.\object\cdc_acm.axf]</title></head>
<body><HR>
<H1>Static Call Graph for image .\object\cdc_acm.axf</H1><HR>
<BR><P>#&#060CALLGRAPH&#062# ARM Linker, 5060960: Last Updated: Sat Sep 26 16:22:01 2026
<BR><P>
<H3>Maximum Stack Usage =        224 bytes + Unknown(Cycles, Untraceable Function Pointers)</H3><H3>
Call chain for Maximum Stack Depth:</H3>
main &rArr; usbd_init &rArr; usb_basic_init
<P>
<H3>
Mutually Recursive functions
</H3> <LI><a href="#[31]">ADC0_1_IRQHandler</a>&nbsp;&nbsp;&nbsp;&rArr;&nbsp;&nbsp;&nbsp;<a href="#[31]">ADC0_1_IRQHandler</a><BR>
</UL>
<P>
<H3>
Function Pointers
</H3><UL>
 <LI><a href="#[31]">ADC0_1_IRQHandler</a> from startup_gd32f30x_cl.o(.text) referenced from startup_gd32f30x_cl.o(RESET)
 <LI><a href="#[19]">BusFault_Handler</a> from gd32f30x_it.o(i.BusFault_Handler) referenced from startup_gd32f30x_cl.o(RESET)
 <LI><a href="#[35]">CAN0_EWMC_IRQHandler</a> from startup_gd32f30x_cl.o(.text) referenced from startup_gd32f30x_cl.o(RESET)
 <LI><a href="#[33]">CAN0_RX0_IRQHandler</a> from startup_gd32f30x_cl.o(.text) referenced from startup_gd32f30x_cl.o(RESET)
 <LI><a href="#[34]">CAN0_RX1_IRQHandler</a> from startup_gd32f30x_cl.o(.text) referenced from startup_gd32f30x_cl.o(RESET)
 <LI><a href="#[32]">CAN0_TX_IRQHandler</a> from startup_gd32f30x_cl.o(.text) referenced from startup_gd32f30x_cl.o(RESET)
 <LI><a href="#[5f]">CAN1_EWMC_IRQHandler</a> from startup_gd32f30x_cl.o(.text) referenced from startup_gd32f30x_cl.o(RESET)
 <LI><a href="#[5d]">CAN1_RX0_IRQHandler</a> from startup_gd32f30x_cl.o(.text) referenced from startup_gd32f30x_cl.o(RESET)
 <LI><a href="#[5e]">CAN1_RX1_IRQHandler</a> from startup_gd32f30x_cl.o(.text) referenced from startup_gd32f30x_cl.o(RESET)
 <LI><a href="#[5c]">CAN1_TX_IRQHandler</a> from startup_gd32f30x_cl.o(.text) referenced from startup_gd32f30x_cl.o(RESET)
 <LI><a href="#[2a]">DMA0_Channel0_IRQHandler</a> from startup_gd32f30x_cl.o(.text) referenced from startup_gd32f30x_cl.o(RESET)
 <LI><a href="#[2b]">DMA0_Channel1_IRQHandler</a> from startup_gd32f30x_cl.o(.text) referenced from startup_gd32f30x_cl.o(RESET)
 <LI><a href="#[2c]">DMA0_Channel2_IRQHandler</a> from startup_gd32f30x_cl.o(.text) referenced from startup_gd32f30x_cl.o(RESET)
 <LI><a href="#[2d]">DMA0_Channel3_IRQHandler</a> from startup_gd32f30x_cl.o(.text) referenced from startup_gd32f30x_cl.o(RESET)
 <LI><a href="#[2e]">DMA0_Channel4_IRQHandler</a> from startup_gd32f30x_cl.o(.text) referenced from startup_gd32f30x_cl.o(RESET)
 <LI><a href="#[2f]">DMA0_Channel5_IRQHandler</a> from startup_gd32f30x_cl.o(.text) referenced from startup_gd32f30x_cl.o(RESET)
 <LI><a href="#[30]">DMA0_Channel6_IRQHandler</a> from startup_gd32f30x_cl.o(.text) referenced from startup_gd32f30x_cl.o(RESET)
 <LI><a href="#[55]">DMA1_Channel0_IRQHandler</a> from startup_gd32f30x_cl.o(.text) referenced from startup_gd32f30x_cl.o(RESET)
 <LI><a href="#[56]">DMA1_Channel1_IRQHandler</a> from startup_gd32f30x_cl.o(.text) referenced from startup_gd32f30x_cl.o(RESET)
 <LI><a href="#[57]">DMA1_Channel2_IRQHandler</a> from startup_gd32f30x_cl.o(.text) referenced from startup_gd32f30x_cl.o(RESET)
 <LI><a href="#[58]">DMA1_Channel3_IRQHandler</a> from startup_gd32f30x_cl.o(.text) referenced from startup_gd32f30x_cl.o(RESET)
 <LI><a href="#[59]">DMA1_Channel4_IRQHandler</a> from startup_gd32f30x_cl.o(.text) referenced from startup_gd32f30x_cl.o(RESET)
 <LI><a href="#[1c]">DebugMon_Handler</a> from gd32f30x_it.o(i.DebugMon_Handler) referenced from startup_gd32f30x_cl.o(RESET)
 <LI><a href="#[5a]">ENET_IRQHandler</a> from startup_gd32f30x_cl.o(.text) referenced from startup_gd32f30x_cl.o(RESET)
 <LI><a href="#[5b]">ENET_WKUP_IRQHandler</a> from startup_gd32f30x_cl.o(.text) referenced from startup_gd32f30x_cl.o(RESET)
 <LI><a href="#[4e]">EXMC_IRQHandler</a> from startup_gd32f30x_cl.o(.text) referenced from startup_gd32f30x_cl.o(RESET)
 <LI><a href="#[25]">EXTI0_IRQHandler</a> from startup_gd32f30x_cl.o(.text) referenced from startup_gd32f30x_cl.o(RESET)
 <LI><a href="#[47]">EXTI10_15_IRQHandler</a> from startup_gd32f30x_cl.o(.text) referenced from startup_gd32f30x_cl.o(RESET)
 <LI><a href="#[26]">EXTI1_IRQHandler</a> from startup_gd32f30x_cl.o(.text) referenced from startup_gd32f30x_cl.o(RESET)
 <LI><a href="#[27]">EXTI2_IRQHandler</a> from startup_gd32f30x_cl.o(.text) referenced from startup_gd32f30x_cl.o(RESET)
 <LI><a href="#[28]">EXTI3_IRQHandler</a> from startup_gd32f30x_cl.o(.text) referenced from startup_gd32f30x_cl.o(RESET)
 <LI><a href="#[29]">EXTI4_IRQHandler</a> from startup_gd32f30x_cl.o(.text) referenced from startup_gd32f30x_cl.o(RESET)
 <LI><a href="#[36]">EXTI5_9_IRQHandler</a> from startup_gd32f30x_cl.o(.text) referenced from startup_gd32f30x_cl.o(RESET)
 <LI><a href="#[23]">FMC_IRQHandler</a> from startup_gd32f30x_cl.o(.text) referenced from startup_gd32f30x_cl.o(RESET)
 <LI><a href="#[17]">HardFault_Handler</a> from gd32f30x_it.o(i.HardFault_Handler) referenced from startup_gd32f30x_cl.o(RESET)
 <LI><a href="#[3f]">I2C0_ER_IRQHandler</a> from startup_gd32f30x_cl.o(.text) referenced from startup_gd32f30x_cl.o(RESET)
 <LI><a href="#[3e]">I2C0_EV_IRQHandler</a> from startup_gd32f30x_cl.o(.text) referenced from startup_gd32f30x_cl.o(RESET)
 <LI><a href="#[41]">I2C1_ER_IRQHandler</a> from startup_gd32f30x_cl.o(.text) referenced from startup_gd32f30x_cl.o(RESET)
 <LI><a href="#[40]">I2C1_EV_IRQHandler</a> from startup_gd32f30x_cl.o(.text) referenced from startup_gd32f30x_cl.o(RESET)
 <LI><a href="#[20]">LVD_IRQHandler</a> from startup_gd32f30x_cl.o(.text) referenced from startup_gd32f30x_cl.o(RESET)
 <LI><a href="#[18]">MemManage_Handler</a> from gd32f30x_it.o(i.MemManage_Handler) referenced from startup_gd32f30x_cl.o(RESET)
 <LI><a href="#[16]">NMI_Handler</a> from gd32f30x_it.o(i.NMI_Handler) referenced from startup_gd32f30x_cl.o(RESET)
 <LI><a href="#[1d]">PendSV_Handler</a> from gd32f30x_it.o(i.PendSV_Handler) referenced from startup_gd32f30x_cl.o(RESET)
 <LI><a href="#[24]">RCU_CTC_IRQHandler</a> from startup_gd32f30x_cl.o(.text) referenced from startup_gd32f30x_cl.o(RESET)
 <LI><a href="#[48]">RTC_Alarm_IRQHandler</a> from startup_gd32f30x_cl.o(.text) referenced from startup_gd32f30x_cl.o(RESET)
 <LI><a href="#[22]">RTC_IRQHandler</a> from startup_gd32f30x_cl.o(.text) referenced from startup_gd32f30x_cl.o(RESET)
 <LI><a href="#[15]">Reset_Handler</a> from startup_gd32f30x_cl.o(.text) referenced from startup_gd32f30x_cl.o(RESET)
 <LI><a href="#[42]">SPI0_IRQHandler</a> from startup_gd32f30x_cl.o(.text) referenced from startup_gd32f30x_cl.o(RESET)
 <LI><a href="#[43]">SPI1_IRQHandler</a> from startup_gd32f30x_cl.o(.text) referenced from startup_gd32f30x_cl.o(RESET)
 <LI><a href="#[50]">SPI2_IRQHandler</a> from startup_gd32f30x_cl.o(.text) referenced from startup_gd32f30x_cl.o(RESET)
 <LI><a href="#[1b]">SVC_Handler</a> from gd32f30x_it.o(i.SVC_Handler) referenced from startup_gd32f30x_cl.o(RESET)
 <LI><a href="#[1e]">SysTick_Handler</a> from gd32f30x_it.o(i.SysTick_Handler) referenced from startup_gd32f30x_cl.o(RESET)
 <LI><a href="#[62]">SystemInit</a> from system_gd32f30x.o(i.SystemInit) referenced from startup_gd32f30x_cl.o(.text)
 <LI><a href="#[21]">TAMPER_IRQHandler</a> from startup_gd32f30x_cl.o(.text) referenced from startup_gd32f30x_cl.o(RESET)
 <LI><a href="#[37]">TIMER0_BRK_TIMER8_IRQHandler</a> from startup_gd32f30x_cl.o(.text) referenced from startup_gd32f30x_cl.o(RESET)
 <LI><a href="#[3a]">TIMER0_Channel_IRQHandler</a> from startup_gd32f30x_cl.o(.text) referenced from startup_gd32f30x_cl.o(RESET)
 <LI><a href="#[39]">TIMER0_TRG_CMT_TIMER10_IRQHandler</a> from startup_gd32f30x_cl.o(.text) referenced from startup_gd32f30x_cl.o(RESET)
 <LI><a href="#[38]">TIMER0_UP_TIMER9_IRQHandler</a> from startup_gd32f30x_cl.o(.text) referenced from startup_gd32f30x_cl.o(RESET)
 <LI><a href="#[3b]">TIMER1_IRQHandler</a> from startup_gd32f30x_cl.o(.text) referenced from startup_gd32f30x_cl.o(RESET)
 <LI><a href="#[3c]">TIMER2_IRQHandler</a> from gd32f30x_it.o(i.TIMER2_IRQHandler) referenced from startup_gd32f30x_cl.o(RESET)
 <LI><a href="#[3d]">TIMER3_IRQHandler</a> from startup_gd32f30x_cl.o(.text) referenced from startup_gd32f30x_cl.o(RESET)
 <LI><a href="#[4f]">TIMER4_IRQHandler</a> from startup_gd32f30x_cl.o(.text) referenced from startup_gd32f30x_cl.o(RESET)
 <LI><a href="#[53]">TIMER5_IRQHandler</a> from startup_gd32f30x_cl.o(.text) referenced from startup_gd32f30x_cl.o(RESET)
 <LI><a href="#[54]">TIMER6_IRQHandler</a> from startup_gd32f30x_cl.o(.text) referenced from startup_gd32f30x_cl.o(RESET)
 <LI><a href="#[4a]">TIMER7_BRK_TIMER11_IRQHandler</a> from startup_gd32f30x_cl.o(.text) referenced from startup_gd32f30x_cl.o(RESET)
 <LI><a href="#[4d]">TIMER7_Channel_IRQHandler</a> from startup_gd32f30x_cl.o(.text) referenced from startup_gd32f30x_cl.o(RESET)
 <LI><a href="#[4c]">TIMER7_TRG_CMT_TIMER13_IRQHandler</a> from startup_gd32f30x_cl.o(.text) referenced from startup_gd32f30x_cl.o(RESET)
 <LI><a href="#[4b]">TIMER7_UP_TIMER12_IRQHandler</a> from startup_gd32f30x_cl.o(.text) referenced from startup_gd32f30x_cl.o(RESET)
 <LI><a href="#[51]">UART3_IRQHandler</a> from startup_gd32f30x_cl.o(.text) referenced from startup_gd32f30x_cl.o(RESET)
 <LI><a href="#[52]">UART4_IRQHandler</a> from startup_gd32f30x_cl.o(.text) referenced from startup_gd32f30x_cl.o(RESET)
 <LI><a href="#[44]">USART0_IRQHandler</a> from startup_gd32f30x_cl.o(.text) referenced from startup_gd32f30x_cl.o(RESET)
 <LI><a href="#[45]">USART1_IRQHandler</a> from startup_gd32f30x_cl.o(.text) referenced from startup_gd32f30x_cl.o(RESET)
 <LI><a href="#[46]">USART2_IRQHandler</a> from startup_gd32f30x_cl.o(.text) referenced from startup_gd32f30x_cl.o(RESET)
 <LI><a href="#[60]">USBFS_IRQHandler</a> from gd32f30x_it.o(i.USBFS_IRQHandler) referenced from startup_gd32f30x_cl.o(RESET)
 <LI><a href="#[49]">USBFS_WKUP_IRQHandler</a> from startup_gd32f30x_cl.o(.text) referenced from startup_gd32f30x_cl.o(RESET)
 <LI><a href="#[1a]">UsageFault_Handler</a> from gd32f30x_it.o(i.UsageFault_Handler) referenced from startup_gd32f30x_cl.o(RESET)
 <LI><a href="#[1f]">WWDGT_IRQHandler</a> from startup_gd32f30x_cl.o(.text) referenced from startup_gd32f30x_cl.o(RESET)
 <LI><a href="#[63]">__main</a> from entry.o(.ARM.Collect$$$$00000000) referenced from startup_gd32f30x_cl.o(.text)
 <LI><a href="#[d]">_usb_config_desc_get</a> from usbd_enum.o(i._usb_config_desc_get) referenced 2 times from usbd_enum.o(.data)
 <LI><a href="#[c]">_usb_dev_desc_get</a> from usbd_enum.o(i._usb_dev_desc_get) referenced 2 times from usbd_enum.o(.data)
 <LI><a href="#[1]">_usb_std_clearfeature</a> from usbd_enum.o(i._usb_std_clearfeature) referenced 2 times from usbd_enum.o(.data)
 <LI><a href="#[7]">_usb_std_getconfiguration</a> from usbd_enum.o(i._usb_std_getconfiguration) referenced 2 times from usbd_enum.o(.data)
 <LI><a href="#[5]">_usb_std_getdescriptor</a> from usbd_enum.o(i._usb_std_getdescriptor) referenced 2 times from usbd_enum.o(.data)
 <LI><a href="#[9]">_usb_std_getinterface</a> from usbd_enum.o(i._usb_std_getinterface) referenced 2 times from usbd_enum.o(.data)
 <LI><a href="#[0]">_usb_std_getstatus</a> from usbd_enum.o(i._usb_std_getstatus) referenced 2 times from usbd_enum.o(.data)
 <LI><a href="#[2]">_usb_std_reserved</a> from usbd_enum.o(i._usb_std_reserved) referenced 4 times from usbd_enum.o(.data)
 <LI><a href="#[4]">_usb_std_setaddress</a> from usbd_enum.o(i._usb_std_setaddress) referenced 2 times from usbd_enum.o(.data)
 <LI><a href="#[8]">_usb_std_setconfiguration</a> from usbd_enum.o(i._usb_std_setconfiguration) referenced 2 times from usbd_enum.o(.data)
 <LI><a href="#[6]">_usb_std_setdescriptor</a> from usbd_enum.o(i._usb_std_setdescriptor) referenced 2 times from usbd_enum.o(.data)
 <LI><a href="#[3]">_usb_std_setfeature</a> from usbd_enum.o(i._usb_std_setfeature) referenced 2 times from usbd_enum.o(.data)
 <LI><a href="#[a]">_usb_std_setinterface</a> from usbd_enum.o(i._usb_std_setinterface) referenced 2 times from usbd_enum.o(.data)
 <LI><a href="#[b]">_usb_std_synchframe</a> from usbd_enum.o(i._usb_std_synchframe) referenced 2 times from usbd_enum.o(.data)
 <LI><a href="#[e]">_usb_str_desc_get</a> from usbd_enum.o(i._usb_str_desc_get) referenced 2 times from usbd_enum.o(.data)
 <LI><a href="#[12]">cdc_acm_ctlx_out</a> from cdc_acm_core.o(i.cdc_acm_ctlx_out) referenced 2 times from cdc_acm_core.o(.data)
 <LI><a href="#[10]">cdc_acm_deinit</a> from cdc_acm_core.o(i.cdc_acm_deinit) referenced 2 times from cdc_acm_core.o(.data)
 <LI><a href="#[13]">cdc_acm_in</a> from cdc_acm_core.o(i.cdc_acm_in) referenced 2 times from cdc_acm_core.o(.data)
 <LI><a href="#[f]">cdc_acm_init</a> from cdc_acm_core.o(i.cdc_acm_init) referenced 2 times from cdc_acm_core.o(.data)
 <LI><a href="#[14]">cdc_acm_out</a> from cdc_acm_core.o(i.cdc_acm_out) referenced 2 times from cdc_acm_core.o(.data)
 <LI><a href="#[11]">cdc_acm_req</a> from cdc_acm_core.o(i.cdc_acm_req) referenced 2 times from cdc_acm_core.o(.data)
 <LI><a href="#[61]">main</a> from main.o(i.main) referenced from entry9a.o(.ARM.Collect$$$$0000000B)
</UL>
<P>
<H3>
Global Symbols
</H3>
<P><STRONG><a name="[63]"></a>__main</STRONG> (Thumb, 0 bytes, Stack size unknown bytes, entry.o(.ARM.Collect$$$$00000000))
<BR>[Address Reference Count : 1]<UL><LI> startup_gd32f30x_cl.o(.text)
</UL>
<P><STRONG><a name="[dd]"></a>_main_stk</STRONG> (Thumb, 0 bytes, Stack size unknown bytes, entry2.o(.ARM.Collect$$$$00000001))

<P><STRONG><a name="[64]"></a>_main_scatterload</STRONG> (Thumb, 0 bytes, Stack size unknown bytes, entry5.o(.ARM.Collect$$$$00000004))
<BR><BR>[Calls]<UL><LI><a href="#[65]">&gt;&gt;</a>&nbsp;&nbsp;&nbsp;__scatterload
</UL>

<P><STRONG><a name="[69]"></a>__main_after_scatterload</STRONG> (Thumb, 0 bytes, Stack size unknown bytes, entry5.o(.ARM.Collect$$$$00000004))
<BR><BR>[Called By]<UL><LI><a href="#[65]">&gt;&gt;</a>&nbsp;&nbsp;&nbsp;__scatterload
</UL>

<P><STRONG><a name="[de]"></a>_main_clock</STRONG> (Thumb, 0 bytes, Stack size unknown bytes, entry7b.o(.ARM.Collect$$$$00000008))

<P><STRONG><a name="[df]"></a>_main_cpp_init</STRONG> (Thumb, 0 bytes, Stack size unknown bytes, entry8b.o(.ARM.Collect$$$$0000000A))

<P><STRONG><a name="[e0]"></a>_main_init</STRONG> (Thumb, 0 bytes, Stack size unknown bytes, entry9a.o(.ARM.Collect$$$$0000000B))

<P><STRONG><a name="[e1]"></a>__rt_lib_shutdown_fini</STRONG> (Thumb, 0 bytes, Stack size unknown bytes, entry12b.o(.ARM.Collect$$$$0000000E))

<P><STRONG><a name="[e2]"></a>__rt_final_cpp</STRONG> (Thumb, 0 bytes, Stack size unknown bytes, entry10a.o(.ARM.Collect$$$$0000000F))

<P><STRONG><a name="[e3]"></a>__rt_final_exit</STRONG> (Thumb, 0 bytes, Stack size unknown bytes, entry11a.o(.ARM.Collect$$$$00000011))

<P><STRONG><a name="[15]"></a>Reset_Handler</STRONG> (Thumb, 8 bytes, Stack size 0 bytes, startup_gd32f30x_cl.o(.text))
<BR>[Address Reference Count : 1]<UL><LI> startup_gd32f30x_cl.o(RESET)
</UL>
<P><STRONG><a name="[31]"></a>ADC0_1_IRQHandler</STRONG> (Thumb, 0 bytes, Stack size 0 bytes, startup_gd32f30x_cl.o(.text))
<BR><BR>[Calls]<UL><LI><a href="#[31]">&gt;&gt;</a>&nbsp;&nbsp;&nbsp;ADC0_1_IRQHandler
</UL>
<BR>[Called By]<UL><LI><a href="#[31]">&gt;&gt;</a>&nbsp;&nbsp;&nbsp;ADC0_1_IRQHandler
</UL>
<BR>[Address Reference Count : 1]<UL><LI> startup_gd32f30x_cl.o(RESET)
</UL>
<P><STRONG><a name="[35]"></a>CAN0_EWMC_IRQHandler</STRONG> (Thumb, 0 bytes, Stack size 0 bytes, startup_gd32f30x_cl.o(.text))
<BR>[Address Reference Count : 1]<UL><LI> startup_gd32f30x_cl.o(RESET)
</UL>
<P><STRONG><a name="[33]"></a>CAN0_RX0_IRQHandler</STRONG> (Thumb, 0 bytes, Stack size 0 bytes, startup_gd32f30x_cl.o(.text))
<BR>[Address Reference Count : 1]<UL><LI> startup_gd32f30x_cl.o(RESET)
</UL>
<P><STRONG><a name="[34]"></a>CAN0_RX1_IRQHandler</STRONG> (Thumb, 0 bytes, Stack size 0 bytes, startup_gd32f30x_cl.o(.text))
<BR>[Address Reference Count : 1]<UL><LI> startup_gd32f30x_cl.o(RESET)
</UL>
<P><STRONG><a name="[32]"></a>CAN0_TX_IRQHandler</STRONG> (Thumb, 0 bytes, Stack size 0 bytes, startup_gd32f30x_cl.o(.text))
<BR>[Address Reference Count : 1]<UL><LI> startup_gd32f30x_cl.o(RESET)
</UL>
<P><STRONG><a name="[5f]"></a>CAN1_EWMC_IRQHandler</STRONG> (Thumb, 0 bytes, Stack size 0 bytes, startup_gd32f30x_cl.o(.text))
<BR>[Address Reference Count : 1]<UL><LI> startup_gd32f30x_cl.o(RESET)
</UL>
<P><STRONG><a name="[5d]"></a>CAN1_RX0_IRQHandler</STRONG> (Thumb, 0 bytes, Stack size 0 bytes, startup_gd32f30x_cl.o(.text))
<BR>[Address Reference Count : 1]<UL><LI> startup_gd32f30x_cl.o(RESET)
</UL>
<P><STRONG><a name="[5e]"></a>CAN1_RX1_IRQHandler</STRONG> (Thumb, 0 bytes, Stack size 0 bytes, startup_gd32f30x_cl.o(.text))
<BR>[Address Reference Count : 1]<UL><LI> startup_gd32f30x_cl.o(RESET)
</UL>
<P><STRONG><a name="[5c]"></a>CAN1_TX_IRQHandler</STRONG> (Thumb, 0 bytes, Stack size 0 bytes, startup_gd32f30x_cl.o(.text))
<BR>[Address Reference Count : 1]<UL><LI> startup_gd32f30x_cl.o(RESET)
</UL>
<P><STRONG><a name="[2a]"></a>DMA0_Channel0_IRQHandler</STRONG> (Thumb, 0 bytes, Stack size 0 bytes, startup_gd32f30x_cl.o(.text))
<BR>[Address Reference Count : 1]<UL><LI> startup_gd32f30x_cl.o(RESET)
</UL>
<P><STRONG><a name="[2b]"></a>DMA0_Channel1_IRQHandler</STRONG> (Thumb, 0 bytes, Stack size 0 bytes, startup_gd32f30x_cl.o(.text))
<BR>[Address Reference Count : 1]<UL><LI> startup_gd32f30x_cl.o(RESET)
</UL>
<P><STRONG><a name="[2c]"></a>DMA0_Channel2_IRQHandler</STRONG> (Thumb, 0 bytes, Stack size 0 bytes, startup_gd32f30x_cl.o(.text))
<BR>[Address Reference Count : 1]<UL><LI> startup_gd32f30x_cl.o(RESET)
</UL>
<P><STRONG><a name="[2d]"></a>DMA0_Channel3_IRQHandler</STRONG> (Thumb, 0 bytes, Stack size 0 bytes, startup_gd32f30x_cl.o(.text))
<BR>[Address Reference Count : 1]<UL><LI> startup_gd32f30x_cl.o(RESET)
</UL>
<P><STRONG><a name="[2e]"></a>DMA0_Channel4_IRQHandler</STRONG> (Thumb, 0 bytes, Stack size 0 bytes, startup_gd32f30x_cl.o(.text))
<BR>[Address Reference Count : 1]<UL><LI> startup_gd32f30x_cl.o(RESET)
</UL>
<P><STRONG><a name="[2f]"></a>DMA0_Channel5_IRQHandler</STRONG> (Thumb, 0 bytes, Stack size 0 bytes, startup_gd32f30x_cl.o(.text))
<BR>[Address Reference Count : 1]<UL><LI> startup_gd32f30x_cl.o(RESET)
</UL>
<P><STRONG><a name="[30]"></a>DMA0_Channel6_IRQHandler</STRONG> (Thumb, 0 bytes, Stack size 0 bytes, startup_gd32f30x_cl.o(.text))
<BR>[Address Reference Count : 1]<UL><LI> startup_gd32f30x_cl.o(RESET)
</UL>
<P><STRONG><a name="[55]"></a>DMA1_Channel0_IRQHandler</STRONG> (Thumb, 0 bytes, Stack size 0 bytes, startup_gd32f30x_cl.o(.text))
<BR>[Address Reference Count : 1]<UL><LI> startup_gd32f30x_cl.o(RESET)
</UL>
<P><STRONG><a name="[56]"></a>DMA1_Channel1_IRQHandler</STRONG> (Thumb, 0 bytes, Stack size 0 bytes, startup_gd32f30x_cl.o(.text))
<BR>[Address Reference Count : 1]<UL><LI> startup_gd32f30x_cl.o(RESET)
</UL>
<P><STRONG><a name="[57]"></a>DMA1_Channel2_IRQHandler</STRONG> (Thumb, 0 bytes, Stack size 0 bytes, startup_gd32f30x_cl.o(.text))
<BR>[Address Reference Count : 1]<UL><LI> startup_gd32f30x_cl.o(RESET)
</UL>
<P><STRONG><a name="[58]"></a>DMA1_Channel3_IRQHandler</STRONG> (Thumb, 0 bytes, Stack size 0 bytes, startup_gd32f30x_cl.o(.text))
<BR>[Address Reference Count : 1]<UL><LI> startup_gd32f30x_cl.o(RESET)
</UL>
<P><STRONG><a name="[59]"></a>DMA1_Channel4_IRQHandler</STRONG> (Thumb, 0 bytes, Stack size 0 bytes, startup_gd32f30x_cl.o(.text))
<BR>[Address Reference Count : 1]<UL><LI> startup_gd32f30x_cl.o(RESET)
</UL>
<P><STRONG><a name="[5a]"></a>ENET_IRQHandler</STRONG> (Thumb, 0 bytes, Stack size 0 bytes, startup_gd32f30x_cl.o(.text))
<BR>[Address Reference Count : 1]<UL><LI> startup_gd32f30x_cl.o(RESET)
</UL>
<P><STRONG><a name="[5b]"></a>ENET_WKUP_IRQHandler</STRONG> (Thumb, 0 bytes, Stack size 0 bytes, startup_gd32f30x_cl.o(.text))
<BR>[Address Reference Count : 1]<UL><LI> startup_gd32f30x_cl.o(RESET)
</UL>
<P><STRONG><a name="[4e]"></a>EXMC_IRQHandler</STRONG> (Thumb, 0 bytes, Stack size 0 bytes, startup_gd32f30x_cl.o(.text))
<BR>[Address Reference Count : 1]<UL><LI> startup_gd32f30x_cl.o(RESET)
</UL>
<P><STRONG><a name="[25]"></a>EXTI0_IRQHandler</STRONG> (Thumb, 0 bytes, Stack size 0 bytes, startup_gd32f30x_cl.o(.text))
<BR>[Address Reference Count : 1]<UL><LI> startup_gd32f30x_cl.o(RESET)
</UL>
<P><STRONG><a name="[47]"></a>EXTI10_15_IRQHandler</STRONG> (Thumb, 0 bytes, Stack size 0 bytes, startup_gd32f30x_cl.o(.text))
<BR>[Address Reference Count : 1]<UL><LI> startup_gd32f30x_cl.o(RESET)
</UL>
<P><STRONG><a name="[26]"></a>EXTI1_IRQHandler</STRONG> (Thumb, 0 bytes, Stack size 0 bytes, startup_gd32f30x_cl.o(.text))
<BR>[Address Reference Count : 1]<UL><LI> startup_gd32f30x_cl.o(RESET)
</UL>
<P><STRONG><a name="[27]"></a>EXTI2_IRQHandler</STRONG> (Thumb, 0 bytes, Stack size 0 bytes, startup_gd32f30x_cl.o(.text))
<BR>[Address Reference Count : 1]<UL><LI> startup_gd32f30x_cl.o(RESET)
</UL>
<P><STRONG><a name="[28]"></a>EXTI3_IRQHandler</STRONG> (Thumb, 0 bytes, Stack size 0 bytes, startup_gd32f30x_cl.o(.text))
<BR>[Address Reference Count : 1]<UL><LI> startup_gd32f30x_cl.o(RESET)
</UL>
<P><STRONG><a name="[29]"></a>EXTI4_IRQHandler</STRONG> (Thumb, 0 bytes, Stack size 0 bytes, startup_gd32f30x_cl.o(.text))
<BR>[Address Reference Count : 1]<UL><LI> startup_gd32f30x_cl.o(RESET)
</UL>
<P><STRONG><a name="[36]"></a>EXTI5_9_IRQHandler</STRONG> (Thumb, 0 bytes, Stack size 0 bytes, startup_gd32f30x_cl.o(.text))
<BR>[Address Reference Count : 1]<UL><LI> startup_gd32f30x_cl.o(RESET)
</UL>
<P><STRONG><a name="[23]"></a>FMC_IRQHandler</STRONG> (Thumb, 0 bytes, Stack size 0 bytes, startup_gd32f30x_cl.o(.text))
<BR>[Address Reference Count : 1]<UL><LI> startup_gd32f30x_cl.o(RESET)
</UL>
<P><STRONG><a name="[3f]"></a>I2C0_ER_IRQHandler</STRONG> (Thumb, 0 bytes, Stack size 0 bytes, startup_gd32f30x_cl.o(.text))
<BR>[Address Reference Count : 1]<UL><LI> startup_gd32f30x_cl.o(RESET)
</UL>
<P><STRONG><a name="[3e]"></a>I2C0_EV_IRQHandler</STRONG> (Thumb, 0 bytes, Stack size 0 bytes, startup_gd32f30x_cl.o(.text))
<BR>[Address Reference Count : 1]<UL><LI> startup_gd32f30x_cl.o(RESET)
</UL>
<P><STRONG><a name="[41]"></a>I2C1_ER_IRQHandler</STRONG> (Thumb, 0 bytes, Stack size 0 bytes, startup_gd32f30x_cl.o(.text))
<BR>[Address Reference Count : 1]<UL><LI> startup_gd32f30x_cl.o(RESET)
</UL>
<P><STRONG><a name="[40]"></a>I2C1_EV_IRQHandler</STRONG> (Thumb, 0 bytes, Stack size 0 bytes, startup_gd32f30x_cl.o(.text))
<BR>[Address Reference Count : 1]<UL><LI> startup_gd32f30x_cl.o(RESET)
</UL>
<P><STRONG><a name="[20]"></a>LVD_IRQHandler</STRONG> (Thumb, 0 bytes, Stack size 0 bytes, startup_gd32f30x_cl.o(.text))
<BR>[Address Reference Count : 1]<UL><LI> startup_gd32f30x_cl.o(RESET)
</UL>
<P><STRONG><a name="[24]"></a>RCU_CTC_IRQHandler</STRONG> (Thumb, 0 bytes, Stack size 0 bytes, startup_gd32f30x_cl.o(.text))
<BR>[Address Reference Count : 1]<UL><LI> startup_gd32f30x_cl.o(RESET)
</UL>
<P><STRONG><a name="[48]"></a>RTC_Alarm_IRQHandler</STRONG> (Thumb, 0 bytes, Stack size 0 bytes, startup_gd32f30x_cl.o(.text))
<BR>[Address Reference Count : 1]<UL><LI> startup_gd32f30x_cl.o(RESET)
</UL>
<P><STRONG><a name="[22]"></a>RTC_IRQHandler</STRONG> (Thumb, 0 bytes, Stack size 0 bytes, startup_gd32f30x_cl.o(.text))
<BR>[Address Reference Count : 1]<UL><LI> startup_gd32f30x_cl.o(RESET)
</UL>
<P><STRONG><a name="[42]"></a>SPI0_IRQHandler</STRONG> (Thumb, 0 bytes, Stack size 0 bytes, startup_gd32f30x_cl.o(.text))
<BR>[Address Reference Count : 1]<UL><LI> startup_gd32f30x_cl.o(RESET)
</UL>
<P><STRONG><a name="[43]"></a>SPI1_IRQHandler</STRONG> (Thumb, 0 bytes, Stack size 0 bytes, startup_gd32f30x_cl.o(.text))
<BR>[Address Reference Count : 1]<UL><LI> startup_gd32f30x_cl.o(RESET)
</UL>
<P><STRONG><a name="[50]"></a>SPI2_IRQHandler</STRONG> (Thumb, 0 bytes, Stack size 0 bytes, startup_gd32f30x_cl.o(.text))
<BR>[Address Reference Count : 1]<UL><LI> startup_gd32f30x_cl.o(RESET)
</UL>
<P><STRONG><a name="[21]"></a>TAMPER_IRQHandler</STRONG> (Thumb, 0 bytes, Stack size 0 bytes, startup_gd32f30x_cl.o(.text))
<BR>[Address Reference Count : 1]<UL><LI> startup_gd32f30x_cl.o(RESET)
</UL>
<P><STRONG><a name="[37]"></a>TIMER0_BRK_TIMER8_IRQHandler</STRONG> (Thumb, 0 bytes, Stack size 0 bytes, startup_gd32f30x_cl.o(.text))
<BR>[Address Reference Count : 1]<UL><LI> startup_gd32f30x_cl.o(RESET)
</UL>
<P><STRONG><a name="[3a]"></a>TIMER0_Channel_IRQHandler</STRONG> (Thumb, 0 bytes, Stack size 0 bytes, startup_gd32f30x_cl.o(.text))
<BR>[Address Reference Count : 1]<UL><LI> startup_gd32f30x_cl.o(RESET)
</UL>
<P><STRONG><a name="[39]"></a>TIMER0_TRG_CMT_TIMER10_IRQHandler</STRONG> (Thumb, 0 bytes, Stack size 0 bytes, startup_gd32f30x_cl.o(.text))
<BR>[Address Reference Count : 1]<UL><LI> startup_gd32f30x_cl.o(RESET)
</UL>
<P><STRONG><a name="[38]"></a>TIMER0_UP_TIMER9_IRQHandler</STRONG> (Thumb, 0 bytes, Stack size 0 bytes, startup_gd32f30x_cl.o(.text))
<BR>[Address Reference Count : 1]<UL><LI> startup_gd32f30x_cl.o(RESET)
</UL>
<P><STRONG><a name="[3b]"></a>TIMER1_IRQHandler</STRONG> (Thumb, 0 bytes, Stack size 0 bytes, startup_gd32f30x_cl.o(.text))
<BR>[Address Reference Count : 1]<UL><LI> startup_gd32f30x_cl.o(RESET)
</UL>
<P><STRONG><a name="[3d]"></a>TIMER3_IRQHandler</STRONG> (Thumb, 0 bytes, Stack size 0 bytes, startup_gd32f30x_cl.o(.text))
<BR>[Address Reference Count : 1]<UL><LI> startup_gd32f30x_cl.o(RESET)
</UL>
<P><STRONG><a name="[4f]"></a>TIMER4_IRQHandler</STRONG> (Thumb, 0 bytes, Stack size 0 bytes, startup_gd32f30x_cl.o(.text))
<BR>[Address Reference Count : 1]<UL><LI> startup_gd32f30x_cl.o(RESET)
</UL>
<P><STRONG><a name="[53]"></a>TIMER5_IRQHandler</STRONG> (Thumb, 0 bytes, Stack size 0 bytes, startup_gd32f30x_cl.o(.text))
<BR>[Address Reference Count : 1]<UL><LI> startup_gd32f30x_cl.o(RESET)
</UL>
<P><STRONG><a name="[54]"></a>TIMER6_IRQHandler</STRONG> (Thumb, 0 bytes, Stack size 0 bytes, startup_gd32f30x_cl.o(.text))
<BR>[Address Reference Count : 1]<UL><LI> startup_gd32f30x_cl.o(RESET)
</UL>
<P><STRONG><a name="[4a]"></a>TIMER7_BRK_TIMER11_IRQHandler</STRONG> (Thumb, 0 bytes, Stack size 0 bytes, startup_gd32f30x_cl.o(.text))
<BR>[Address Reference Count : 1]<UL><LI> startup_gd32f30x_cl.o(RESET)
</UL>
<P><STRONG><a name="[4d]"></a>TIMER7_Channel_IRQHandler</STRONG> (Thumb, 0 bytes, Stack size 0 bytes, startup_gd32f30x_cl.o(.text))
<BR>[Address Reference Count : 1]<UL><LI> startup_gd32f30x_cl.o(RESET)
</UL>
<P><STRONG><a name="[4c]"></a>TIMER7_TRG_CMT_TIMER13_IRQHandler</STRONG> (Thumb, 0 bytes, Stack size 0 bytes, startup_gd32f30x_cl.o(.text))
<BR>[Address Reference Count : 1]<UL><LI> startup_gd32f30x_cl.o(RESET)
</UL>
<P><STRONG><a name="[4b]"></a>TIMER7_UP_TIMER12_IRQHandler</STRONG> (Thumb, 0 bytes, Stack size 0 bytes, startup_gd32f30x_cl.o(.text))
<BR>[Address Reference Count : 1]<UL><LI> startup_gd32f30x_cl.o(RESET)
</UL>
<P><STRONG><a name="[51]"></a>UART3_IRQHandler</STRONG> (Thumb, 0 bytes, Stack size 0 bytes, startup_gd32f30x_cl.o(.text))
<BR>[Address Reference Count : 1]<UL><LI> startup_gd32f30x_cl.o(RESET)
</UL>
<P><STRONG><a name="[52]"></a>UART4_IRQHandler</STRONG> (Thumb, 0 bytes, Stack size 0 bytes, startup_gd32f30x_cl.o(.text))
<BR>[Address Reference Count : 1]<UL><LI> startup_gd32f30x_cl.o(RESET)
</UL>
<P><STRONG><a name="[44]"></a>USART0_IRQHandler</STRONG> (Thumb, 0 bytes, Stack size 0 bytes, startup_gd32f30x_cl.o(.text))
<BR>[Address Reference Count : 1]<UL><LI> startup_gd32f30x_cl.o(RESET)
</UL>
<P><STRONG><a name="[45]"></a>USART1_IRQHandler</STRONG> (Thumb, 0 bytes, Stack size 0 bytes, startup_gd32f30x_cl.o(.text))
<BR>[Address Reference Count : 1]<UL><LI> startup_gd32f30x_cl.o(RESET)
</UL>
<P><STRONG><a name="[46]"></a>USART2_IRQHandler</STRONG> (Thumb, 0 bytes, Stack size 0 bytes, startup_gd32f30x_cl.o(.text))
<BR>[Address Reference Count : 1]<UL><LI> startup_gd32f30x_cl.o(RESET)
</UL>
<P><STRONG><a name="[49]"></a>USBFS_WKUP_IRQHandler</STRONG> (Thumb, 0 bytes, Stack size 0 bytes, startup_gd32f30x_cl.o(.text))
<BR>[Address Reference Count : 1]<UL><LI> startup_gd32f30x_cl.o(RESET)
</UL>
<P><STRONG><a name="[1f]"></a>WWDGT_IRQHandler</STRONG> (Thumb, 0 bytes, Stack size 0 bytes, startup_gd32f30x_cl.o(.text))
<BR>[Address Reference Count : 1]<UL><LI> startup_gd32f30x_cl.o(RESET)
</UL>
<P><STRONG><a name="[ba]"></a>__aeabi_memcpy</STRONG> (Thumb, 36 bytes, Stack size 0 bytes, memcpya.o(.text))
<BR><BR>[Called By]<UL><LI><a href="#[a5]">&gt;&gt;</a>&nbsp;&nbsp;&nbsp;usb_recv
</UL>

<P><STRONG><a name="[ad]"></a>__aeabi_memcpy4</STRONG> (Thumb, 0 bytes, Stack size 0 bytes, memcpya.o(.text))
<BR><BR>[Called By]<UL><LI><a href="#[ac]">&gt;&gt;</a>&nbsp;&nbsp;&nbsp;usb_basic_init
<LI><a href="#[d4]">&gt;&gt;</a>&nbsp;&nbsp;&nbsp;usbd_int_reset
</UL>

<P><STRONG><a name="[e4]"></a>__aeabi_memcpy8</STRONG> (Thumb, 0 bytes, Stack size 0 bytes, memcpya.o(.text), UNUSED)

<P><STRONG><a name="[67]"></a>__aeabi_memset</STRONG> (Thumb, 14 bytes, Stack size 0 bytes, memseta.o(.text), UNUSED)
<BR><BR>[Called By]<UL><LI><a href="#[68]">&gt;&gt;</a>&nbsp;&nbsp;&nbsp;_memset$wrapper
<LI><a href="#[66]">&gt;&gt;</a>&nbsp;&nbsp;&nbsp;__aeabi_memclr
</UL>

<P><STRONG><a name="[e5]"></a>__aeabi_memset4</STRONG> (Thumb, 0 bytes, Stack size 0 bytes, memseta.o(.text), UNUSED)

<P><STRONG><a name="[e6]"></a>__aeabi_memset8</STRONG> (Thumb, 0 bytes, Stack size 0 bytes, memseta.o(.text), UNUSED)

<P><STRONG><a name="[66]"></a>__aeabi_memclr</STRONG> (Thumb, 4 bytes, Stack size 0 bytes, memseta.o(.text), UNUSED)
<BR><BR>[Calls]<UL><LI><a href="#[67]">&gt;&gt;</a>&nbsp;&nbsp;&nbsp;__aeabi_memset
</UL>

<P><STRONG><a name="[a3]"></a>__aeabi_memclr4</STRONG> (Thumb, 0 bytes, Stack size 0 bytes, memseta.o(.text))
<BR><BR>[Called By]<UL><LI><a href="#[9d]">&gt;&gt;</a>&nbsp;&nbsp;&nbsp;protocol_init
<LI><a href="#[ac]">&gt;&gt;</a>&nbsp;&nbsp;&nbsp;usb_basic_init
<LI><a href="#[d4]">&gt;&gt;</a>&nbsp;&nbsp;&nbsp;usbd_int_reset
</UL>

<P><STRONG><a name="[e7]"></a>__aeabi_memclr8</STRONG> (Thumb, 0 bytes, Stack size 0 bytes, memseta.o(.text), UNUSED)

<P><STRONG><a name="[68]"></a>_memset$wrapper</STRONG> (Thumb, 18 bytes, Stack size 8 bytes, memseta.o(.text), UNUSED)
<BR><BR>[Calls]<UL><LI><a href="#[67]">&gt;&gt;</a>&nbsp;&nbsp;&nbsp;__aeabi_memset
</UL>

<P><STRONG><a name="[65]"></a>__scatterload</STRONG> (Thumb, 28 bytes, Stack size 0 bytes, init.o(.text))
<BR><BR>[Calls]<UL><LI><a href="#[69]">&gt;&gt;</a>&nbsp;&nbsp;&nbsp;__main_after_scatterload
</UL>
<BR>[Called By]<UL><LI><a href="#[64]">&gt;&gt;</a>&nbsp;&nbsp;&nbsp;_main_scatterload
</UL>

<P><STRONG><a name="[e8]"></a>__scatterload_rt2</STRONG> (Thumb, 0 bytes, Stack size 0 bytes, init.o(.text), UNUSED)

<P><STRONG><a name="[e9]"></a>__decompress</STRONG> (Thumb, 0 bytes, Stack size unknown bytes, __dczerorl2.o(.text), UNUSED)

<P><STRONG><a name="[ea]"></a>__decompress1</STRONG> (Thumb, 86 bytes, Stack size unknown bytes, __dczerorl2.o(.text), UNUSED)

<P><STRONG><a name="[19]"></a>BusFault_Handler</STRONG> (Thumb, 4 bytes, Stack size 0 bytes, gd32f30x_it.o(i.BusFault_Handler))
<BR>[Address Reference Count : 1]<UL><LI> startup_gd32f30x_cl.o(RESET)
</UL>
<P><STRONG><a name="[1c]"></a>DebugMon_Handler</STRONG> (Thumb, 4 bytes, Stack size 0 bytes, gd32f30x_it.o(i.DebugMon_Handler))
<BR>[Address Reference Count : 1]<UL><LI> startup_gd32f30x_cl.o(RESET)
</UL>
<P><STRONG><a name="[17]"></a>HardFault_Handler</STRONG> (Thumb, 4 bytes, Stack size 0 bytes, gd32f30x_it.o(i.HardFault_Handler))
<BR>[Address Reference Count : 1]<UL><LI> startup_gd32f30x_cl.o(RESET)
</UL>
<P><STRONG><a name="[18]"></a>MemManage_Handler</STRONG> (Thumb, 4 bytes, Stack size 0 bytes, gd32f30x_it.o(i.MemManage_Handler))
<BR>[Address Reference Count : 1]<UL><LI> startup_gd32f30x_cl.o(RESET)
</UL>
<P><STRONG><a name="[16]"></a>NMI_Handler</STRONG> (Thumb, 4 bytes, Stack size 0 bytes, gd32f30x_it.o(i.NMI_Handler))
<BR>[Address Reference Count : 1]<UL><LI> startup_gd32f30x_cl.o(RESET)
</UL>
<P><STRONG><a name="[1d]"></a>PendSV_Handler</STRONG> (Thumb, 4 bytes, Stack size 0 bytes, gd32f30x_it.o(i.PendSV_Handler))
<BR>[Address Reference Count : 1]<UL><LI> startup_gd32f30x_cl.o(RESET)
</UL>
<P><STRONG><a name="[1b]"></a>SVC_Handler</STRONG> (Thumb, 4 bytes, Stack size 0 bytes, gd32f30x_it.o(i.SVC_Handler))
<BR>[Address Reference Count : 1]<UL><LI> startup_gd32f30x_cl.o(RESET)
</UL>
<P><STRONG><a name="[1e]"></a>SysTick_Handler</STRONG> (Thumb, 18 bytes, Stack size 8 bytes, gd32f30x_it.o(i.SysTick_Handler))
<BR><BR>[Stack]<UL><LI>Max Depth = 8<LI>Call Chain = SysTick_Handler
</UL>
<BR>[Calls]<UL><LI><a href="#[6a]">&gt;&gt;</a>&nbsp;&nbsp;&nbsp;delay_decrement
</UL>
<BR>[Address Reference Count : 1]<UL><LI> startup_gd32f30x_cl.o(RESET)
</UL>
<P><STRONG><a name="[62]"></a>SystemInit</STRONG> (Thumb, 316 bytes, Stack size 16 bytes, system_gd32f30x.o(i.SystemInit))
<BR><BR>[Stack]<UL><LI>Max Depth = 32<LI>Call Chain = SystemInit &rArr; system_clock_config &rArr; system_clock_120m_hxtal
</UL>
<BR>[Calls]<UL><LI><a href="#[6c]">&gt;&gt;</a>&nbsp;&nbsp;&nbsp;system_clock_config
<LI><a href="#[6b]">&gt;&gt;</a>&nbsp;&nbsp;&nbsp;_soft_delay_
</UL>
<BR>[Address Reference Count : 1]<UL><LI> startup_gd32f30x_cl.o(.text)
</UL>
<P><STRONG><a name="[3c]"></a>TIMER2_IRQHandler</STRONG> (Thumb, 8 bytes, Stack size 8 bytes, gd32f30x_it.o(i.TIMER2_IRQHandler))
<BR><BR>[Stack]<UL><LI>Max Depth = 24<LI>Call Chain = TIMER2_IRQHandler &rArr; usb_timer_irq &rArr; timer_interrupt_flag_get
</UL>
<BR>[Calls]<UL><LI><a href="#[6d]">&gt;&gt;</a>&nbsp;&nbsp;&nbsp;usb_timer_irq
</UL>
<BR>[Address Reference Count : 1]<UL><LI> startup_gd32f30x_cl.o(RESET)
</UL>
<P><STRONG><a name="[60]"></a>USBFS_IRQHandler</STRONG> (Thumb, 10 bytes, Stack size 8 bytes, gd32f30x_it.o(i.USBFS_IRQHandler))
<BR><BR>[Stack]<UL><LI>Max Depth = 164<LI>Call Chain = USBFS_IRQHandler &rArr; usbd_isr &rArr; usbd_int_epout &rArr; usbd_setup_transc &rArr; usbd_ctl_send &rArr; usbd_ep_send &rArr; usb_transc_inxfer &rArr; usb_txfifo_write
</UL>
<BR>[Calls]<UL><LI><a href="#[6e]">&gt;&gt;</a>&nbsp;&nbsp;&nbsp;usbd_isr
</UL>
<BR>[Address Reference Count : 1]<UL><LI> startup_gd32f30x_cl.o(RESET)
</UL>
<P><STRONG><a name="[1a]"></a>UsageFault_Handler</STRONG> (Thumb, 4 bytes, Stack size 0 bytes, gd32f30x_it.o(i.UsageFault_Handler))
<BR>[Address Reference Count : 1]<UL><LI> startup_gd32f30x_cl.o(RESET)
</UL>
<P><STRONG><a name="[eb]"></a>__scatterload_copy</STRONG> (Thumb, 14 bytes, Stack size unknown bytes, handlers.o(i.__scatterload_copy), UNUSED)

<P><STRONG><a name="[ec]"></a>__scatterload_null</STRONG> (Thumb, 2 bytes, Stack size unknown bytes, handlers.o(i.__scatterload_null), UNUSED)

<P><STRONG><a name="[ed]"></a>__scatterload_zeroinit</STRONG> (Thumb, 14 bytes, Stack size unknown bytes, handlers.o(i.__scatterload_zeroinit), UNUSED)

<P><STRONG><a name="[72]"></a>can0_config</STRONG> (Thumb, 204 bytes, Stack size 40 bytes, can.o(i.can0_config))
<BR><BR>[Stack]<UL><LI>Max Depth = 60<LI>Call Chain = can0_config &rArr; gpio_pin_remap_config
</UL>
<BR>[Calls]<UL><LI><a href="#[73]">&gt;&gt;</a>&nbsp;&nbsp;&nbsp;rcu_periph_clock_enable
<LI><a href="#[76]">&gt;&gt;</a>&nbsp;&nbsp;&nbsp;can_struct_para_init
<LI><a href="#[77]">&gt;&gt;</a>&nbsp;&nbsp;&nbsp;can_init
<LI><a href="#[78]">&gt;&gt;</a>&nbsp;&nbsp;&nbsp;can_filter_init
<LI><a href="#[74]">&gt;&gt;</a>&nbsp;&nbsp;&nbsp;gpio_pin_remap_config
<LI><a href="#[75]">&gt;&gt;</a>&nbsp;&nbsp;&nbsp;gpio_init
</UL>
<BR>[Called By]<UL><LI><a href="#[61]">&gt;&gt;</a>&nbsp;&nbsp;&nbsp;main
</UL>

<P><STRONG><a name="[79]"></a>can0_recv_msg</STRONG> (Thumb, 38 bytes, Stack size 8 bytes, can.o(i.can0_recv_msg))
<BR><BR>[Stack]<UL><LI>Max Depth = 16<LI>Call Chain = can0_recv_msg &rArr; can_message_receive
</UL>
<BR>[Calls]<UL><LI><a href="#[7a]">&gt;&gt;</a>&nbsp;&nbsp;&nbsp;can_receive_message_length_get
<LI><a href="#[7b]">&gt;&gt;</a>&nbsp;&nbsp;&nbsp;can_message_receive
</UL>
<BR>[Called By]<UL><LI><a href="#[7e]">&gt;&gt;</a>&nbsp;&nbsp;&nbsp;can_rx_poll
</UL>

<P><STRONG><a name="[7c]"></a>can0_send_frame</STRONG> (Thumb, 138 bytes, Stack size 48 bytes, can.o(i.can0_send_frame))
<BR><BR>[Stack]<UL><LI>Max Depth = 60<LI>Call Chain = can0_send_frame &rArr; can_message_transmit
</UL>
<BR>[Calls]<UL><LI><a href="#[76]">&gt;&gt;</a>&nbsp;&nbsp;&nbsp;can_struct_para_init
<LI><a href="#[7d]">&gt;&gt;</a>&nbsp;&nbsp;&nbsp;can_message_transmit
</UL>
<BR>[Called By]<UL><LI><a href="#[a7]">&gt;&gt;</a>&nbsp;&nbsp;&nbsp;usb_to_can_process
</UL>

<P><STRONG><a name="[78]"></a>can_filter_init</STRONG> (Thumb, 262 bytes, Stack size 8 bytes, gd32f30x_can.o(i.can_filter_init))
<BR><BR>[Stack]<UL><LI>Max Depth = 8<LI>Call Chain = can_filter_init
</UL>
<BR>[Called By]<UL><LI><a href="#[72]">&gt;&gt;</a>&nbsp;&nbsp;&nbsp;can0_config
</UL>

<P><STRONG><a name="[77]"></a>can_init</STRONG> (Thumb, 290 bytes, Stack size 16 bytes, gd32f30x_can.o(i.can_init))
<BR><BR>[Stack]<UL><LI>Max Depth = 16<LI>Call Chain = can_init
</UL>
<BR>[Called By]<UL><LI><a href="#[72]">&gt;&gt;</a>&nbsp;&nbsp;&nbsp;can0_config
</UL>

<P><STRONG><a name="[7b]"></a>can_message_receive</STRONG> (Thumb, 228 bytes, Stack size 8 bytes, gd32f30x_can.o(i.can_message_receive))
<BR><BR>[Stack]<UL><LI>Max Depth = 8<LI>Call Chain = can_message_receive
</UL>
<BR>[Called By]<UL><LI><a href="#[79]">&gt;&gt;</a>&nbsp;&nbsp;&nbsp;can0_recv_msg
</UL>

<P><STRONG><a name="[7d]"></a>can_message_transmit</STRONG> (Thumb, 338 bytes, Stack size 12 bytes, gd32f30x_can.o(i.can_message_transmit))
<BR><BR>[Stack]<UL><LI>Max Depth = 12<LI>Call Chain = can_message_transmit
</UL>
<BR>[Called By]<UL><LI><a href="#[7c]">&gt;&gt;</a>&nbsp;&nbsp;&nbsp;can0_send_frame
</UL>

<P><STRONG><a name="[7a]"></a>can_receive_message_length_get</STRONG> (Thumb, 26 bytes, Stack size 0 bytes, gd32f30x_can.o(i.can_receive_message_length_get))
<BR><BR>[Called By]<UL><LI><a href="#[79]">&gt;&gt;</a>&nbsp;&nbsp;&nbsp;can0_recv_msg
</UL>

<P><STRONG><a name="[76]"></a>can_struct_para_init</STRONG> (Thumb, 164 bytes, Stack size 8 bytes, gd32f30x_can.o(i.can_struct_para_init))
<BR><BR>[Stack]<UL><LI>Max Depth = 8<LI>Call Chain = can_struct_para_init
</UL>
<BR>[Called By]<UL><LI><a href="#[7c]">&gt;&gt;</a>&nbsp;&nbsp;&nbsp;can0_send_frame
<LI><a href="#[72]">&gt;&gt;</a>&nbsp;&nbsp;&nbsp;can0_config
</UL>

<P><STRONG><a name="[6a]"></a>delay_decrement</STRONG> (Thumb, 18 bytes, Stack size 0 bytes, systick.o(i.delay_decrement))
<BR><BR>[Called By]<UL><LI><a href="#[1e]">&gt;&gt;</a>&nbsp;&nbsp;&nbsp;SysTick_Handler
</UL>

<P><STRONG><a name="[a2]"></a>get_systick_tick</STRONG> (Thumb, 6 bytes, Stack size 0 bytes, systick.o(i.get_systick_tick))
<BR><BR>[Called By]<UL><LI><a href="#[80]">&gt;&gt;</a>&nbsp;&nbsp;&nbsp;proto_touch
<LI><a href="#[9f]">&gt;&gt;</a>&nbsp;&nbsp;&nbsp;protocol_activity
</UL>

<P><STRONG><a name="[93]"></a>gpio_bit_reset</STRONG> (Thumb, 4 bytes, Stack size 0 bytes, gd32f30x_gpio.o(i.gpio_bit_reset))
<BR><BR>[Called By]<UL><LI><a href="#[96]">&gt;&gt;</a>&nbsp;&nbsp;&nbsp;led_water
<LI><a href="#[95]">&gt;&gt;</a>&nbsp;&nbsp;&nbsp;led_progress
<LI><a href="#[94]">&gt;&gt;</a>&nbsp;&nbsp;&nbsp;led_gpio_config
<LI><a href="#[91]">&gt;&gt;</a>&nbsp;&nbsp;&nbsp;led_complete
</UL>

<P><STRONG><a name="[92]"></a>gpio_bit_set</STRONG> (Thumb, 4 bytes, Stack size 0 bytes, gd32f30x_gpio.o(i.gpio_bit_set))
<BR><BR>[Called By]<UL><LI><a href="#[96]">&gt;&gt;</a>&nbsp;&nbsp;&nbsp;led_water
<LI><a href="#[95]">&gt;&gt;</a>&nbsp;&nbsp;&nbsp;led_progress
<LI><a href="#[91]">&gt;&gt;</a>&nbsp;&nbsp;&nbsp;led_complete
</UL>

<P><STRONG><a name="[75]"></a>gpio_init</STRONG> (Thumb, 188 bytes, Stack size 20 bytes, gd32f30x_gpio.o(i.gpio_init))
<BR><BR>[Stack]<UL><LI>Max Depth = 20<LI>Call Chain = gpio_init
</UL>
<BR>[Called By]<UL><LI><a href="#[94]">&gt;&gt;</a>&nbsp;&nbsp;&nbsp;led_gpio_config
<LI><a href="#[72]">&gt;&gt;</a>&nbsp;&nbsp;&nbsp;can0_config
</UL>

<P><STRONG><a name="[74]"></a>gpio_pin_remap_config</STRONG> (Thumb, 138 bytes, Stack size 20 bytes, gd32f30x_gpio.o(i.gpio_pin_remap_config))
<BR><BR>[Stack]<UL><LI>Max Depth = 20<LI>Call Chain = gpio_pin_remap_config
</UL>
<BR>[Called By]<UL><LI><a href="#[94]">&gt;&gt;</a>&nbsp;&nbsp;&nbsp;led_gpio_config
<LI><a href="#[72]">&gt;&gt;</a>&nbsp;&nbsp;&nbsp;can0_config
</UL>

<P><STRONG><a name="[a9]"></a>int_to_unicode</STRONG> (Thumb, 60 bytes, Stack size 12 bytes, usbd_enum.o(i.int_to_unicode))
<BR><BR>[Stack]<UL><LI>Max Depth = 12<LI>Call Chain = int_to_unicode
</UL>
<BR>[Called By]<UL><LI><a href="#[a8]">&gt;&gt;</a>&nbsp;&nbsp;&nbsp;serial_string_get
</UL>

<P><STRONG><a name="[91]"></a>led_complete</STRONG> (Thumb, 66 bytes, Stack size 8 bytes, func.o(i.led_complete))
<BR><BR>[Stack]<UL><LI>Max Depth = 8<LI>Call Chain = led_complete
</UL>
<BR>[Calls]<UL><LI><a href="#[92]">&gt;&gt;</a>&nbsp;&nbsp;&nbsp;gpio_bit_set
<LI><a href="#[93]">&gt;&gt;</a>&nbsp;&nbsp;&nbsp;gpio_bit_reset
</UL>
<BR>[Called By]<UL><LI><a href="#[61]">&gt;&gt;</a>&nbsp;&nbsp;&nbsp;main
</UL>

<P><STRONG><a name="[94]"></a>led_gpio_config</STRONG> (Thumb, 48 bytes, Stack size 8 bytes, gpio.o(i.led_gpio_config))
<BR><BR>[Stack]<UL><LI>Max Depth = 28<LI>Call Chain = led_gpio_config &rArr; gpio_pin_remap_config
</UL>
<BR>[Calls]<UL><LI><a href="#[73]">&gt;&gt;</a>&nbsp;&nbsp;&nbsp;rcu_periph_clock_enable
<LI><a href="#[93]">&gt;&gt;</a>&nbsp;&nbsp;&nbsp;gpio_bit_reset
<LI><a href="#[74]">&gt;&gt;</a>&nbsp;&nbsp;&nbsp;gpio_pin_remap_config
<LI><a href="#[75]">&gt;&gt;</a>&nbsp;&nbsp;&nbsp;gpio_init
</UL>
<BR>[Called By]<UL><LI><a href="#[61]">&gt;&gt;</a>&nbsp;&nbsp;&nbsp;main
</UL>

<P><STRONG><a name="[95]"></a>led_progress</STRONG> (Thumb, 82 bytes, Stack size 8 bytes, func.o(i.led_progress))
<BR><BR>[Stack]<UL><LI>Max Depth = 8<LI>Call Chain = led_progress
</UL>
<BR>[Calls]<UL><LI><a href="#[92]">&gt;&gt;</a>&nbsp;&nbsp;&nbsp;gpio_bit_set
<LI><a href="#[93]">&gt;&gt;</a>&nbsp;&nbsp;&nbsp;gpio_bit_reset
</UL>
<BR>[Called By]<UL><LI><a href="#[61]">&gt;&gt;</a>&nbsp;&nbsp;&nbsp;main
</UL>

<P><STRONG><a name="[96]"></a>led_water</STRONG> (Thumb, 80 bytes, Stack size 8 bytes, func.o(i.led_water))
<BR><BR>[Stack]<UL><LI>Max Depth = 8<LI>Call Chain = led_water
</UL>
<BR>[Calls]<UL><LI><a href="#[92]">&gt;&gt;</a>&nbsp;&nbsp;&nbsp;gpio_bit_set
<LI><a href="#[93]">&gt;&gt;</a>&nbsp;&nbsp;&nbsp;gpio_bit_reset
</UL>
<BR>[Called By]<UL><LI><a href="#[61]">&gt;&gt;</a>&nbsp;&nbsp;&nbsp;main
</UL>

<P><STRONG><a name="[61]"></a>main</STRONG> (Thumb, 94 bytes, Stack size 0 bytes, main.o(i.main))
<BR><BR>[Stack]<UL><LI>Max Depth = 224<LI>Call Chain = main &rArr; usbd_init &rArr; usb_basic_init
</UL>
<BR>[Calls]<UL><LI><a href="#[99]">&gt;&gt;</a>&nbsp;&nbsp;&nbsp;usbd_init
<LI><a href="#[9c]">&gt;&gt;</a>&nbsp;&nbsp;&nbsp;usbd_connect
<LI><a href="#[98]">&gt;&gt;</a>&nbsp;&nbsp;&nbsp;usb_timer_init
<LI><a href="#[97]">&gt;&gt;</a>&nbsp;&nbsp;&nbsp;usb_rcu_config
<LI><a href="#[9a]">&gt;&gt;</a>&nbsp;&nbsp;&nbsp;usb_intr_config
<LI><a href="#[9b]">&gt;&gt;</a>&nbsp;&nbsp;&nbsp;systick_config
<LI><a href="#[9e]">&gt;&gt;</a>&nbsp;&nbsp;&nbsp;protocol_task
<LI><a href="#[9d]">&gt;&gt;</a>&nbsp;&nbsp;&nbsp;protocol_init
<LI><a href="#[9f]">&gt;&gt;</a>&nbsp;&nbsp;&nbsp;protocol_activity
<LI><a href="#[96]">&gt;&gt;</a>&nbsp;&nbsp;&nbsp;led_water
<LI><a href="#[95]">&gt;&gt;</a>&nbsp;&nbsp;&nbsp;led_progress
<LI><a href="#[94]">&gt;&gt;</a>&nbsp;&nbsp;&nbsp;led_gpio_config
<LI><a href="#[91]">&gt;&gt;</a>&nbsp;&nbsp;&nbsp;led_complete
<LI><a href="#[72]">&gt;&gt;</a>&nbsp;&nbsp;&nbsp;can0_config
</UL>
<BR>[Address Reference Count : 1]<UL><LI> entry9a.o(.ARM.Collect$$$$0000000B)
</UL>
<P><STRONG><a name="[a0]"></a>nvic_irq_enable</STRONG> (Thumb, 266 bytes, Stack size 36 bytes, gd32f30x_misc.o(i.nvic_irq_enable))
<BR><BR>[Stack]<UL><LI>Max Depth = 36<LI>Call Chain = nvic_irq_enable
</UL>
<BR>[Calls]<UL><LI><a href="#[a1]">&gt;&gt;</a>&nbsp;&nbsp;&nbsp;nvic_priority_group_set
</UL>
<BR>[Called By]<UL><LI><a href="#[98]">&gt;&gt;</a>&nbsp;&nbsp;&nbsp;usb_timer_init
<LI><a href="#[9a]">&gt;&gt;</a>&nbsp;&nbsp;&nbsp;usb_intr_config
</UL>

<P><STRONG><a name="[a1]"></a>nvic_priority_group_set</STRONG> (Thumb, 10 bytes, Stack size 0 bytes, gd32f30x_misc.o(i.nvic_priority_group_set))
<BR><BR>[Called By]<UL><LI><a href="#[a0]">&gt;&gt;</a>&nbsp;&nbsp;&nbsp;nvic_irq_enable
<LI><a href="#[98]">&gt;&gt;</a>&nbsp;&nbsp;&nbsp;usb_timer_init
<LI><a href="#[9a]">&gt;&gt;</a>&nbsp;&nbsp;&nbsp;usb_intr_config
</UL>

<P><STRONG><a name="[d8]"></a>pmu_to_deepsleepmode</STRONG> (Thumb, 206 bytes, Stack size 8 bytes, gd32f30x_pmu.o(i.pmu_to_deepsleepmode))
<BR><BR>[Stack]<UL><LI>Max Depth = 8<LI>Call Chain = pmu_to_deepsleepmode
</UL>
<BR>[Called By]<UL><LI><a href="#[d7]">&gt;&gt;</a>&nbsp;&nbsp;&nbsp;usbd_int_suspend
</UL>

<P><STRONG><a name="[9f]"></a>protocol_activity</STRONG> (Thumb, 56 bytes, Stack size 8 bytes, protocal.o(i.protocol_activity))
<BR><BR>[Stack]<UL><LI>Max Depth = 8<LI>Call Chain = protocol_activity
</UL>
<BR>[Calls]<UL><LI><a href="#[a2]">&gt;&gt;</a>&nbsp;&nbsp;&nbsp;get_systick_tick
</UL>
<BR>[Called By]<UL><LI><a href="#[61]">&gt;&gt;</a>&nbsp;&nbsp;&nbsp;main
</UL>

<P><STRONG><a name="[9d]"></a>protocol_init</STRONG> (Thumb, 40 bytes, Stack size 8 bytes, protocal.o(i.protocol_init))
<BR><BR>[Stack]<UL><LI>Max Depth = 8<LI>Call Chain = protocol_init
</UL>
<BR>[Calls]<UL><LI><a href="#[a3]">&gt;&gt;</a>&nbsp;&nbsp;&nbsp;__aeabi_memclr4
</UL>
<BR>[Called By]<UL><LI><a href="#[61]">&gt;&gt;</a>&nbsp;&nbsp;&nbsp;main
</UL>

<P><STRONG><a name="[9e]"></a>protocol_task</STRONG> (Thumb, 60 bytes, Stack size 72 bytes, protocal.o(i.protocol_task))
<BR><BR>[Stack]<UL><LI>Max Depth = 188<LI>Call Chain = protocol_task &rArr; can_up_flush &rArr; usb_send &rArr; usbd_ep_send &rArr; usb_transc_inxfer &rArr; usb_txfifo_write
</UL>
<BR>[Calls]<UL><LI><a href="#[a7]">&gt;&gt;</a>&nbsp;&nbsp;&nbsp;usb_to_can_process
<LI><a href="#[a6]">&gt;&gt;</a>&nbsp;&nbsp;&nbsp;usb_rx_feed
<LI><a href="#[a5]">&gt;&gt;</a>&nbsp;&nbsp;&nbsp;usb_recv
<LI><a href="#[82]">&gt;&gt;</a>&nbsp;&nbsp;&nbsp;usb_ready
<LI><a href="#[80]">&gt;&gt;</a>&nbsp;&nbsp;&nbsp;proto_touch
<LI><a href="#[a4]">&gt;&gt;</a>&nbsp;&nbsp;&nbsp;proto_auto_test
<LI><a href="#[81]">&gt;&gt;</a>&nbsp;&nbsp;&nbsp;can_up_flush
<LI><a href="#[7e]">&gt;&gt;</a>&nbsp;&nbsp;&nbsp;can_rx_poll
</UL>
<BR>[Called By]<UL><LI><a href="#[61]">&gt;&gt;</a>&nbsp;&nbsp;&nbsp;main
</UL>

<P><STRONG><a name="[b7]"></a>rcu_clock_freq_get</STRONG> (Thumb, 378 bytes, Stack size 96 bytes, gd32f30x_rcu.o(i.rcu_clock_freq_get))
<BR><BR>[Stack]<UL><LI>Max Depth = 96<LI>Call Chain = rcu_clock_freq_get
</UL>
<BR>[Called By]<UL><LI><a href="#[97]">&gt;&gt;</a>&nbsp;&nbsp;&nbsp;usb_rcu_config
</UL>

<P><STRONG><a name="[73]"></a>rcu_periph_clock_enable</STRONG> (Thumb, 28 bytes, Stack size 0 bytes, gd32f30x_rcu.o(i.rcu_periph_clock_enable))
<BR><BR>[Called By]<UL><LI><a href="#[98]">&gt;&gt;</a>&nbsp;&nbsp;&nbsp;usb_timer_init
<LI><a href="#[97]">&gt;&gt;</a>&nbsp;&nbsp;&nbsp;usb_rcu_config
<LI><a href="#[94]">&gt;&gt;</a>&nbsp;&nbsp;&nbsp;led_gpio_config
<LI><a href="#[72]">&gt;&gt;</a>&nbsp;&nbsp;&nbsp;can0_config
</UL>

<P><STRONG><a name="[b8]"></a>rcu_usb_clock_config</STRONG> (Thumb, 18 bytes, Stack size 0 bytes, gd32f30x_rcu.o(i.rcu_usb_clock_config))
<BR><BR>[Called By]<UL><LI><a href="#[97]">&gt;&gt;</a>&nbsp;&nbsp;&nbsp;usb_rcu_config
</UL>

<P><STRONG><a name="[a8]"></a>serial_string_get</STRONG> (Thumb, 66 bytes, Stack size 20 bytes, usbd_enum.o(i.serial_string_get))
<BR><BR>[Stack]<UL><LI>Max Depth = 32<LI>Call Chain = serial_string_get &rArr; int_to_unicode
</UL>
<BR>[Calls]<UL><LI><a href="#[a9]">&gt;&gt;</a>&nbsp;&nbsp;&nbsp;int_to_unicode
</UL>
<BR>[Called By]<UL><LI><a href="#[99]">&gt;&gt;</a>&nbsp;&nbsp;&nbsp;usbd_init
</UL>

<P><STRONG><a name="[9b]"></a>systick_config</STRONG> (Thumb, 74 bytes, Stack size 8 bytes, systick.o(i.systick_config))
<BR><BR>[Stack]<UL><LI>Max Depth = 16<LI>Call Chain = systick_config &rArr; __NVIC_SetPriority
</UL>
<BR>[Calls]<UL><LI><a href="#[ab]">&gt;&gt;</a>&nbsp;&nbsp;&nbsp;__NVIC_SetPriority
</UL>
<BR>[Called By]<UL><LI><a href="#[61]">&gt;&gt;</a>&nbsp;&nbsp;&nbsp;main
</UL>

<P><STRONG><a name="[8e]"></a>timer_auto_reload_shadow_enable</STRONG> (Thumb, 10 bytes, Stack size 0 bytes, gd32f30x_timer.o(i.timer_auto_reload_shadow_enable))
<BR><BR>[Called By]<UL><LI><a href="#[89]">&gt;&gt;</a>&nbsp;&nbsp;&nbsp;hw_time_set
</UL>

<P><STRONG><a name="[8a]"></a>timer_disable</STRONG> (Thumb, 10 bytes, Stack size 0 bytes, gd32f30x_timer.o(i.timer_disable))
<BR><BR>[Called By]<UL><LI><a href="#[89]">&gt;&gt;</a>&nbsp;&nbsp;&nbsp;hw_time_set
<LI><a href="#[88]">&gt;&gt;</a>&nbsp;&nbsp;&nbsp;hw_delay
<LI><a href="#[6d]">&gt;&gt;</a>&nbsp;&nbsp;&nbsp;usb_timer_irq
</UL>

<P><STRONG><a name="[90]"></a>timer_enable</STRONG> (Thumb, 10 bytes, Stack size 0 bytes, gd32f30x_timer.o(i.timer_enable))
<BR><BR>[Called By]<UL><LI><a href="#[89]">&gt;&gt;</a>&nbsp;&nbsp;&nbsp;hw_time_set
</UL>

<P><STRONG><a name="[8c]"></a>timer_init</STRONG> (Thumb, 122 bytes, Stack size 0 bytes, gd32f30x_timer.o(i.timer_init))
<BR><BR>[Called By]<UL><LI><a href="#[89]">&gt;&gt;</a>&nbsp;&nbsp;&nbsp;hw_time_set
</UL>

<P><STRONG><a name="[8b]"></a>timer_interrupt_disable</STRONG> (Thumb, 8 bytes, Stack size 0 bytes, gd32f30x_timer.o(i.timer_interrupt_disable))
<BR><BR>[Called By]<UL><LI><a href="#[89]">&gt;&gt;</a>&nbsp;&nbsp;&nbsp;hw_time_set
</UL>

<P><STRONG><a name="[8f]"></a>timer_interrupt_enable</STRONG> (Thumb, 8 bytes, Stack size 0 bytes, gd32f30x_timer.o(i.timer_interrupt_enable))
<BR><BR>[Called By]<UL><LI><a href="#[89]">&gt;&gt;</a>&nbsp;&nbsp;&nbsp;hw_time_set
</UL>

<P><STRONG><a name="[8d]"></a>timer_interrupt_flag_clear</STRONG> (Thumb, 6 bytes, Stack size 0 bytes, gd32f30x_timer.o(i.timer_interrupt_flag_clear))
<BR><BR>[Called By]<UL><LI><a href="#[89]">&gt;&gt;</a>&nbsp;&nbsp;&nbsp;hw_time_set
<LI><a href="#[6d]">&gt;&gt;</a>&nbsp;&nbsp;&nbsp;usb_timer_irq
</UL>

<P><STRONG><a name="[bc]"></a>timer_interrupt_flag_get</STRONG> (Thumb, 28 bytes, Stack size 8 bytes, gd32f30x_timer.o(i.timer_interrupt_flag_get))
<BR><BR>[Stack]<UL><LI>Max Depth = 8<LI>Call Chain = timer_interrupt_flag_get
</UL>
<BR>[Called By]<UL><LI><a href="#[6d]">&gt;&gt;</a>&nbsp;&nbsp;&nbsp;usb_timer_irq
</UL>

<P><STRONG><a name="[ac]"></a>usb_basic_init</STRONG> (Thumb, 200 bytes, Stack size 200 bytes, drv_usb_core.o(i.usb_basic_init))
<BR><BR>[Stack]<UL><LI>Max Depth = 200<LI>Call Chain = usb_basic_init
</UL>
<BR>[Calls]<UL><LI><a href="#[a3]">&gt;&gt;</a>&nbsp;&nbsp;&nbsp;__aeabi_memclr4
<LI><a href="#[ad]">&gt;&gt;</a>&nbsp;&nbsp;&nbsp;__aeabi_memcpy4
</UL>
<BR>[Called By]<UL><LI><a href="#[99]">&gt;&gt;</a>&nbsp;&nbsp;&nbsp;usbd_init
</UL>

<P><STRONG><a name="[ae]"></a>usb_core_init</STRONG> (Thumb, 134 bytes, Stack size 24 bytes, drv_usb_core.o(i.usb_core_init))
<BR><BR>[Stack]<UL><LI>Max Depth = 80<LI>Call Chain = usb_core_init &rArr; usb_core_reset &rArr; usb_udelay &rArr; hw_delay &rArr; hw_time_set
</UL>
<BR>[Calls]<UL><LI><a href="#[b0]">&gt;&gt;</a>&nbsp;&nbsp;&nbsp;usb_mdelay
<LI><a href="#[af]">&gt;&gt;</a>&nbsp;&nbsp;&nbsp;usb_core_reset
</UL>
<BR>[Called By]<UL><LI><a href="#[99]">&gt;&gt;</a>&nbsp;&nbsp;&nbsp;usbd_init
</UL>

<P><STRONG><a name="[c3]"></a>usb_ctlep_startout</STRONG> (Thumb, 8 bytes, Stack size 0 bytes, drv_usb_dev.o(i.usb_ctlep_startout))
<BR><BR>[Called By]<UL><LI><a href="#[c4]">&gt;&gt;</a>&nbsp;&nbsp;&nbsp;usbd_ctl_status_send
<LI><a href="#[c2]">&gt;&gt;</a>&nbsp;&nbsp;&nbsp;usbd_ctl_status_recev
<LI><a href="#[c7]">&gt;&gt;</a>&nbsp;&nbsp;&nbsp;usbd_enum_error
<LI><a href="#[d4]">&gt;&gt;</a>&nbsp;&nbsp;&nbsp;usbd_int_reset
</UL>

<P><STRONG><a name="[ce]"></a>usb_curmode_set</STRONG> (Thumb, 46 bytes, Stack size 0 bytes, drv_usb_core.o(i.usb_curmode_set))
<BR><BR>[Called By]<UL><LI><a href="#[99]">&gt;&gt;</a>&nbsp;&nbsp;&nbsp;usbd_init
</UL>

<P><STRONG><a name="[b2]"></a>usb_devcore_init</STRONG> (Thumb, 326 bytes, Stack size 16 bytes, drv_usb_dev.o(i.usb_devcore_init))
<BR><BR>[Stack]<UL><LI>Max Depth = 80<LI>Call Chain = usb_devcore_init &rArr; usb_txfifo_flush &rArr; usb_udelay &rArr; hw_delay &rArr; hw_time_set
</UL>
<BR>[Calls]<UL><LI><a href="#[b4]">&gt;&gt;</a>&nbsp;&nbsp;&nbsp;usb_txfifo_flush
<LI><a href="#[b5]">&gt;&gt;</a>&nbsp;&nbsp;&nbsp;usb_rxfifo_flush
<LI><a href="#[b6]">&gt;&gt;</a>&nbsp;&nbsp;&nbsp;usb_devint_enable
<LI><a href="#[b3]">&gt;&gt;</a>&nbsp;&nbsp;&nbsp;usb_set_txfifo
</UL>
<BR>[Called By]<UL><LI><a href="#[99]">&gt;&gt;</a>&nbsp;&nbsp;&nbsp;usbd_init
</UL>

<P><STRONG><a name="[b6]"></a>usb_devint_enable</STRONG> (Thumb, 56 bytes, Stack size 0 bytes, drv_usb_dev.o(i.usb_devint_enable))
<BR><BR>[Called By]<UL><LI><a href="#[b2]">&gt;&gt;</a>&nbsp;&nbsp;&nbsp;usb_devcore_init
</UL>

<P><STRONG><a name="[d0]"></a>usb_iepintr_read</STRONG> (Thumb, 42 bytes, Stack size 12 bytes, drv_usb_dev.o(i.usb_iepintr_read))
<BR><BR>[Stack]<UL><LI>Max Depth = 12<LI>Call Chain = usb_iepintr_read
</UL>
<BR>[Called By]<UL><LI><a href="#[cf]">&gt;&gt;</a>&nbsp;&nbsp;&nbsp;usbd_int_epin
</UL>

<P><STRONG><a name="[9a]"></a>usb_intr_config</STRONG> (Thumb, 22 bytes, Stack size 8 bytes, gd32f30x_hw.o(i.usb_intr_config))
<BR><BR>[Stack]<UL><LI>Max Depth = 44<LI>Call Chain = usb_intr_config &rArr; nvic_irq_enable
</UL>
<BR>[Calls]<UL><LI><a href="#[a1]">&gt;&gt;</a>&nbsp;&nbsp;&nbsp;nvic_priority_group_set
<LI><a href="#[a0]">&gt;&gt;</a>&nbsp;&nbsp;&nbsp;nvic_irq_enable
</UL>
<BR>[Called By]<UL><LI><a href="#[61]">&gt;&gt;</a>&nbsp;&nbsp;&nbsp;main
</UL>

<P><STRONG><a name="[b0]"></a>usb_mdelay</STRONG> (Thumb, 14 bytes, Stack size 8 bytes, gd32f30x_hw.o(i.usb_mdelay))
<BR><BR>[Stack]<UL><LI>Max Depth = 48<LI>Call Chain = usb_mdelay &rArr; hw_delay &rArr; hw_time_set
</UL>
<BR>[Calls]<UL><LI><a href="#[88]">&gt;&gt;</a>&nbsp;&nbsp;&nbsp;hw_delay
</UL>
<BR>[Called By]<UL><LI><a href="#[9c]">&gt;&gt;</a>&nbsp;&nbsp;&nbsp;usbd_connect
<LI><a href="#[ae]">&gt;&gt;</a>&nbsp;&nbsp;&nbsp;usb_core_init
<LI><a href="#[c5]">&gt;&gt;</a>&nbsp;&nbsp;&nbsp;usbd_disconnect
</UL>

<P><STRONG><a name="[97]"></a>usb_rcu_config</STRONG> (Thumb, 112 bytes, Stack size 8 bytes, gd32f30x_hw.o(i.usb_rcu_config))
<BR><BR>[Stack]<UL><LI>Max Depth = 104<LI>Call Chain = usb_rcu_config &rArr; rcu_clock_freq_get
</UL>
<BR>[Calls]<UL><LI><a href="#[b8]">&gt;&gt;</a>&nbsp;&nbsp;&nbsp;rcu_usb_clock_config
<LI><a href="#[73]">&gt;&gt;</a>&nbsp;&nbsp;&nbsp;rcu_periph_clock_enable
<LI><a href="#[b7]">&gt;&gt;</a>&nbsp;&nbsp;&nbsp;rcu_clock_freq_get
</UL>
<BR>[Called By]<UL><LI><a href="#[61]">&gt;&gt;</a>&nbsp;&nbsp;&nbsp;main
</UL>

<P><STRONG><a name="[b5]"></a>usb_rxfifo_flush</STRONG> (Thumb, 34 bytes, Stack size 8 bytes, drv_usb_core.o(i.usb_rxfifo_flush))
<BR><BR>[Stack]<UL><LI>Max Depth = 56<LI>Call Chain = usb_rxfifo_flush &rArr; usb_udelay &rArr; hw_delay &rArr; hw_time_set
</UL>
<BR>[Calls]<UL><LI><a href="#[b1]">&gt;&gt;</a>&nbsp;&nbsp;&nbsp;usb_udelay
</UL>
<BR>[Called By]<UL><LI><a href="#[b2]">&gt;&gt;</a>&nbsp;&nbsp;&nbsp;usb_devcore_init
</UL>

<P><STRONG><a name="[d6]"></a>usb_rxfifo_read</STRONG> (Thumb, 30 bytes, Stack size 16 bytes, drv_usb_core.o(i.usb_rxfifo_read))
<BR><BR>[Stack]<UL><LI>Max Depth = 16<LI>Call Chain = usb_rxfifo_read
</UL>
<BR>[Called By]<UL><LI><a href="#[d5]">&gt;&gt;</a>&nbsp;&nbsp;&nbsp;usbd_int_rxfifo
</UL>

<P><STRONG><a name="[b3]"></a>usb_set_txfifo</STRONG> (Thumb, 72 bytes, Stack size 16 bytes, drv_usb_core.o(i.usb_set_txfifo))
<BR><BR>[Stack]<UL><LI>Max Depth = 16<LI>Call Chain = usb_set_txfifo
</UL>
<BR>[Called By]<UL><LI><a href="#[b2]">&gt;&gt;</a>&nbsp;&nbsp;&nbsp;usb_devcore_init
</UL>

<P><STRONG><a name="[98]"></a>usb_timer_init</STRONG> (Thumb, 30 bytes, Stack size 8 bytes, gd32f30x_hw.o(i.usb_timer_init))
<BR><BR>[Stack]<UL><LI>Max Depth = 44<LI>Call Chain = usb_timer_init &rArr; nvic_irq_enable
</UL>
<BR>[Calls]<UL><LI><a href="#[73]">&gt;&gt;</a>&nbsp;&nbsp;&nbsp;rcu_periph_clock_enable
<LI><a href="#[a1]">&gt;&gt;</a>&nbsp;&nbsp;&nbsp;nvic_priority_group_set
<LI><a href="#[a0]">&gt;&gt;</a>&nbsp;&nbsp;&nbsp;nvic_irq_enable
</UL>
<BR>[Called By]<UL><LI><a href="#[61]">&gt;&gt;</a>&nbsp;&nbsp;&nbsp;main
</UL>

<P><STRONG><a name="[6d]"></a>usb_timer_irq</STRONG> (Thumb, 46 bytes, Stack size 8 bytes, gd32f30x_hw.o(i.usb_timer_irq))
<BR><BR>[Stack]<UL><LI>Max Depth = 16<LI>Call Chain = usb_timer_irq &rArr; timer_interrupt_flag_get
</UL>
<BR>[Calls]<UL><LI><a href="#[bc]">&gt;&gt;</a>&nbsp;&nbsp;&nbsp;timer_interrupt_flag_get
<LI><a href="#[8d]">&gt;&gt;</a>&nbsp;&nbsp;&nbsp;timer_interrupt_flag_clear
<LI><a href="#[8a]">&gt;&gt;</a>&nbsp;&nbsp;&nbsp;timer_disable
</UL>
<BR>[Called By]<UL><LI><a href="#[3c]">&gt;&gt;</a>&nbsp;&nbsp;&nbsp;TIMER2_IRQHandler
</UL>

<P><STRONG><a name="[ca]"></a>usb_transc_active</STRONG> (Thumb, 138 bytes, Stack size 20 bytes, drv_usb_dev.o(i.usb_transc_active))
<BR><BR>[Stack]<UL><LI>Max Depth = 20<LI>Call Chain = usb_transc_active
</UL>
<BR>[Called By]<UL><LI><a href="#[87]">&gt;&gt;</a>&nbsp;&nbsp;&nbsp;usbd_ep_setup
<LI><a href="#[d4]">&gt;&gt;</a>&nbsp;&nbsp;&nbsp;usbd_int_reset
</UL>

<P><STRONG><a name="[cc]"></a>usb_transc_clrstall</STRONG> (Thumb, 68 bytes, Stack size 8 bytes, drv_usb_dev.o(i.usb_transc_clrstall))
<BR><BR>[Stack]<UL><LI>Max Depth = 8<LI>Call Chain = usb_transc_clrstall
</UL>
<BR>[Called By]<UL><LI><a href="#[6f]">&gt;&gt;</a>&nbsp;&nbsp;&nbsp;usbd_ep_stall_clear
</UL>

<P><STRONG><a name="[c8]"></a>usb_transc_deactivate</STRONG> (Thumb, 100 bytes, Stack size 12 bytes, drv_usb_dev.o(i.usb_transc_deactivate))
<BR><BR>[Stack]<UL><LI>Max Depth = 12<LI>Call Chain = usb_transc_deactivate
</UL>
<BR>[Called By]<UL><LI><a href="#[85]">&gt;&gt;</a>&nbsp;&nbsp;&nbsp;usbd_ep_clear
</UL>

<P><STRONG><a name="[be]"></a>usb_transc_inxfer</STRONG> (Thumb, 250 bytes, Stack size 32 bytes, drv_usb_dev.o(i.usb_transc_inxfer))
<BR><BR>[Stack]<UL><LI>Max Depth = 52<LI>Call Chain = usb_transc_inxfer &rArr; usb_txfifo_write
</UL>
<BR>[Calls]<UL><LI><a href="#[bf]">&gt;&gt;</a>&nbsp;&nbsp;&nbsp;usb_txfifo_write
</UL>
<BR>[Called By]<UL><LI><a href="#[86]">&gt;&gt;</a>&nbsp;&nbsp;&nbsp;usbd_ep_send
</UL>

<P><STRONG><a name="[c9]"></a>usb_transc_outxfer</STRONG> (Thumb, 126 bytes, Stack size 20 bytes, drv_usb_dev.o(i.usb_transc_outxfer))
<BR><BR>[Stack]<UL><LI>Max Depth = 20<LI>Call Chain = usb_transc_outxfer
</UL>
<BR>[Called By]<UL><LI><a href="#[bb]">&gt;&gt;</a>&nbsp;&nbsp;&nbsp;usbd_ep_recev
</UL>

<P><STRONG><a name="[cb]"></a>usb_transc_stall</STRONG> (Thumb, 66 bytes, Stack size 8 bytes, drv_usb_dev.o(i.usb_transc_stall))
<BR><BR>[Stack]<UL><LI>Max Depth = 8<LI>Call Chain = usb_transc_stall
</UL>
<BR>[Called By]<UL><LI><a href="#[71]">&gt;&gt;</a>&nbsp;&nbsp;&nbsp;usbd_ep_stall
</UL>

<P><STRONG><a name="[b4]"></a>usb_txfifo_flush</STRONG> (Thumb, 40 bytes, Stack size 16 bytes, drv_usb_core.o(i.usb_txfifo_flush))
<BR><BR>[Stack]<UL><LI>Max Depth = 64<LI>Call Chain = usb_txfifo_flush &rArr; usb_udelay &rArr; hw_delay &rArr; hw_time_set
</UL>
<BR>[Calls]<UL><LI><a href="#[b1]">&gt;&gt;</a>&nbsp;&nbsp;&nbsp;usb_udelay
</UL>
<BR>[Called By]<UL><LI><a href="#[b2]">&gt;&gt;</a>&nbsp;&nbsp;&nbsp;usb_devcore_init
<LI><a href="#[d4]">&gt;&gt;</a>&nbsp;&nbsp;&nbsp;usbd_int_reset
</UL>

<P><STRONG><a name="[bf]"></a>usb_txfifo_write</STRONG> (Thumb, 34 bytes, Stack size 20 bytes, drv_usb_core.o(i.usb_txfifo_write))
<BR><BR>[Stack]<UL><LI>Max Depth = 20<LI>Call Chain = usb_txfifo_write
</UL>
<BR>[Called By]<UL><LI><a href="#[be]">&gt;&gt;</a>&nbsp;&nbsp;&nbsp;usb_transc_inxfer
<LI><a href="#[c6]">&gt;&gt;</a>&nbsp;&nbsp;&nbsp;usbd_emptytxfifo_write
</UL>

<P><STRONG><a name="[b1]"></a>usb_udelay</STRONG> (Thumb, 14 bytes, Stack size 8 bytes, gd32f30x_hw.o(i.usb_udelay))
<BR><BR>[Stack]<UL><LI>Max Depth = 48<LI>Call Chain = usb_udelay &rArr; hw_delay &rArr; hw_time_set
</UL>
<BR>[Calls]<UL><LI><a href="#[88]">&gt;&gt;</a>&nbsp;&nbsp;&nbsp;hw_delay
</UL>
<BR>[Called By]<UL><LI><a href="#[af]">&gt;&gt;</a>&nbsp;&nbsp;&nbsp;usb_core_reset
<LI><a href="#[b4]">&gt;&gt;</a>&nbsp;&nbsp;&nbsp;usb_txfifo_flush
<LI><a href="#[b5]">&gt;&gt;</a>&nbsp;&nbsp;&nbsp;usb_rxfifo_flush
</UL>

<P><STRONG><a name="[db]"></a>usbd_class_request</STRONG> (Thumb, 38 bytes, Stack size 16 bytes, usbd_enum.o(i.usbd_class_request))
<BR><BR>[Stack]<UL><LI>Max Depth = 16<LI>Call Chain = usbd_class_request
</UL>
<BR>[Called By]<UL><LI><a href="#[d3]">&gt;&gt;</a>&nbsp;&nbsp;&nbsp;usbd_setup_transc
</UL>

<P><STRONG><a name="[9c]"></a>usbd_connect</STRONG> (Thumb, 28 bytes, Stack size 8 bytes, usbd_core.o(i.usbd_connect))
<BR><BR>[Stack]<UL><LI>Max Depth = 56<LI>Call Chain = usbd_connect &rArr; usb_mdelay &rArr; hw_delay &rArr; hw_time_set
</UL>
<BR>[Calls]<UL><LI><a href="#[b0]">&gt;&gt;</a>&nbsp;&nbsp;&nbsp;usb_mdelay
</UL>
<BR>[Called By]<UL><LI><a href="#[99]">&gt;&gt;</a>&nbsp;&nbsp;&nbsp;usbd_init
<LI><a href="#[61]">&gt;&gt;</a>&nbsp;&nbsp;&nbsp;main
</UL>

<P><STRONG><a name="[c0]"></a>usbd_ctl_recev</STRONG> (Thumb, 46 bytes, Stack size 16 bytes, usbd_transc.o(i.usbd_ctl_recev))
<BR><BR>[Stack]<UL><LI>Max Depth = 60<LI>Call Chain = usbd_ctl_recev &rArr; usbd_ep_recev &rArr; usb_transc_outxfer
</UL>
<BR>[Calls]<UL><LI><a href="#[bb]">&gt;&gt;</a>&nbsp;&nbsp;&nbsp;usbd_ep_recev
</UL>
<BR>[Called By]<UL><LI><a href="#[d3]">&gt;&gt;</a>&nbsp;&nbsp;&nbsp;usbd_setup_transc
<LI><a href="#[d2]">&gt;&gt;</a>&nbsp;&nbsp;&nbsp;usbd_out_transc
</UL>

<P><STRONG><a name="[c1]"></a>usbd_ctl_send</STRONG> (Thumb, 46 bytes, Stack size 16 bytes, usbd_transc.o(i.usbd_ctl_send))
<BR><BR>[Stack]<UL><LI>Max Depth = 92<LI>Call Chain = usbd_ctl_send &rArr; usbd_ep_send &rArr; usb_transc_inxfer &rArr; usb_txfifo_write
</UL>
<BR>[Calls]<UL><LI><a href="#[86]">&gt;&gt;</a>&nbsp;&nbsp;&nbsp;usbd_ep_send
</UL>
<BR>[Called By]<UL><LI><a href="#[d3]">&gt;&gt;</a>&nbsp;&nbsp;&nbsp;usbd_setup_transc
<LI><a href="#[cd]">&gt;&gt;</a>&nbsp;&nbsp;&nbsp;usbd_in_transc
</UL>

<P><STRONG><a name="[c2]"></a>usbd_ctl_status_recev</STRONG> (Thumb, 32 bytes, Stack size 8 bytes, usbd_transc.o(i.usbd_ctl_status_recev))
<BR><BR>[Stack]<UL><LI>Max Depth = 52<LI>Call Chain = usbd_ctl_status_recev &rArr; usbd_ep_recev &rArr; usb_transc_outxfer
</UL>
<BR>[Calls]<UL><LI><a href="#[bb]">&gt;&gt;</a>&nbsp;&nbsp;&nbsp;usbd_ep_recev
<LI><a href="#[c3]">&gt;&gt;</a>&nbsp;&nbsp;&nbsp;usb_ctlep_startout
</UL>
<BR>[Called By]<UL><LI><a href="#[cd]">&gt;&gt;</a>&nbsp;&nbsp;&nbsp;usbd_in_transc
</UL>

<P><STRONG><a name="[c4]"></a>usbd_ctl_status_send</STRONG> (Thumb, 32 bytes, Stack size 8 bytes, usbd_transc.o(i.usbd_ctl_status_send))
<BR><BR>[Stack]<UL><LI>Max Depth = 84<LI>Call Chain = usbd_ctl_status_send &rArr; usbd_ep_send &rArr; usb_transc_inxfer &rArr; usb_txfifo_write
</UL>
<BR>[Calls]<UL><LI><a href="#[86]">&gt;&gt;</a>&nbsp;&nbsp;&nbsp;usbd_ep_send
<LI><a href="#[c3]">&gt;&gt;</a>&nbsp;&nbsp;&nbsp;usb_ctlep_startout
</UL>
<BR>[Called By]<UL><LI><a href="#[d3]">&gt;&gt;</a>&nbsp;&nbsp;&nbsp;usbd_setup_transc
<LI><a href="#[d2]">&gt;&gt;</a>&nbsp;&nbsp;&nbsp;usbd_out_transc
</UL>

<P><STRONG><a name="[c5]"></a>usbd_disconnect</STRONG> (Thumb, 28 bytes, Stack size 8 bytes, usbd_core.o(i.usbd_disconnect))
<BR><BR>[Stack]<UL><LI>Max Depth = 56<LI>Call Chain = usbd_disconnect &rArr; usb_mdelay &rArr; hw_delay &rArr; hw_time_set
</UL>
<BR>[Calls]<UL><LI><a href="#[b0]">&gt;&gt;</a>&nbsp;&nbsp;&nbsp;usb_mdelay
</UL>
<BR>[Called By]<UL><LI><a href="#[99]">&gt;&gt;</a>&nbsp;&nbsp;&nbsp;usbd_init
</UL>

<P><STRONG><a name="[c7]"></a>usbd_enum_error</STRONG> (Thumb, 30 bytes, Stack size 16 bytes, usbd_enum.o(i.usbd_enum_error))
<BR><BR>[Stack]<UL><LI>Max Depth = 40<LI>Call Chain = usbd_enum_error &rArr; usbd_ep_stall &rArr; usb_transc_stall
</UL>
<BR>[Calls]<UL><LI><a href="#[c3]">&gt;&gt;</a>&nbsp;&nbsp;&nbsp;usb_ctlep_startout
<LI><a href="#[71]">&gt;&gt;</a>&nbsp;&nbsp;&nbsp;usbd_ep_stall
</UL>
<BR>[Called By]<UL><LI><a href="#[d3]">&gt;&gt;</a>&nbsp;&nbsp;&nbsp;usbd_setup_transc
</UL>

<P><STRONG><a name="[85]"></a>usbd_ep_clear</STRONG> (Thumb, 52 bytes, Stack size 16 bytes, usbd_core.o(i.usbd_ep_clear))
<BR><BR>[Stack]<UL><LI>Max Depth = 28<LI>Call Chain = usbd_ep_clear &rArr; usb_transc_deactivate
</UL>
<BR>[Calls]<UL><LI><a href="#[c8]">&gt;&gt;</a>&nbsp;&nbsp;&nbsp;usb_transc_deactivate
</UL>
<BR>[Called By]<UL><LI><a href="#[10]">&gt;&gt;</a>&nbsp;&nbsp;&nbsp;cdc_acm_deinit
</UL>

<P><STRONG><a name="[bb]"></a>usbd_ep_recev</STRONG> (Thumb, 52 bytes, Stack size 24 bytes, usbd_core.o(i.usbd_ep_recev))
<BR><BR>[Stack]<UL><LI>Max Depth = 44<LI>Call Chain = usbd_ep_recev &rArr; usb_transc_outxfer
</UL>
<BR>[Calls]<UL><LI><a href="#[c9]">&gt;&gt;</a>&nbsp;&nbsp;&nbsp;usb_transc_outxfer
</UL>
<BR>[Called By]<UL><LI><a href="#[a5]">&gt;&gt;</a>&nbsp;&nbsp;&nbsp;usb_recv
<LI><a href="#[c2]">&gt;&gt;</a>&nbsp;&nbsp;&nbsp;usbd_ctl_status_recev
<LI><a href="#[c0]">&gt;&gt;</a>&nbsp;&nbsp;&nbsp;usbd_ctl_recev
</UL>

<P><STRONG><a name="[86]"></a>usbd_ep_send</STRONG> (Thumb, 52 bytes, Stack size 24 bytes, usbd_core.o(i.usbd_ep_send))
<BR><BR>[Stack]<UL><LI>Max Depth = 76<LI>Call Chain = usbd_ep_send &rArr; usb_transc_inxfer &rArr; usb_txfifo_write
</UL>
<BR>[Calls]<UL><LI><a href="#[be]">&gt;&gt;</a>&nbsp;&nbsp;&nbsp;usb_transc_inxfer
</UL>
<BR>[Called By]<UL><LI><a href="#[84]">&gt;&gt;</a>&nbsp;&nbsp;&nbsp;usb_send
<LI><a href="#[cd]">&gt;&gt;</a>&nbsp;&nbsp;&nbsp;usbd_in_transc
<LI><a href="#[c4]">&gt;&gt;</a>&nbsp;&nbsp;&nbsp;usbd_ctl_status_send
<LI><a href="#[c1]">&gt;&gt;</a>&nbsp;&nbsp;&nbsp;usbd_ctl_send
<LI><a href="#[13]">&gt;&gt;</a>&nbsp;&nbsp;&nbsp;cdc_acm_in
</UL>

<P><STRONG><a name="[87]"></a>usbd_ep_setup</STRONG> (Thumb, 108 bytes, Stack size 24 bytes, usbd_core.o(i.usbd_ep_setup))
<BR><BR>[Stack]<UL><LI>Max Depth = 44<LI>Call Chain = usbd_ep_setup &rArr; usb_transc_active
</UL>
<BR>[Calls]<UL><LI><a href="#[ca]">&gt;&gt;</a>&nbsp;&nbsp;&nbsp;usb_transc_active
</UL>
<BR>[Called By]<UL><LI><a href="#[f]">&gt;&gt;</a>&nbsp;&nbsp;&nbsp;cdc_acm_init
</UL>

<P><STRONG><a name="[71]"></a>usbd_ep_stall</STRONG> (Thumb, 58 bytes, Stack size 16 bytes, usbd_core.o(i.usbd_ep_stall))
<BR><BR>[Stack]<UL><LI>Max Depth = 24<LI>Call Chain = usbd_ep_stall &rArr; usb_transc_stall
</UL>
<BR>[Calls]<UL><LI><a href="#[cb]">&gt;&gt;</a>&nbsp;&nbsp;&nbsp;usb_transc_stall
</UL>
<BR>[Called By]<UL><LI><a href="#[c7]">&gt;&gt;</a>&nbsp;&nbsp;&nbsp;usbd_enum_error
<LI><a href="#[3]">&gt;&gt;</a>&nbsp;&nbsp;&nbsp;_usb_std_setfeature
</UL>

<P><STRONG><a name="[6f]"></a>usbd_ep_stall_clear</STRONG> (Thumb, 58 bytes, Stack size 16 bytes, usbd_core.o(i.usbd_ep_stall_clear))
<BR><BR>[Stack]<UL><LI>Max Depth = 24<LI>Call Chain = usbd_ep_stall_clear &rArr; usb_transc_clrstall
</UL>
<BR>[Calls]<UL><LI><a href="#[cc]">&gt;&gt;</a>&nbsp;&nbsp;&nbsp;usb_transc_clrstall
</UL>
<BR>[Called By]<UL><LI><a href="#[1]">&gt;&gt;</a>&nbsp;&nbsp;&nbsp;_usb_std_clearfeature
</UL>

<P><STRONG><a name="[cd]"></a>usbd_in_transc</STRONG> (Thumb, 146 bytes, Stack size 16 bytes, usbd_transc.o(i.usbd_in_transc))
<BR><BR>[Stack]<UL><LI>Max Depth = 108<LI>Call Chain = usbd_in_transc &rArr; usbd_ctl_send &rArr; usbd_ep_send &rArr; usb_transc_inxfer &rArr; usb_txfifo_write
</UL>
<BR>[Calls]<UL><LI><a href="#[86]">&gt;&gt;</a>&nbsp;&nbsp;&nbsp;usbd_ep_send
<LI><a href="#[c2]">&gt;&gt;</a>&nbsp;&nbsp;&nbsp;usbd_ctl_status_recev
<LI><a href="#[c1]">&gt;&gt;</a>&nbsp;&nbsp;&nbsp;usbd_ctl_send
</UL>
<BR>[Called By]<UL><LI><a href="#[cf]">&gt;&gt;</a>&nbsp;&nbsp;&nbsp;usbd_int_epin
</UL>

<P><STRONG><a name="[99]"></a>usbd_init</STRONG> (Thumb, 136 bytes, Stack size 24 bytes, usbd_core.o(i.usbd_init))
<BR><BR>[Stack]<UL><LI>Max Depth = 224<LI>Call Chain = usbd_init &rArr; usb_basic_init
</UL>
<BR>[Calls]<UL><LI><a href="#[9c]">&gt;&gt;</a>&nbsp;&nbsp;&nbsp;usbd_connect
<LI><a href="#[b2]">&gt;&gt;</a>&nbsp;&nbsp;&nbsp;usb_devcore_init
<LI><a href="#[ce]">&gt;&gt;</a>&nbsp;&nbsp;&nbsp;usb_curmode_set
<LI><a href="#[ae]">&gt;&gt;</a>&nbsp;&nbsp;&nbsp;usb_core_init
<LI><a href="#[ac]">&gt;&gt;</a>&nbsp;&nbsp;&nbsp;usb_basic_init
<LI><a href="#[a8]">&gt;&gt;</a>&nbsp;&nbsp;&nbsp;serial_string_get
<LI><a href="#[c5]">&gt;&gt;</a>&nbsp;&nbsp;&nbsp;usbd_disconnect
</UL>
<BR>[Called By]<UL><LI><a href="#[61]">&gt;&gt;</a>&nbsp;&nbsp;&nbsp;main
</UL>

<P><STRONG><a name="[6e]"></a>usbd_isr</STRONG> (Thumb, 232 bytes, Stack size 16 bytes, drv_usbd_int.o(i.usbd_isr))
<BR><BR>[Stack]<UL><LI>Max Depth = 156<LI>Call Chain = usbd_isr &rArr; usbd_int_epout &rArr; usbd_setup_transc &rArr; usbd_ctl_send &rArr; usbd_ep_send &rArr; usb_transc_inxfer &rArr; usb_txfifo_write
</UL>
<BR>[Calls]<UL><LI><a href="#[d7]">&gt;&gt;</a>&nbsp;&nbsp;&nbsp;usbd_int_suspend
<LI><a href="#[d5]">&gt;&gt;</a>&nbsp;&nbsp;&nbsp;usbd_int_rxfifo
<LI><a href="#[d4]">&gt;&gt;</a>&nbsp;&nbsp;&nbsp;usbd_int_reset
<LI><a href="#[d1]">&gt;&gt;</a>&nbsp;&nbsp;&nbsp;usbd_int_epout
<LI><a href="#[cf]">&gt;&gt;</a>&nbsp;&nbsp;&nbsp;usbd_int_epin
<LI><a href="#[d9]">&gt;&gt;</a>&nbsp;&nbsp;&nbsp;usbd_int_enumfinish
</UL>
<BR>[Called By]<UL><LI><a href="#[60]">&gt;&gt;</a>&nbsp;&nbsp;&nbsp;USBFS_IRQHandler
</UL>

<P><STRONG><a name="[d2]"></a>usbd_out_transc</STRONG> (Thumb, 118 bytes, Stack size 16 bytes, usbd_transc.o(i.usbd_out_transc))
<BR><BR>[Stack]<UL><LI>Max Depth = 100<LI>Call Chain = usbd_out_transc &rArr; usbd_ctl_status_send &rArr; usbd_ep_send &rArr; usb_transc_inxfer &rArr; usb_txfifo_write
</UL>
<BR>[Calls]<UL><LI><a href="#[c4]">&gt;&gt;</a>&nbsp;&nbsp;&nbsp;usbd_ctl_status_send
<LI><a href="#[c0]">&gt;&gt;</a>&nbsp;&nbsp;&nbsp;usbd_ctl_recev
</UL>
<BR>[Called By]<UL><LI><a href="#[d1]">&gt;&gt;</a>&nbsp;&nbsp;&nbsp;usbd_int_epout
</UL>

<P><STRONG><a name="[d3]"></a>usbd_setup_transc</STRONG> (Thumb, 132 bytes, Stack size 24 bytes, usbd_transc.o(i.usbd_setup_transc))
<BR><BR>[Stack]<UL><LI>Max Depth = 116<LI>Call Chain = usbd_setup_transc &rArr; usbd_ctl_send &rArr; usbd_ep_send &rArr; usb_transc_inxfer &rArr; usb_txfifo_write
</UL>
<BR>[Calls]<UL><LI><a href="#[c4]">&gt;&gt;</a>&nbsp;&nbsp;&nbsp;usbd_ctl_status_send
<LI><a href="#[c1]">&gt;&gt;</a>&nbsp;&nbsp;&nbsp;usbd_ctl_send
<LI><a href="#[c0]">&gt;&gt;</a>&nbsp;&nbsp;&nbsp;usbd_ctl_recev
<LI><a href="#[dc]">&gt;&gt;</a>&nbsp;&nbsp;&nbsp;usbd_vendor_request
<LI><a href="#[da]">&gt;&gt;</a>&nbsp;&nbsp;&nbsp;usbd_standard_request
<LI><a href="#[c7]">&gt;&gt;</a>&nbsp;&nbsp;&nbsp;usbd_enum_error
<LI><a href="#[db]">&gt;&gt;</a>&nbsp;&nbsp;&nbsp;usbd_class_request
</UL>
<BR>[Called By]<UL><LI><a href="#[d1]">&gt;&gt;</a>&nbsp;&nbsp;&nbsp;usbd_int_epout
</UL>

<P><STRONG><a name="[da]"></a>usbd_standard_request</STRONG> (Thumb, 22 bytes, Stack size 16 bytes, usbd_enum.o(i.usbd_standard_request))
<BR><BR>[Stack]<UL><LI>Max Depth = 16<LI>Call Chain = usbd_standard_request
</UL>
<BR>[Called By]<UL><LI><a href="#[d3]">&gt;&gt;</a>&nbsp;&nbsp;&nbsp;usbd_setup_transc
</UL>

<P><STRONG><a name="[dc]"></a>usbd_vendor_request</STRONG> (Thumb, 6 bytes, Stack size 0 bytes, usbd_enum.o(i.usbd_vendor_request))
<BR><BR>[Called By]<UL><LI><a href="#[d3]">&gt;&gt;</a>&nbsp;&nbsp;&nbsp;usbd_setup_transc
</UL>
<P>
<H3>
Local Symbols
</H3>
<P><STRONG><a name="[ab]"></a>__NVIC_SetPriority</STRONG> (Thumb, 32 bytes, Stack size 8 bytes, systick.o(i.__NVIC_SetPriority))
<BR><BR>[Stack]<UL><LI>Max Depth = 8<LI>Call Chain = __NVIC_SetPriority
</UL>
<BR>[Called By]<UL><LI><a href="#[9b]">&gt;&gt;</a>&nbsp;&nbsp;&nbsp;systick_config
</UL>

<P><STRONG><a name="[88]"></a>hw_delay</STRONG> (Thumb, 34 bytes, Stack size 16 bytes, gd32f30x_hw.o(i.hw_delay))
<BR><BR>[Stack]<UL><LI>Max Depth = 40<LI>Call Chain = hw_delay &rArr; hw_time_set
</UL>
<BR>[Calls]<UL><LI><a href="#[8a]">&gt;&gt;</a>&nbsp;&nbsp;&nbsp;timer_disable
<LI><a href="#[89]">&gt;&gt;</a>&nbsp;&nbsp;&nbsp;hw_time_set
</UL>
<BR>[Called By]<UL><LI><a href="#[b1]">&gt;&gt;</a>&nbsp;&nbsp;&nbsp;usb_udelay
<LI><a href="#[b0]">&gt;&gt;</a>&nbsp;&nbsp;&nbsp;usb_mdelay
</UL>

<P><STRONG><a name="[89]"></a>hw_time_set</STRONG> (Thumb, 102 bytes, Stack size 24 bytes, gd32f30x_hw.o(i.hw_time_set))
<BR><BR>[Stack]<UL><LI>Max Depth = 24<LI>Call Chain = hw_time_set
</UL>
<BR>[Calls]<UL><LI><a href="#[8d]">&gt;&gt;</a>&nbsp;&nbsp;&nbsp;timer_interrupt_flag_clear
<LI><a href="#[8f]">&gt;&gt;</a>&nbsp;&nbsp;&nbsp;timer_interrupt_enable
<LI><a href="#[8b]">&gt;&gt;</a>&nbsp;&nbsp;&nbsp;timer_interrupt_disable
<LI><a href="#[8c]">&gt;&gt;</a>&nbsp;&nbsp;&nbsp;timer_init
<LI><a href="#[90]">&gt;&gt;</a>&nbsp;&nbsp;&nbsp;timer_enable
<LI><a href="#[8a]">&gt;&gt;</a>&nbsp;&nbsp;&nbsp;timer_disable
<LI><a href="#[8e]">&gt;&gt;</a>&nbsp;&nbsp;&nbsp;timer_auto_reload_shadow_enable
</UL>
<BR>[Called By]<UL><LI><a href="#[88]">&gt;&gt;</a>&nbsp;&nbsp;&nbsp;hw_delay
</UL>

<P><STRONG><a name="[7e]"></a>can_rx_poll</STRONG> (Thumb, 40 bytes, Stack size 24 bytes, protocal.o(i.can_rx_poll))
<BR><BR>[Stack]<UL><LI>Max Depth = 40<LI>Call Chain = can_rx_poll &rArr; can0_recv_msg &rArr; can_message_receive
</UL>
<BR>[Calls]<UL><LI><a href="#[79]">&gt;&gt;</a>&nbsp;&nbsp;&nbsp;can0_recv_msg
<LI><a href="#[80]">&gt;&gt;</a>&nbsp;&nbsp;&nbsp;proto_touch
<LI><a href="#[7f]">&gt;&gt;</a>&nbsp;&nbsp;&nbsp;can_up_push
</UL>
<BR>[Called By]<UL><LI><a href="#[9e]">&gt;&gt;</a>&nbsp;&nbsp;&nbsp;protocol_task
</UL>

<P><STRONG><a name="[81]"></a>can_up_flush</STRONG> (Thumb, 220 bytes, Stack size 24 bytes, protocal.o(i.can_up_flush))
<BR><BR>[Stack]<UL><LI>Max Depth = 116<LI>Call Chain = can_up_flush &rArr; usb_send &rArr; usbd_ep_send &rArr; usb_transc_inxfer &rArr; usb_txfifo_write
</UL>
<BR>[Calls]<UL><LI><a href="#[83]">&gt;&gt;</a>&nbsp;&nbsp;&nbsp;usb_tx_busy
<LI><a href="#[84]">&gt;&gt;</a>&nbsp;&nbsp;&nbsp;usb_send
<LI><a href="#[82]">&gt;&gt;</a>&nbsp;&nbsp;&nbsp;usb_ready
</UL>
<BR>[Called By]<UL><LI><a href="#[9e]">&gt;&gt;</a>&nbsp;&nbsp;&nbsp;protocol_task
</UL>

<P><STRONG><a name="[7f]"></a>can_up_push</STRONG> (Thumb, 164 bytes, Stack size 12 bytes, protocal.o(i.can_up_push))
<BR><BR>[Stack]<UL><LI>Max Depth = 12<LI>Call Chain = can_up_push
</UL>
<BR>[Called By]<UL><LI><a href="#[7e]">&gt;&gt;</a>&nbsp;&nbsp;&nbsp;can_rx_poll
</UL>

<P><STRONG><a name="[b9]"></a>cdc_handler_get</STRONG> (Thumb, 20 bytes, Stack size 0 bytes, protocal.o(i.cdc_handler_get))
<BR><BR>[Called By]<UL><LI><a href="#[83]">&gt;&gt;</a>&nbsp;&nbsp;&nbsp;usb_tx_busy
<LI><a href="#[84]">&gt;&gt;</a>&nbsp;&nbsp;&nbsp;usb_send
<LI><a href="#[a5]">&gt;&gt;</a>&nbsp;&nbsp;&nbsp;usb_recv
</UL>

<P><STRONG><a name="[a4]"></a>proto_auto_test</STRONG> (Thumb, 2 bytes, Stack size 0 bytes, protocal.o(i.proto_auto_test))
<BR><BR>[Called By]<UL><LI><a href="#[9e]">&gt;&gt;</a>&nbsp;&nbsp;&nbsp;protocol_task
</UL>

<P><STRONG><a name="[80]"></a>proto_touch</STRONG> (Thumb, 18 bytes, Stack size 8 bytes, protocal.o(i.proto_touch))
<BR><BR>[Stack]<UL><LI>Max Depth = 8<LI>Call Chain = proto_touch
</UL>
<BR>[Calls]<UL><LI><a href="#[a2]">&gt;&gt;</a>&nbsp;&nbsp;&nbsp;get_systick_tick
</UL>
<BR>[Called By]<UL><LI><a href="#[7e]">&gt;&gt;</a>&nbsp;&nbsp;&nbsp;can_rx_poll
<LI><a href="#[9e]">&gt;&gt;</a>&nbsp;&nbsp;&nbsp;protocol_task
</UL>

<P><STRONG><a name="[82]"></a>usb_ready</STRONG> (Thumb, 18 bytes, Stack size 0 bytes, protocal.o(i.usb_ready))
<BR><BR>[Called By]<UL><LI><a href="#[81]">&gt;&gt;</a>&nbsp;&nbsp;&nbsp;can_up_flush
<LI><a href="#[9e]">&gt;&gt;</a>&nbsp;&nbsp;&nbsp;protocol_task
</UL>

<P><STRONG><a name="[a5]"></a>usb_recv</STRONG> (Thumb, 92 bytes, Stack size 24 bytes, protocal.o(i.usb_recv))
<BR><BR>[Stack]<UL><LI>Max Depth = 68<LI>Call Chain = usb_recv &rArr; usbd_ep_recev &rArr; usb_transc_outxfer
</UL>
<BR>[Calls]<UL><LI><a href="#[bb]">&gt;&gt;</a>&nbsp;&nbsp;&nbsp;usbd_ep_recev
<LI><a href="#[b9]">&gt;&gt;</a>&nbsp;&nbsp;&nbsp;cdc_handler_get
<LI><a href="#[ba]">&gt;&gt;</a>&nbsp;&nbsp;&nbsp;__aeabi_memcpy
</UL>
<BR>[Called By]<UL><LI><a href="#[9e]">&gt;&gt;</a>&nbsp;&nbsp;&nbsp;protocol_task
</UL>

<P><STRONG><a name="[a6]"></a>usb_rx_feed</STRONG> (Thumb, 64 bytes, Stack size 16 bytes, protocal.o(i.usb_rx_feed))
<BR><BR>[Stack]<UL><LI>Max Depth = 16<LI>Call Chain = usb_rx_feed
</UL>
<BR>[Called By]<UL><LI><a href="#[9e]">&gt;&gt;</a>&nbsp;&nbsp;&nbsp;protocol_task
</UL>

<P><STRONG><a name="[bd]"></a>usb_rx_get</STRONG> (Thumb, 54 bytes, Stack size 0 bytes, protocal.o(i.usb_rx_get))
<BR><BR>[Called By]<UL><LI><a href="#[a7]">&gt;&gt;</a>&nbsp;&nbsp;&nbsp;usb_to_can_process
</UL>

<P><STRONG><a name="[84]"></a>usb_send</STRONG> (Thumb, 46 bytes, Stack size 16 bytes, protocal.o(i.usb_send))
<BR><BR>[Stack]<UL><LI>Max Depth = 92<LI>Call Chain = usb_send &rArr; usbd_ep_send &rArr; usb_transc_inxfer &rArr; usb_txfifo_write
</UL>
<BR>[Calls]<UL><LI><a href="#[86]">&gt;&gt;</a>&nbsp;&nbsp;&nbsp;usbd_ep_send
<LI><a href="#[b9]">&gt;&gt;</a>&nbsp;&nbsp;&nbsp;cdc_handler_get
</UL>
<BR>[Called By]<UL><LI><a href="#[81]">&gt;&gt;</a>&nbsp;&nbsp;&nbsp;can_up_flush
</UL>

<P><STRONG><a name="[a7]"></a>usb_to_can_process</STRONG> (Thumb, 290 bytes, Stack size 24 bytes, protocal.o(i.usb_to_can_process))
<BR><BR>[Stack]<UL><LI>Max Depth = 84<LI>Call Chain = usb_to_can_process &rArr; can0_send_frame &rArr; can_message_transmit
</UL>
<BR>[Calls]<UL><LI><a href="#[7c]">&gt;&gt;</a>&nbsp;&nbsp;&nbsp;can0_send_frame
<LI><a href="#[bd]">&gt;&gt;</a>&nbsp;&nbsp;&nbsp;usb_rx_get
</UL>
<BR>[Called By]<UL><LI><a href="#[9e]">&gt;&gt;</a>&nbsp;&nbsp;&nbsp;protocol_task
</UL>

<P><STRONG><a name="[83]"></a>usb_tx_busy</STRONG> (Thumb, 26 bytes, Stack size 8 bytes, protocal.o(i.usb_tx_busy))
<BR><BR>[Stack]<UL><LI>Max Depth = 8<LI>Call Chain = usb_tx_busy
</UL>
<BR>[Calls]<UL><LI><a href="#[b9]">&gt;&gt;</a>&nbsp;&nbsp;&nbsp;cdc_handler_get
</UL>
<BR>[Called By]<UL><LI><a href="#[81]">&gt;&gt;</a>&nbsp;&nbsp;&nbsp;can_up_flush
</UL>

<P><STRONG><a name="[6b]"></a>_soft_delay_</STRONG> (Thumb, 28 bytes, Stack size 8 bytes, system_gd32f30x.o(i._soft_delay_))
<BR><BR>[Stack]<UL><LI>Max Depth = 8<LI>Call Chain = _soft_delay_
</UL>
<BR>[Called By]<UL><LI><a href="#[62]">&gt;&gt;</a>&nbsp;&nbsp;&nbsp;SystemInit
</UL>

<P><STRONG><a name="[aa]"></a>system_clock_120m_hxtal</STRONG> (Thumb, 296 bytes, Stack size 8 bytes, system_gd32f30x.o(i.system_clock_120m_hxtal))
<BR><BR>[Stack]<UL><LI>Max Depth = 8<LI>Call Chain = system_clock_120m_hxtal
</UL>
<BR>[Called By]<UL><LI><a href="#[6c]">&gt;&gt;</a>&nbsp;&nbsp;&nbsp;system_clock_config
</UL>

<P><STRONG><a name="[6c]"></a>system_clock_config</STRONG> (Thumb, 8 bytes, Stack size 8 bytes, system_gd32f30x.o(i.system_clock_config))
<BR><BR>[Stack]<UL><LI>Max Depth = 16<LI>Call Chain = system_clock_config &rArr; system_clock_120m_hxtal
</UL>
<BR>[Calls]<UL><LI><a href="#[aa]">&gt;&gt;</a>&nbsp;&nbsp;&nbsp;system_clock_120m_hxtal
</UL>
<BR>[Called By]<UL><LI><a href="#[62]">&gt;&gt;</a>&nbsp;&nbsp;&nbsp;SystemInit
</UL>

<P><STRONG><a name="[70]"></a>_usb_bos_desc_get</STRONG> (Thumb, 20 bytes, Stack size 0 bytes, usbd_enum.o(i._usb_bos_desc_get))
<BR><BR>[Called By]<UL><LI><a href="#[5]">&gt;&gt;</a>&nbsp;&nbsp;&nbsp;_usb_std_getdescriptor
</UL>

<P><STRONG><a name="[d]"></a>_usb_config_desc_get</STRONG> (Thumb, 34 bytes, Stack size 8 bytes, usbd_enum.o(i._usb_config_desc_get))
<BR><BR>[Stack]<UL><LI>Max Depth = 8<LI>Call Chain = _usb_config_desc_get
</UL>
<BR>[Address Reference Count : 1]<UL><LI> usbd_enum.o(.data)
</UL>
<P><STRONG><a name="[c]"></a>_usb_dev_desc_get</STRONG> (Thumb, 20 bytes, Stack size 0 bytes, usbd_enum.o(i._usb_dev_desc_get))
<BR>[Address Reference Count : 1]<UL><LI> usbd_enum.o(.data)
</UL>
<P><STRONG><a name="[1]"></a>_usb_std_clearfeature</STRONG> (Thumb, 116 bytes, Stack size 16 bytes, usbd_enum.o(i._usb_std_clearfeature))
<BR><BR>[Stack]<UL><LI>Max Depth = 40<LI>Call Chain = _usb_std_clearfeature &rArr; usbd_ep_stall_clear &rArr; usb_transc_clrstall
</UL>
<BR>[Calls]<UL><LI><a href="#[6f]">&gt;&gt;</a>&nbsp;&nbsp;&nbsp;usbd_ep_stall_clear
</UL>
<BR>[Address Reference Count : 1]<UL><LI> usbd_enum.o(.data)
</UL>
<P><STRONG><a name="[7]"></a>_usb_std_getconfiguration</STRONG> (Thumb, 64 bytes, Stack size 8 bytes, usbd_enum.o(i._usb_std_getconfiguration))
<BR><BR>[Stack]<UL><LI>Max Depth = 8<LI>Call Chain = _usb_std_getconfiguration
</UL>
<BR>[Address Reference Count : 1]<UL><LI> usbd_enum.o(.data)
</UL>
<P><STRONG><a name="[5]"></a>_usb_std_getdescriptor</STRONG> (Thumb, 266 bytes, Stack size 32 bytes, usbd_enum.o(i._usb_std_getdescriptor))
<BR><BR>[Stack]<UL><LI>Max Depth = 32<LI>Call Chain = _usb_std_getdescriptor
</UL>
<BR>[Calls]<UL><LI><a href="#[70]">&gt;&gt;</a>&nbsp;&nbsp;&nbsp;_usb_bos_desc_get
</UL>
<BR>[Address Reference Count : 1]<UL><LI> usbd_enum.o(.data)
</UL>
<P><STRONG><a name="[9]"></a>_usb_std_getinterface</STRONG> (Thumb, 60 bytes, Stack size 0 bytes, usbd_enum.o(i._usb_std_getinterface))
<BR>[Address Reference Count : 1]<UL><LI> usbd_enum.o(.data)
</UL>
<P><STRONG><a name="[0]"></a>_usb_std_getstatus</STRONG> (Thumb, 184 bytes, Stack size 16 bytes, usbd_enum.o(i._usb_std_getstatus))
<BR><BR>[Stack]<UL><LI>Max Depth = 16<LI>Call Chain = _usb_std_getstatus
</UL>
<BR>[Address Reference Count : 1]<UL><LI> usbd_enum.o(.data)
</UL>
<P><STRONG><a name="[2]"></a>_usb_std_reserved</STRONG> (Thumb, 6 bytes, Stack size 0 bytes, usbd_enum.o(i._usb_std_reserved))
<BR>[Address Reference Count : 1]<UL><LI> usbd_enum.o(.data)
</UL>
<P><STRONG><a name="[4]"></a>_usb_std_setaddress</STRONG> (Thumb, 92 bytes, Stack size 8 bytes, usbd_enum.o(i._usb_std_setaddress))
<BR><BR>[Stack]<UL><LI>Max Depth = 8<LI>Call Chain = _usb_std_setaddress
</UL>
<BR>[Address Reference Count : 1]<UL><LI> usbd_enum.o(.data)
</UL>
<P><STRONG><a name="[8]"></a>_usb_std_setconfiguration</STRONG> (Thumb, 176 bytes, Stack size 16 bytes, usbd_enum.o(i._usb_std_setconfiguration))
<BR><BR>[Stack]<UL><LI>Max Depth = 16<LI>Call Chain = _usb_std_setconfiguration
</UL>
<BR>[Address Reference Count : 1]<UL><LI> usbd_enum.o(.data)
</UL>
<P><STRONG><a name="[6]"></a>_usb_std_setdescriptor</STRONG> (Thumb, 6 bytes, Stack size 0 bytes, usbd_enum.o(i._usb_std_setdescriptor))
<BR>[Address Reference Count : 1]<UL><LI> usbd_enum.o(.data)
</UL>
<P><STRONG><a name="[3]"></a>_usb_std_setfeature</STRONG> (Thumb, 104 bytes, Stack size 16 bytes, usbd_enum.o(i._usb_std_setfeature))
<BR><BR>[Stack]<UL><LI>Max Depth = 40<LI>Call Chain = _usb_std_setfeature &rArr; usbd_ep_stall &rArr; usb_transc_stall
</UL>
<BR>[Calls]<UL><LI><a href="#[71]">&gt;&gt;</a>&nbsp;&nbsp;&nbsp;usbd_ep_stall
</UL>
<BR>[Address Reference Count : 1]<UL><LI> usbd_enum.o(.data)
</UL>
<P><STRONG><a name="[a]"></a>_usb_std_setinterface</STRONG> (Thumb, 68 bytes, Stack size 16 bytes, usbd_enum.o(i._usb_std_setinterface))
<BR><BR>[Stack]<UL><LI>Max Depth = 16<LI>Call Chain = _usb_std_setinterface
</UL>
<BR>[Address Reference Count : 1]<UL><LI> usbd_enum.o(.data)
</UL>
<P><STRONG><a name="[b]"></a>_usb_std_synchframe</STRONG> (Thumb, 6 bytes, Stack size 0 bytes, usbd_enum.o(i._usb_std_synchframe))
<BR>[Address Reference Count : 1]<UL><LI> usbd_enum.o(.data)
</UL>
<P><STRONG><a name="[e]"></a>_usb_str_desc_get</STRONG> (Thumb, 20 bytes, Stack size 8 bytes, usbd_enum.o(i._usb_str_desc_get))
<BR><BR>[Stack]<UL><LI>Max Depth = 8<LI>Call Chain = _usb_str_desc_get
</UL>
<BR>[Address Reference Count : 1]<UL><LI> usbd_enum.o(.data)
</UL>
<P><STRONG><a name="[af]"></a>usb_core_reset</STRONG> (Thumb, 38 bytes, Stack size 8 bytes, drv_usb_core.o(i.usb_core_reset))
<BR><BR>[Stack]<UL><LI>Max Depth = 56<LI>Call Chain = usb_core_reset &rArr; usb_udelay &rArr; hw_delay &rArr; hw_time_set
</UL>
<BR>[Calls]<UL><LI><a href="#[b1]">&gt;&gt;</a>&nbsp;&nbsp;&nbsp;usb_udelay
</UL>
<BR>[Called By]<UL><LI><a href="#[ae]">&gt;&gt;</a>&nbsp;&nbsp;&nbsp;usb_core_init
</UL>

<P><STRONG><a name="[c6]"></a>usbd_emptytxfifo_write</STRONG> (Thumb, 140 bytes, Stack size 24 bytes, drv_usbd_int.o(i.usbd_emptytxfifo_write))
<BR><BR>[Stack]<UL><LI>Max Depth = 44<LI>Call Chain = usbd_emptytxfifo_write &rArr; usb_txfifo_write
</UL>
<BR>[Calls]<UL><LI><a href="#[bf]">&gt;&gt;</a>&nbsp;&nbsp;&nbsp;usb_txfifo_write
</UL>
<BR>[Called By]<UL><LI><a href="#[cf]">&gt;&gt;</a>&nbsp;&nbsp;&nbsp;usbd_int_epin
</UL>

<P><STRONG><a name="[d9]"></a>usbd_int_enumfinish</STRONG> (Thumb, 98 bytes, Stack size 0 bytes, drv_usbd_int.o(i.usbd_int_enumfinish))
<BR><BR>[Called By]<UL><LI><a href="#[6e]">&gt;&gt;</a>&nbsp;&nbsp;&nbsp;usbd_isr
</UL>

<P><STRONG><a name="[cf]"></a>usbd_int_epin</STRONG> (Thumb, 116 bytes, Stack size 24 bytes, drv_usbd_int.o(i.usbd_int_epin))
<BR><BR>[Stack]<UL><LI>Max Depth = 132<LI>Call Chain = usbd_int_epin &rArr; usbd_in_transc &rArr; usbd_ctl_send &rArr; usbd_ep_send &rArr; usb_transc_inxfer &rArr; usb_txfifo_write
</UL>
<BR>[Calls]<UL><LI><a href="#[cd]">&gt;&gt;</a>&nbsp;&nbsp;&nbsp;usbd_in_transc
<LI><a href="#[c6]">&gt;&gt;</a>&nbsp;&nbsp;&nbsp;usbd_emptytxfifo_write
<LI><a href="#[d0]">&gt;&gt;</a>&nbsp;&nbsp;&nbsp;usb_iepintr_read
</UL>
<BR>[Called By]<UL><LI><a href="#[6e]">&gt;&gt;</a>&nbsp;&nbsp;&nbsp;usbd_isr
</UL>

<P><STRONG><a name="[d1]"></a>usbd_int_epout</STRONG> (Thumb, 126 bytes, Stack size 24 bytes, drv_usbd_int.o(i.usbd_int_epout))
<BR><BR>[Stack]<UL><LI>Max Depth = 140<LI>Call Chain = usbd_int_epout &rArr; usbd_setup_transc &rArr; usbd_ctl_send &rArr; usbd_ep_send &rArr; usb_transc_inxfer &rArr; usb_txfifo_write
</UL>
<BR>[Calls]<UL><LI><a href="#[d3]">&gt;&gt;</a>&nbsp;&nbsp;&nbsp;usbd_setup_transc
<LI><a href="#[d2]">&gt;&gt;</a>&nbsp;&nbsp;&nbsp;usbd_out_transc
</UL>
<BR>[Called By]<UL><LI><a href="#[6e]">&gt;&gt;</a>&nbsp;&nbsp;&nbsp;usbd_isr
</UL>

<P><STRONG><a name="[d4]"></a>usbd_int_reset</STRONG> (Thumb, 208 bytes, Stack size 64 bytes, drv_usbd_int.o(i.usbd_int_reset))
<BR><BR>[Stack]<UL><LI>Max Depth = 128<LI>Call Chain = usbd_int_reset &rArr; usb_txfifo_flush &rArr; usb_udelay &rArr; hw_delay &rArr; hw_time_set
</UL>
<BR>[Calls]<UL><LI><a href="#[c3]">&gt;&gt;</a>&nbsp;&nbsp;&nbsp;usb_ctlep_startout
<LI><a href="#[b4]">&gt;&gt;</a>&nbsp;&nbsp;&nbsp;usb_txfifo_flush
<LI><a href="#[ca]">&gt;&gt;</a>&nbsp;&nbsp;&nbsp;usb_transc_active
<LI><a href="#[a3]">&gt;&gt;</a>&nbsp;&nbsp;&nbsp;__aeabi_memclr4
<LI><a href="#[ad]">&gt;&gt;</a>&nbsp;&nbsp;&nbsp;__aeabi_memcpy4
</UL>
<BR>[Called By]<UL><LI><a href="#[6e]">&gt;&gt;</a>&nbsp;&nbsp;&nbsp;usbd_isr
</UL>

<P><STRONG><a name="[d5]"></a>usbd_int_rxfifo</STRONG> (Thumb, 178 bytes, Stack size 32 bytes, drv_usbd_int.o(i.usbd_int_rxfifo))
<BR><BR>[Stack]<UL><LI>Max Depth = 48<LI>Call Chain = usbd_int_rxfifo &rArr; usb_rxfifo_read
</UL>
<BR>[Calls]<UL><LI><a href="#[d6]">&gt;&gt;</a>&nbsp;&nbsp;&nbsp;usb_rxfifo_read
</UL>
<BR>[Called By]<UL><LI><a href="#[6e]">&gt;&gt;</a>&nbsp;&nbsp;&nbsp;usbd_isr
</UL>

<P><STRONG><a name="[d7]"></a>usbd_int_suspend</STRONG> (Thumb, 104 bytes, Stack size 24 bytes, drv_usbd_int.o(i.usbd_int_suspend))
<BR><BR>[Stack]<UL><LI>Max Depth = 32<LI>Call Chain = usbd_int_suspend &rArr; pmu_to_deepsleepmode
</UL>
<BR>[Calls]<UL><LI><a href="#[d8]">&gt;&gt;</a>&nbsp;&nbsp;&nbsp;pmu_to_deepsleepmode
</UL>
<BR>[Called By]<UL><LI><a href="#[6e]">&gt;&gt;</a>&nbsp;&nbsp;&nbsp;usbd_isr
</UL>

<P><STRONG><a name="[12]"></a>cdc_acm_ctlx_out</STRONG> (Thumb, 82 bytes, Stack size 0 bytes, cdc_acm_core.o(i.cdc_acm_ctlx_out))
<BR>[Address Reference Count : 1]<UL><LI> cdc_acm_core.o(.data)
</UL>
<P><STRONG><a name="[10]"></a>cdc_acm_deinit</STRONG> (Thumb, 34 bytes, Stack size 16 bytes, cdc_acm_core.o(i.cdc_acm_deinit))
<BR><BR>[Stack]<UL><LI>Max Depth = 44<LI>Call Chain = cdc_acm_deinit &rArr; usbd_ep_clear &rArr; usb_transc_deactivate
</UL>
<BR>[Calls]<UL><LI><a href="#[85]">&gt;&gt;</a>&nbsp;&nbsp;&nbsp;usbd_ep_clear
</UL>
<BR>[Address Reference Count : 1]<UL><LI> cdc_acm_core.o(.data)
</UL>
<P><STRONG><a name="[13]"></a>cdc_acm_in</STRONG> (Thumb, 70 bytes, Stack size 24 bytes, cdc_acm_core.o(i.cdc_acm_in))
<BR><BR>[Stack]<UL><LI>Max Depth = 100<LI>Call Chain = cdc_acm_in &rArr; usbd_ep_send &rArr; usb_transc_inxfer &rArr; usb_txfifo_write
</UL>
<BR>[Calls]<UL><LI><a href="#[86]">&gt;&gt;</a>&nbsp;&nbsp;&nbsp;usbd_ep_send
</UL>
<BR>[Address Reference Count : 1]<UL><LI> cdc_acm_core.o(.data)
</UL>
<P><STRONG><a name="[f]"></a>cdc_acm_init</STRONG> (Thumb, 84 bytes, Stack size 24 bytes, cdc_acm_core.o(i.cdc_acm_init))
<BR><BR>[Stack]<UL><LI>Max Depth = 68<LI>Call Chain = cdc_acm_init &rArr; usbd_ep_setup &rArr; usb_transc_active
</UL>
<BR>[Calls]<UL><LI><a href="#[87]">&gt;&gt;</a>&nbsp;&nbsp;&nbsp;usbd_ep_setup
</UL>
<BR>[Address Reference Count : 1]<UL><LI> cdc_acm_core.o(.data)
</UL>
<P><STRONG><a name="[14]"></a>cdc_acm_out</STRONG> (Thumb, 32 bytes, Stack size 8 bytes, cdc_acm_core.o(i.cdc_acm_out))
<BR><BR>[Stack]<UL><LI>Max Depth = 8<LI>Call Chain = cdc_acm_out
</UL>
<BR>[Address Reference Count : 1]<UL><LI> cdc_acm_core.o(.data)
</UL>
<P><STRONG><a name="[11]"></a>cdc_acm_req</STRONG> (Thumb, 176 bytes, Stack size 12 bytes, cdc_acm_core.o(i.cdc_acm_req))
<BR><BR>[Stack]<UL><LI>Max Depth = 12<LI>Call Chain = cdc_acm_req
</UL>
<BR>[Address Reference Count : 1]<UL><LI> cdc_acm_core.o(.data)
</UL><P>
<H3>
Undefined Global Symbols
</H3><HR></body></html>
