<html>
<body>
<pre>
<h1>µVision Build Log</h1>
<h2>Tool Versions:</h2>
IDE-Version: ¦ÌVision V5.37.0.0
Copyright (C) 2022 ARM Ltd and ARM Germany GmbH. All rights reserved.
License Information: A A, AAA, LIC=HF82M-XWM3Q-F1APT-RL8EE-EVBYI-P815V
 
Tool Versions:
Toolchain:       MDK-ARM Professional  Version: 5.37.0.0
Toolchain Path:  E:\keil\ARM\ARMCC\Bin
C Compiler:      Armcc.exe V5.06 update 7 (build 960)
Assembler:       Armasm.exe V5.06 update 7 (build 960)
Linker/Locator:  ArmLink.exe V5.06 update 7 (build 960)
Library Manager: ArmAr.exe V5.06 update 7 (build 960)
Hex Converter:   FromElf.exe V5.06 update 7 (build 960)
CPU DLL:         SARMCM3.DLL V5.37.0.0
Dialog DLL:      DCM.DLL V1.17.5.0
Target DLL:      STLink\ST-LINKIII-KEIL_SWO.dll V3.0.9.0
Dialog DLL:      TCM.DLL V1.56.1.0
 
<h2>Project:</h2>
E:\Ucan\MDK-ARM\cdc_acm.uvprojx
Project File Date:  09/26/2026

<h2>Output:</h2>
*** Using Compiler 'V5.06 update 7 (build 960)', folder: 'E:\keil\ARM\ARMCC\Bin'
Rebuild target 'cdc_acm'
compiling main.c...
..\User\src\main.c(120): warning:  #177-D: function "app_run_cdc"  was declared but never referenced
  static void app_run_cdc(void)
..\User\src\main.c: 1 warning, 0 errors
compiling systick.c...
compiling gd32f30x_hw.c...
compiling gd32f30x_adc.c...
compiling system_gd32f30x.c...
compiling Func.c...
compiling gd32f30x_it.c...
compiling gd32f30x_bkp.c...
compiling gd32f30x_can.c...
compiling gsusb.c...
compiling Protocal.c...
compiling gd32f30x_crc.c...
compiling gd32f30x_ctc.c...
compiling gd32f30x_dbg.c...
compiling gd32f30x_dac.c...
compiling gd32f30x_dma.c...
compiling gd32f30x_exti.c...
compiling gd32f30x_exmc.c...
compiling gd32f30x_fwdgt.c...
compiling gd32f30x_fmc.c...
compiling gd32f30x_gpio.c...
compiling gd32f30x_enet.c...
assembling startup_gd32f30x_cl.s...
compiling gd32f30x_i2c.c...
compiling gd32f30x_misc.c...
compiling gd32f30x_pmu.c...
compiling gd32f30x_rtc.c...
compiling gd32f30x_rcu.c...
compiling gd32f30x_spi.c...
compiling gd32f30x_wwdgt.c...
compiling gd32f30x_sdio.c...
compiling gd32f30x_usart.c...
compiling gd32f30x_timer.c...
compiling gpio.c...
compiling can.c...
compiling usbd_core.c...
compiling usbd_enum_ucan.c...
compiling usbd_transc.c...
compiling drv_usb_core.c...
compiling drv_usb_dev.c...
compiling cdc_acm_core.c...
compiling drv_usbd_int.c...
linking...
Program Size: Code=13096 RO-data=1284 RW-data=448 ZI-data=2696  
FromELF: creating hex file...
".\object\cdc_acm.axf" - 0 Error(s), 1 Warning(s).

<h2>Software Packages used:</h2>

Package Vendor: ARM
                http://www.keil.com/pack/ARM.CMSIS.5.9.0.pack
                ARM.CMSIS.5.9.0
                CMSIS (Common Microcontroller Software Interface Standard)
   * Component: CORE Version: 5.6.0

Package Vendor: GigaDevice
                https://gd32mcu.com/data/documents/pack/GigaDevice.GD32F30x_DFP.2.6.0.pack
                GigaDevice.GD32F30x_DFP.2.6.0
                GigaDevice GD32F30x Series Device Support and Examples

<h2>Collection of Component include folders:</h2>
  ./RTE/_cdc_acm
  E:/keil/ARM/CMSIS/5.9.0/CMSIS/Core/Include
  E:/keil/GigaDevice/GD32F30x_DFP/2.6.0/Device/Include

<h2>Collection of Component Files used:</h2>

   * Component: ARM::CMSIS:CORE:5.6.0
Build Time Elapsed:  00:00:09
</pre>
</body>
</html>
