*** Using Compiler 'V5.06 update 7 (build 960)', folder: 'E:\keil\ARM\ARMCC\Bin'
Rebuild target 'GD32F30X_HD'
compiling gd32f30x_crc.c...
compiling gd32f30x_dac.c...
compiling gd32f30x_ctc.c...
compiling gd32f30x_it.c...
compiling gd32f30x_bkp.c...
compiling gd32f30x_dbg.c...
compiling gd32f30x_adc.c...
compiling systick.c...
compiling main.c...
compiling system_gd32f30x.c...
compiling gd32f30x_can.c...
compiling gd32f30x_misc.c...
compiling gd32f30x_gpio.c...
compiling gd32f30x_exmc.c...
compiling gd32f30x_enet.c...
compiling gd32f30x_pmu.c...
compiling gd32f30x_dma.c...
compiling gd32f30x_exti.c...
compiling gd32f30x_fmc.c...
compiling gd32f30x_rcu.c...
compiling gd32f30x_fwdgt.c...
compiling gd32f30x_i2c.c...
assembling startup_gd32f30x_hd.s...
compiling gd32f30x_rtc.c...
compiling gd32f30x_sdio.c...
compiling gd32f30x_usart.c...
compiling bsp_gpio.c...
compiling bsp_can.c...
compiling bsp_usart1.c...
compiling gd32f30x_spi.c...
compiling gd32f30x_timer.c...
compiling gd32f30x_wwdgt.c...
linking...
Program Size: Code=6272 RO-data=336 RW-data=12 ZI-data=1028  
FromELF: creating hex file...
".\output\Project.axf" - 0 Error(s), 0 Warning(s).
Build Time Elapsed:  00:00:16
