<html>
<body>
<pre>
<h1>µVision Build Log</h1>
<h2>Tool Versions:</h2>
IDE-Version: ¦ÌVision V5.37.0.0
Copyright (C) 2022 ARM Ltd and ARM Germany GmbH. All rights reserved.
License Information: A A, AAA, LIC=HF82M-XWM3Q-F1APT-RL8EE-EVBYI-P815V
 
Tool Versions:
Toolchain:       MDK-ARM Professional  Version: 5.37.0.0
Toolchain Path:  E:\keil\ARM\ARMCC\Bin
C Compiler:      Armcc.exe V5.06 update 7 (build 960)
Assembler:       Armasm.exe V5.06 update 7 (build 960)
Linker/Locator:  ArmLink.exe V5.06 update 7 (build 960)
Library Manager: ArmAr.exe V5.06 update 7 (build 960)
Hex Converter:   FromElf.exe V5.06 update 7 (build 960)
CPU DLL:         SARMCM3.DLL V5.37.0.0
Dialog DLL:      DCM.DLL V1.17.5.0
Target DLL:      UL2CM3.DLL V1.164.7.0
Dialog DLL:      TCM.DLL V1.56.1.0
 
<h2>Project:</h2>
E:\Ucan\Project\Project.uvprojx
Project File Date:  09/12/2026

<h2>Output:</h2>
*** Using Compiler 'V5.06 update 7 (build 960)', folder: 'E:\keil\ARM\ARMCC\Bin'
Rebuild target 'GD32F30X_HD'
Note: source file '..\Connect\Src\Protocal.c' - object file renamed from '.\output\Protocal.o' to '.\output\protocal_1.o'.
Note: source file '..\User\Src\gd32f30x_it.c' - object file renamed from '.\output\gd32f30x_it.o' to '.\output\gd32f30x_it_1.o'.
Note: source file '..\User\Src\main.c' - object file renamed from '.\output\main.o' to '.\output\main_1.o'.
Note: source file '..\User\Src\systick.c' - object file renamed from '.\output\systick.o' to '.\output\systick_1.o'.
compiling gd32f30x_ctc.c...
compiling gd32f30x_crc.c...
compiling gd32f30x_enet.c...
compiling system_gd32f30x.c...
compiling gd32f30x_bkp.c...
compiling gd32f30x_dbg.c...
compiling gd32f30x_can.c...
compiling gd32f30x_adc.c...
compiling gd32f30x_dac.c...
compiling gd32f30x_exmc.c...
compiling gd32f30x_dma.c...
compiling gd32f30x_exti.c...
compiling gd32f30x_fwdgt.c...
compiling gd32f30x_fmc.c...
compiling gd32f30x_pmu.c...
compiling gd32f30x_gpio.c...
compiling gd32f30x_i2c.c...
compiling gd32f30x_misc.c...
compiling gd32f30x_rtc.c...
compiling gd32f30x_sdio.c...
compiling gd32f30x_spi.c...
compiling gd32f30x_rcu.c...
assembling startup_gd32f30x_hd.s...
compiling gd32f30x_timer.c...
compiling gd32f30x_wwdgt.c...
compiling gd32f30x_usart.c...
compiling bsp_gpio.c...
compiling app_task.c...
compiling bsp_can.c...
compiling bsp_usart1.c...
compiling Protocal.c...
compiling bsp_usbd.c...
compiling cdc_acm_core.c...
compiling usbd_core.c...
compiling usbd_enum.c...
compiling usbd_lld_int.c...
compiling usbd_lld_core.c...
compiling usbd_pwr.c...
compiling usbd_transc.c...
compiling systick.c...
compiling gd32f30x_it.c...
compiling main.c...
linking...
Program Size: Code=15244 RO-data=360 RW-data=736 ZI-data=2792  
FromELF: creating hex file...
".\output\Project.axf" - 0 Error(s), 0 Warning(s).

<h2>Software Packages used:</h2>

Package Vendor: ARM
                http://www.keil.com/pack/ARM.CMSIS.5.9.0.pack
                ARM.CMSIS.5.9.0
                CMSIS (Common Microcontroller Software Interface Standard)
   * Component: CORE Version: 5.6.0

Package Vendor: GigaDevice
                https://gd32mcu.com/data/documents/pack/GigaDevice.GD32F30x_DFP.2.6.0.pack
                GigaDevice.GD32F30x_DFP.2.6.0
                GigaDevice GD32F30x Series Device Support and Examples

<h2>Collection of Component include folders:</h2>
  ./RTE/_GD32F30X_HD
  E:/keil/ARM/CMSIS/5.9.0/CMSIS/Core/Include
  E:/keil/GigaDevice/GD32F30x_DFP/2.6.0/Device/Include

<h2>Collection of Component Files used:</h2>

   * Component: ARM::CMSIS:CORE:5.6.0
Build Time Elapsed:  00:00:12
</pre>
</body>
</html>
