Component: ARM Compiler 5.06 update 7 (build 960) Tool: armlink [4d3601]

==============================================================================

Section Cross References

    main.o(i.main) refers to gd32f30x_usbd_hw.o(i.rcu_config) for rcu_config
    main.o(i.main) refers to gd32f30x_usbd_hw.o(i.gpio_config) for gpio_config
    main.o(i.main) refers to usbd_core.o(i.usbd_init) for usbd_init
    main.o(i.main) refers to gd32f30x_usbd_hw.o(i.nvic_config) for nvic_config
    main.o(i.main) refers to cdc_acm_core.o(i.cdc_acm_check_ready) for cdc_acm_check_ready
    main.o(i.main) refers to cdc_acm_core.o(i.cdc_acm_data_receive) for cdc_acm_data_receive
    main.o(i.main) refers to cdc_acm_core.o(i.cdc_acm_data_send) for cdc_acm_data_send
    main.o(i.main) refers to cdc_acm_core.o(.data) for cdc_class
    main.o(i.main) refers to main.o(.bss) for usbd_cdc
    gd32f30x_it.o(i.USBD_LP_CAN0_RX0_IRQHandler) refers to usbd_lld_int.o(i.usbd_isr) for usbd_isr
    gd32f30x_usbd_hw.o(i.gpio_config) refers to gd32f30x_gpio.o(i.gpio_init) for gpio_init
    gd32f30x_usbd_hw.o(i.nvic_config) refers to gd32f30x_misc.o(i.nvic_priority_group_set) for nvic_priority_group_set
    gd32f30x_usbd_hw.o(i.nvic_config) refers to gd32f30x_misc.o(i.nvic_irq_enable) for nvic_irq_enable
    gd32f30x_usbd_hw.o(i.rcu_config) refers to gd32f30x_rcu.o(i.rcu_clock_freq_get) for rcu_clock_freq_get
    gd32f30x_usbd_hw.o(i.rcu_config) refers to gd32f30x_rcu.o(i.rcu_periph_clock_enable) for rcu_periph_clock_enable
    gd32f30x_usbd_hw.o(i.rcu_config) refers to gd32f30x_rcu.o(i.rcu_usb_clock_config) for rcu_usb_clock_config
    system_gd32f30x.o(i.SystemCoreClockUpdate) refers to system_gd32f30x.o(.data) for SystemCoreClock
    system_gd32f30x.o(i.SystemInit) refers to system_gd32f30x.o(i._soft_delay_) for _soft_delay_
    system_gd32f30x.o(i.SystemInit) refers to system_gd32f30x.o(i.system_clock_config) for system_clock_config
    system_gd32f30x.o(i.system_clock_config) refers to system_gd32f30x.o(i.system_clock_120m_hxtal) for system_clock_120m_hxtal
    gd32f30x_fmc.o(i.fmc_bank0_erase) refers to gd32f30x_fmc.o(i.fmc_bank0_ready_wait) for fmc_bank0_ready_wait
    gd32f30x_fmc.o(i.fmc_bank0_ready_wait) refers to gd32f30x_fmc.o(i.fmc_bank0_state_get) for fmc_bank0_state_get
    gd32f30x_fmc.o(i.fmc_bank1_erase) refers to gd32f30x_fmc.o(i.fmc_bank1_ready_wait) for fmc_bank1_ready_wait
    gd32f30x_fmc.o(i.fmc_bank1_ready_wait) refers to gd32f30x_fmc.o(i.fmc_bank1_state_get) for fmc_bank1_state_get
    gd32f30x_fmc.o(i.fmc_halfword_program) refers to gd32f30x_fmc.o(i.fmc_bank0_ready_wait) for fmc_bank0_ready_wait
    gd32f30x_fmc.o(i.fmc_halfword_program) refers to gd32f30x_fmc.o(i.fmc_bank1_ready_wait) for fmc_bank1_ready_wait
    gd32f30x_fmc.o(i.fmc_mass_erase) refers to gd32f30x_fmc.o(i.fmc_bank0_ready_wait) for fmc_bank0_ready_wait
    gd32f30x_fmc.o(i.fmc_mass_erase) refers to gd32f30x_fmc.o(i.fmc_bank1_ready_wait) for fmc_bank1_ready_wait
    gd32f30x_fmc.o(i.fmc_page_erase) refers to gd32f30x_fmc.o(i.fmc_bank0_ready_wait) for fmc_bank0_ready_wait
    gd32f30x_fmc.o(i.fmc_page_erase) refers to gd32f30x_fmc.o(i.fmc_bank1_ready_wait) for fmc_bank1_ready_wait
    gd32f30x_fmc.o(i.fmc_word_program) refers to gd32f30x_fmc.o(i.fmc_bank0_ready_wait) for fmc_bank0_ready_wait
    gd32f30x_fmc.o(i.fmc_word_program) refers to gd32f30x_fmc.o(i.fmc_bank1_ready_wait) for fmc_bank1_ready_wait
    gd32f30x_fmc.o(i.fmc_word_reprogram) refers to gd32f30x_fmc.o(i.fmc_bank0_ready_wait) for fmc_bank0_ready_wait
    gd32f30x_fmc.o(i.fmc_word_reprogram) refers to gd32f30x_fmc.o(i.fmc_bank1_ready_wait) for fmc_bank1_ready_wait
    gd32f30x_fmc.o(i.ob_data_program) refers to gd32f30x_fmc.o(i.fmc_bank0_ready_wait) for fmc_bank0_ready_wait
    gd32f30x_fmc.o(i.ob_erase) refers to gd32f30x_fmc.o(i.fmc_bank0_ready_wait) for fmc_bank0_ready_wait
    gd32f30x_fmc.o(i.ob_erase) refers to gd32f30x_fmc.o(i.ob_spc_get) for ob_spc_get
    gd32f30x_fmc.o(i.ob_security_protection_config) refers to gd32f30x_fmc.o(i.fmc_bank0_ready_wait) for fmc_bank0_ready_wait
    gd32f30x_fmc.o(i.ob_user_write) refers to gd32f30x_fmc.o(i.fmc_bank0_ready_wait) for fmc_bank0_ready_wait
    gd32f30x_fmc.o(i.ob_write_protection_enable) refers to gd32f30x_fmc.o(i.fmc_bank0_ready_wait) for fmc_bank0_ready_wait
    gd32f30x_gpio.o(i.gpio_afio_deinit) refers to gd32f30x_rcu.o(i.rcu_periph_reset_enable) for rcu_periph_reset_enable
    gd32f30x_gpio.o(i.gpio_afio_deinit) refers to gd32f30x_rcu.o(i.rcu_periph_reset_disable) for rcu_periph_reset_disable
    gd32f30x_gpio.o(i.gpio_deinit) refers to gd32f30x_rcu.o(i.rcu_periph_reset_enable) for rcu_periph_reset_enable
    gd32f30x_gpio.o(i.gpio_deinit) refers to gd32f30x_rcu.o(i.rcu_periph_reset_disable) for rcu_periph_reset_disable
    gd32f30x_misc.o(i.nvic_irq_enable) refers to gd32f30x_misc.o(i.nvic_priority_group_set) for nvic_priority_group_set
[...]
    startup_gd32f30x_hd.o(RESET) refers to startup_gd32f30x_hd.o(STACK) for __initial_sp
    startup_gd32f30x_hd.o(RESET) refers to startup_gd32f30x_hd.o(.text) for Reset_Handler
    startup_gd32f30x_hd.o(RESET) refers to gd32f30x_it.o(i.NMI_Handler) for NMI_Handler
    startup_gd32f30x_hd.o(RESET) refers to gd32f30x_it.o(i.HardFault_Handler) for HardFault_Handler
    startup_gd32f30x_hd.o(RESET) refers to gd32f30x_it.o(i.MemManage_Handler) for MemManage_Handler
    startup_gd32f30x_hd.o(RESET) refers to gd32f30x_it.o(i.BusFault_Handler) for BusFault_Handler
    startup_gd32f30x_hd.o(RESET) refers to gd32f30x_it.o(i.UsageFault_Handler) for UsageFault_Handler
    startup_gd32f30x_hd.o(RESET) refers to gd32f30x_it.o(i.SVC_Handler) for SVC_Handler
    startup_gd32f30x_hd.o(RESET) refers to gd32f30x_it.o(i.DebugMon_Handler) for DebugMon_Handler
    startup_gd32f30x_hd.o(RESET) refers to gd32f30x_it.o(i.PendSV_Handler) for PendSV_Handler
    startup_gd32f30x_hd.o(RESET) refers to gd32f30x_it.o(i.USBD_LP_CAN0_RX0_IRQHandler) for USBD_LP_CAN0_RX0_IRQHandler
    startup_gd32f30x_hd.o(.text) refers to system_gd32f30x.o(i.SystemInit) for SystemInit
    startup_gd32f30x_hd.o(.text) refers to entry.o(.ARM.Collect$$$$00000000) for __main
    usbd_lld_core.o(i.usbd_dp_pullup) refers to gd32f30x_gpio.o(i.gpio_bit_set) for gpio_bit_set
    usbd_lld_core.o(i.usbd_dp_pullup) refers to gd32f30x_gpio.o(i.gpio_bit_reset) for gpio_bit_reset
    usbd_lld_core.o(i.usbd_ep_data_read) refers to usbd_lld_core.o(.ARM.__AT_0x40006000) for btable_ep
    usbd_lld_core.o(i.usbd_ep_data_write) refers to usbd_lld_core.o(.ARM.__AT_0x40006000) for btable_ep
    usbd_lld_core.o(i.usbd_ep_dbl_data_write) refers to usbd_lld_core.o(.data) for usbd_core
    usbd_lld_core.o(i.usbd_ep_dbl_data_write) refers to usbd_lld_core.o(.ARM.__AT_0x40006000) for btable_ep
    usbd_lld_core.o(i.usbd_ep_reset) refers to usbd_lld_core.o(.ARM.__AT_0x40006000) for btable_ep
    usbd_lld_core.o(i.usbd_ep_setup) refers to usbd_lld_core.o(.constdata) for ep_type
    usbd_lld_core.o(i.usbd_ep_setup) refers to usbd_lld_core.o(.ARM.__AT_0x40006000) for btable_ep
    usbd_lld_core.o(i.usbd_ep_stall_clear) refers to usbd_lld_core.o(i.usbd_ep_status_get) for usbd_ep_status_get
    usbd_lld_core.o(i.usbd_resume) refers to usbd_lld_core.o(.data) for usbd_core
    usbd_lld_core.o(.data) refers to usbd_lld_core.o(i.usbd_core_reset) for usbd_core_reset
    usbd_lld_core.o(.data) refers to usbd_lld_core.o(i.usbd_core_stop) for usbd_core_stop
    usbd_lld_core.o(.data) refers to usbd_lld_core.o(i.usbd_dp_pullup) for usbd_dp_pullup
    usbd_lld_core.o(.data) refers to usbd_lld_core.o(i.usbd_address_set) for usbd_address_set
    usbd_lld_core.o(.data) refers to usbd_lld_core.o(i.usbd_suspend) for usbd_suspend
    usbd_lld_core.o(.data) refers to usbd_lld_core.o(i.usbd_leave_suspend) for usbd_leave_suspend
    usbd_lld_core.o(.data) refers to usbd_lld_core.o(i.usbd_resume) for usbd_resume
    usbd_lld_core.o(.data) refers to usbd_lld_core.o(i.usbd_ep_reset) for usbd_ep_reset
    usbd_lld_core.o(.data) refers to usbd_lld_core.o(i.usbd_ep_setup) for usbd_ep_setup
    usbd_lld_core.o(.data) refers to usbd_lld_core.o(i.usbd_ep_disable) for usbd_ep_disable
    usbd_lld_core.o(.data) refers to usbd_lld_core.o(i.usbd_ep_rx_enable) for usbd_ep_rx_enable
    usbd_lld_core.o(.data) refers to usbd_lld_core.o(i.usbd_ep_data_write) for usbd_ep_data_write
    usbd_lld_core.o(.data) refers to usbd_lld_core.o(i.usbd_ep_dbl_data_write) for usbd_ep_dbl_data_write
    usbd_lld_core.o(.data) refers to usbd_lld_core.o(i.usbd_ep_data_read) for usbd_ep_data_read
    usbd_lld_core.o(.data) refers to usbd_lld_core.o(i.usbd_ep_stall_set) for usbd_ep_stall_set
    usbd_lld_core.o(.data) refers to usbd_lld_core.o(i.usbd_ep_stall_clear) for usbd_ep_stall_clear
    usbd_lld_core.o(.data) refers to usbd_lld_core.o(i.usbd_ep_status) for usbd_ep_status
    usbd_lld_int.o(i.usbd_int_hpst) refers to usbd_lld_core.o(i.user_buffer_free) for user_buffer_free
    usbd_lld_int.o(i.usbd_int_hpst) refers to usbd_lld_core.o(.data) for usbd_core
    usbd_lld_int.o(i.usbd_int_hpst) refers to usbd_lld_core.o(.ARM.__AT_0x40006000) for btable_ep
    usbd_lld_int.o(i.usbd_isr) refers to usbd_core.o(i.usbd_ep_send) for usbd_ep_send
    usbd_lld_int.o(i.usbd_isr) refers to usbd_lld_int.o(i.usbd_int_suspend) for usbd_int_suspend
    usbd_lld_int.o(i.usbd_isr) refers to usbd_lld_core.o(.data) for usbd_core
    usbd_lld_int.o(i.usbd_isr) refers to usbd_core.o(.data) for usbd_int_fops
    usbd_core.o(i.usbd_ep_recev) refers to usbd_core.o(i.usb_transc_config) for usb_transc_config
    usbd_core.o(i.usbd_ep_send) refers to usbd_core.o(i.usb_transc_config) for usb_transc_config
    usbd_core.o(i.usbd_init) refers to usbd_enum.o(i.serial_string_get) for serial_string_get
    usbd_core.o(i.usbd_init) refers to usbd_lld_core.o(.data) for usbd_core
    usbd_core.o(i.usbd_init) refers to usbd_transc.o(i._usb_setup_transc) for _usb_setup_transc
    usbd_core.o(i.usbd_init) refers to usbd_transc.o(i._usb_out0_transc) for _usb_out0_transc
    usbd_core.o(i.usbd_init) refers to usbd_transc.o(i._usb_in0_transc) for _usb_in0_transc
    usbd_enum.o(i._usb_std_clearfeature) refers to usbd_enum.o(i.usbd_ep_status_get) for usbd_ep_status_get
    usbd_enum.o(i._usb_std_getconfiguration) refers to usbd_enum.o(i.usb_transc_config) for usb_transc_config
    usbd_enum.o(i._usb_std_getdescriptor) refers to usbd_enum.o(i._usb_bos_desc_get) for _usb_bos_desc_get
    usbd_enum.o(i._usb_std_getdescriptor) refers to usbd_enum.o(.data) for std_desc_get
    usbd_enum.o(i._usb_std_getinterface) refers to usbd_enum.o(i.usb_transc_config) for usb_transc_config
    usbd_enum.o(i._usb_std_getstatus) refers to usbd_enum.o(i.usb_transc_config) for usb_transc_config
    usbd_enum.o(i._usb_std_getstatus) refers to usbd_enum.o(.data) for status
    usbd_enum.o(i._usb_std_setconfiguration) refers to usbd_enum.o(.data) for config
    usbd_enum.o(i._usb_std_setfeature) refers to usbd_enum.o(i.usbd_ep_status_get) for usbd_ep_status_get
    usbd_enum.o(i.serial_string_get) refers to usbd_enum.o(i.int_to_unicode) for int_to_unicode
    usbd_enum.o(i.usbd_standard_request) refers to usbd_enum.o(.data) for _std_dev_req
    usbd_enum.o(.data) refers to usbd_enum.o(i._usb_std_getstatus) for _usb_std_getstatus
    usbd_enum.o(.data) refers to usbd_enum.o(i._usb_std_clearfeature) for _usb_std_clearfeature
    usbd_enum.o(.data) refers to usbd_enum.o(i._usb_std_reserved) for _usb_std_reserved
    usbd_enum.o(.data) refers to usbd_enum.o(i._usb_std_setfeature) for _usb_std_setfeature
    usbd_enum.o(.data) refers to usbd_enum.o(i._usb_std_setaddress) for _usb_std_setaddress
    usbd_enum.o(.data) refers to usbd_enum.o(i._usb_std_getdescriptor) for _usb_std_getdescriptor
    usbd_enum.o(.data) refers to usbd_enum.o(i._usb_std_setdescriptor) for _usb_std_setdescriptor
    usbd_enum.o(.data) refers to usbd_enum.o(i._usb_std_getconfiguration) for _usb_std_getconfiguration
    usbd_enum.o(.data) refers to usbd_enum.o(i._usb_std_setconfiguration) for _usb_std_setconfiguration
    usbd_enum.o(.data) refers to usbd_enum.o(i._usb_std_getinterface) for _usb_std_getinterface
    usbd_enum.o(.data) refers to usbd_enum.o(i._usb_std_setinterface) for _usb_std_setinterface
    usbd_enum.o(.data) refers to usbd_enum.o(i._usb_std_synchframe) for _usb_std_synchframe
    usbd_enum.o(.data) refers to usbd_enum.o(i._usb_dev_desc_get) for _usb_dev_desc_get
    usbd_enum.o(.data) refers to usbd_enum.o(i._usb_config_desc_get) for _usb_config_desc_get
    usbd_enum.o(.data) refers to usbd_enum.o(i._usb_str_desc_get) for _usb_str_desc_get
    usbd_transc.o(i._usb_out0_transc) refers to usbd_transc.o(i.usb_ctl_status_in) for usb_ctl_status_in
    usbd_transc.o(i._usb_setup_transc) refers to usbd_transc.o(i.usb_stall_transc) for usb_stall_transc
    usbd_transc.o(i._usb_setup_transc) refers to usbd_enum.o(i.usbd_standard_request) for usbd_standard_request
    usbd_transc.o(i._usb_setup_transc) refers to usbd_enum.o(i.usbd_class_request) for usbd_class_request
    usbd_transc.o(i._usb_setup_transc) refers to usbd_enum.o(i.usbd_vendor_request) for usbd_vendor_request
    usbd_transc.o(i._usb_setup_transc) refers to usbd_transc.o(i.usb_ctl_status_in) for usb_ctl_status_in
    usbd_transc.o(i._usb_setup_transc) refers to usbd_core.o(i.usbd_ep_send) for usbd_ep_send
    cdc_acm_core.o(i.cdc_acm_data_in) refers to usbd_core.o(i.usbd_ep_send) for usbd_ep_send
    cdc_acm_core.o(i.cdc_acm_data_receive) refers to usbd_core.o(i.usbd_ep_recev) for usbd_ep_recev
    cdc_acm_core.o(i.cdc_acm_data_send) refers to usbd_core.o(i.usbd_ep_send) for usbd_ep_send
    cdc_acm_core.o(i.cdc_acm_deinit) refers to cdc_acm_core.o(i.usbd_ep_deinit) for usbd_ep_deinit
    cdc_acm_core.o(i.cdc_acm_init) refers to cdc_acm_core.o(i.usbd_ep_init) for usbd_ep_init
    cdc_acm_core.o(i.cdc_acm_init) refers to cdc_acm_core.o(.data) for cdc_config_desc
    cdc_acm_core.o(i.cdc_acm_init) refers to cdc_acm_core.o(.bss) for cdc_handler
    cdc_acm_core.o(i.cdc_acm_init) refers to cdc_acm_core.o(.constdata) for .constdata
    cdc_acm_core.o(i.cdc_acm_req_handler) refers to cdc_acm_core.o(i.usb_transc_config) for usb_transc_config
    cdc_acm_core.o(.data) refers to cdc_acm_core.o(i.cdc_acm_init) for cdc_acm_init
    cdc_acm_core.o(.data) refers to cdc_acm_core.o(i.cdc_acm_deinit) for cdc_acm_deinit
    cdc_acm_core.o(.data) refers to cdc_acm_core.o(i.cdc_acm_req_handler) for cdc_acm_req_handler
    cdc_acm_core.o(.data) refers to cdc_acm_core.o(i.cdc_acm_ctlx_out) for cdc_acm_ctlx_out
    cdc_acm_core.o(.data) refers to cdc_acm_core.o(i.cdc_acm_data_in) for cdc_acm_data_in
    cdc_acm_core.o(.data) refers to cdc_acm_core.o(i.cdc_acm_data_out) for cdc_acm_data_out
    entry.o(.ARM.Collect$$$$00000000) refers (Special) to entry10a.o(.ARM.Collect$$$$0000000F) for __rt_final_cpp
    entry.o(.ARM.Collect$$$$00000000) refers (Special) to entry11a.o(.ARM.Collect$$$$00000011) for __rt_final_exit
    entry.o(.ARM.Collect$$$$00000000) refers (Special) to entry12b.o(.ARM.Collect$$$$0000000E) for __rt_lib_shutdown_fini
    entry.o(.ARM.Collect$$$$00000000) refers (Special) to entry7b.o(.ARM.Collect$$$$00000008) for _main_clock
    entry.o(.ARM.Collect$$$$00000000) refers (Special) to entry8b.o(.ARM.Collect$$$$0000000A) for _main_cpp_init
    entry.o(.ARM.Collect$$$$00000000) refers (Special) to entry9a.o(.ARM.Collect$$$$0000000B) for _main_init
    entry.o(.ARM.Collect$$$$00000000) refers (Special) to entry5.o(.ARM.Collect$$$$00000004) for _main_scatterload
    entry.o(.ARM.Collect$$$$00000000) refers (Special) to entry2.o(.ARM.Collect$$$$00000001) for _main_stk
    entry2.o(.ARM.Collect$$$$00000001) refers to entry2.o(.ARM.Collect$$$$00002712) for __lit__00000000
    entry2.o(.ARM.Collect$$$$00002712) refers to startup_gd32f30x_hd.o(STACK) for __initial_sp
    entry2.o(__vectab_stack_and_reset_area) refers to startup_gd32f30x_hd.o(STACK) for __initial_sp
    entry2.o(__vectab_stack_and_reset_area) refers to entry.o(.ARM.Collect$$$$00000000) for __main
    entry5.o(.ARM.Collect$$$$00000004) refers to init.o(.text) for __scatterload
    entry9a.o(.ARM.Collect$$$$0000000B) refers to main.o(i.main) for main
    entry9b.o(.ARM.Collect$$$$0000000C) refers to main.o(i.main) for main
    init.o(.text) refers to entry5.o(.ARM.Collect$$$$00000004) for __main_after_scatterload


==============================================================================

Removing Unused input sections from the image.

    Removing main.o(.rev16_text), (4 bytes).
    Removing main.o(.revsh_text), (4 bytes).
    Removing main.o(.rrx_text), (6 bytes).
    Removing gd32f30x_it.o(.rev16_text), (4 bytes).
    Removing gd32f30x_it.o(.revsh_text), (4 bytes).
    Removing gd32f30x_it.o(.rrx_text), (6 bytes).
    Removing gd32f30x_usbd_hw.o(.rev16_text), (4 bytes).
    Removing gd32f30x_usbd_hw.o(.revsh_text), (4 bytes).
    Removing gd32f30x_usbd_hw.o(.rrx_text), (6 bytes).
    Removing system_gd32f30x.o(.rev16_text), (4 bytes).
    Removing system_gd32f30x.o(.revsh_text), (4 bytes).
    Removing system_gd32f30x.o(.rrx_text), (6 bytes).
    Removing system_gd32f30x.o(i.SystemCoreClockUpdate), (316 bytes).
    Removing system_gd32f30x.o(i.gd32f30x_firmware_version_get), (6 bytes).
    Removing system_gd32f30x.o(.data), (4 bytes).
    Removing gd32f30x_exti.o(.rev16_text), (4 bytes).
    Removing gd32f30x_exti.o(.revsh_text), (4 bytes).
    Removing gd32f30x_exti.o(.rrx_text), (6 bytes).
    Removing gd32f30x_exti.o(i.exti_deinit), (28 bytes).
    Removing gd32f30x_exti.o(i.exti_event_disable), (16 bytes).
    Removing gd32f30x_exti.o(i.exti_event_enable), (16 bytes).
    Removing gd32f30x_exti.o(i.exti_flag_clear), (12 bytes).
    Removing gd32f30x_exti.o(i.exti_flag_get), (24 bytes).
    Removing gd32f30x_exti.o(i.exti_init), (188 bytes).
    Removing gd32f30x_exti.o(i.exti_interrupt_disable), (16 bytes).
    Removing gd32f30x_exti.o(i.exti_interrupt_enable), (16 bytes).
    Removing gd32f30x_exti.o(i.exti_interrupt_flag_clear), (12 bytes).
    Removing gd32f30x_exti.o(i.exti_interrupt_flag_get), (24 bytes).
    Removing gd32f30x_exti.o(i.exti_software_interrupt_disable), (16 bytes).
    Removing gd32f30x_exti.o(i.exti_software_interrupt_enable), (16 bytes).
    Removing gd32f30x_fmc.o(.rev16_text), (4 bytes).
    Removing gd32f30x_fmc.o(.revsh_text), (4 bytes).
    Removing gd32f30x_fmc.o(.rrx_text), (6 bytes).
    Removing gd32f30x_fmc.o(i.fmc_bank0_erase), (68 bytes).
    Removing gd32f30x_fmc.o(i.fmc_bank0_lock), (20 bytes).
    Removing gd32f30x_fmc.o(i.fmc_bank0_ready_wait), (34 bytes).
    Removing gd32f30x_fmc.o(i.fmc_bank0_state_get), (48 bytes).
    Removing gd32f30x_fmc.o(i.fmc_bank0_unlock), (36 bytes).
    Removing gd32f30x_fmc.o(i.fmc_bank1_erase), (68 bytes).
    Removing gd32f30x_fmc.o(i.fmc_bank1_lock), (20 bytes).
    Removing gd32f30x_fmc.o(i.fmc_bank1_ready_wait), (34 bytes).
    Removing gd32f30x_fmc.o(i.fmc_bank1_state_get), (48 bytes).
    Removing gd32f30x_fmc.o(i.fmc_bank1_unlock), (36 bytes).
    Removing gd32f30x_fmc.o(i.fmc_flag_clear), (32 bytes).
    Removing gd32f30x_fmc.o(i.fmc_flag_get), (40 bytes).
    Removing gd32f30x_fmc.o(i.fmc_halfword_program), (184 bytes).
    Removing gd32f30x_fmc.o(i.fmc_interrupt_disable), (32 bytes).
    Removing gd32f30x_fmc.o(i.fmc_interrupt_enable), (32 bytes).
    Removing gd32f30x_fmc.o(i.fmc_interrupt_flag_clear), (32 bytes).
    Removing gd32f30x_fmc.o(i.fmc_interrupt_flag_get), (108 bytes).
    Removing gd32f30x_fmc.o(i.fmc_lock), (44 bytes).
    Removing gd32f30x_fmc.o(i.fmc_mass_erase), (192 bytes).
    Removing gd32f30x_fmc.o(i.fmc_page_erase), (240 bytes).
    Removing gd32f30x_fmc.o(i.fmc_unlock), (68 bytes).
    Removing gd32f30x_fmc.o(i.fmc_word_program), (184 bytes).
    Removing gd32f30x_fmc.o(i.fmc_word_reprogram), (236 bytes).
    Removing gd32f30x_fmc.o(i.fmc_wscnt_set), (24 bytes).
    Removing gd32f30x_fmc.o(i.ob_data_get), (16 bytes).
    Removing gd32f30x_fmc.o(i.ob_data_program), (68 bytes).
    Removing gd32f30x_fmc.o(i.ob_erase), (140 bytes).
    Removing gd32f30x_fmc.o(i.ob_lock), (20 bytes).
    Removing gd32f30x_fmc.o(i.ob_security_protection_config), (132 bytes).
    Removing gd32f30x_fmc.o(i.ob_spc_get), (24 bytes).
    Removing gd32f30x_fmc.o(i.ob_unlock), (36 bytes).
    Removing gd32f30x_fmc.o(i.ob_user_get), (16 bytes).
    Removing gd32f30x_fmc.o(i.ob_user_write), (96 bytes).
    Removing gd32f30x_fmc.o(i.ob_write_protection_enable), (164 bytes).
    Removing gd32f30x_fmc.o(i.ob_write_protection_get), (12 bytes).
    Removing gd32f30x_gpio.o(.rev16_text), (4 bytes).
    Removing gd32f30x_gpio.o(.revsh_text), (4 bytes).
    Removing gd32f30x_gpio.o(.rrx_text), (6 bytes).
    Removing gd32f30x_gpio.o(i.gpio_afio_deinit), (20 bytes).
    Removing gd32f30x_gpio.o(i.gpio_bit_write), (10 bytes).
    Removing gd32f30x_gpio.o(i.gpio_compensation_config), (24 bytes).
    Removing gd32f30x_gpio.o(i.gpio_compensation_flag_get), (24 bytes).
    Removing gd32f30x_gpio.o(i.gpio_deinit), (196 bytes).
    Removing gd32f30x_gpio.o(i.gpio_event_output_config), (28 bytes).
    Removing gd32f30x_gpio.o(i.gpio_event_output_disable), (20 bytes).
    Removing gd32f30x_gpio.o(i.gpio_event_output_enable), (20 bytes).
    Removing gd32f30x_gpio.o(i.gpio_exti_source_select), (152 bytes).
    Removing gd32f30x_gpio.o(i.gpio_input_bit_get), (16 bytes).
    Removing gd32f30x_gpio.o(i.gpio_input_port_get), (8 bytes).
    Removing gd32f30x_gpio.o(i.gpio_output_bit_get), (16 bytes).
    Removing gd32f30x_gpio.o(i.gpio_output_port_get), (8 bytes).
    Removing gd32f30x_gpio.o(i.gpio_pin_lock), (18 bytes).
    Removing gd32f30x_gpio.o(i.gpio_pin_remap_config), (144 bytes).
    Removing gd32f30x_gpio.o(i.gpio_port_write), (4 bytes).
    Removing gd32f30x_misc.o(.rev16_text), (4 bytes).
    Removing gd32f30x_misc.o(.revsh_text), (4 bytes).
    Removing gd32f30x_misc.o(.rrx_text), (6 bytes).
    Removing gd32f30x_misc.o(i.armv7_mpu_disable), (48 bytes).
    Removing gd32f30x_misc.o(i.armv7_mpu_enable), (44 bytes).
    Removing gd32f30x_misc.o(i.armv7_mpu_set_region), (16 bytes).
    Removing gd32f30x_misc.o(i.mpu_region_config), (72 bytes).
    Removing gd32f30x_misc.o(i.mpu_region_enable), (20 bytes).
    Removing gd32f30x_misc.o(i.mpu_region_struct_para_init), (30 bytes).
    Removing gd32f30x_misc.o(i.nvic_irq_disable), (44 bytes).
    Removing gd32f30x_misc.o(i.nvic_vector_table_set), (24 bytes).
    Removing gd32f30x_misc.o(i.system_lowpower_reset), (16 bytes).
    Removing gd32f30x_misc.o(i.system_lowpower_set), (16 bytes).
    Removing gd32f30x_misc.o(i.systick_clksource_set), (40 bytes).
    Removing gd32f30x_pmu.o(.rev16_text), (4 bytes).
    Removing gd32f30x_pmu.o(.revsh_text), (4 bytes).
    Removing gd32f30x_pmu.o(.rrx_text), (6 bytes).
    Removing gd32f30x_pmu.o(i.pmu_backup_write_disable), (20 bytes).
    Removing gd32f30x_pmu.o(i.pmu_backup_write_enable), (20 bytes).
    Removing gd32f30x_pmu.o(i.pmu_deinit), (20 bytes).
    Removing gd32f30x_pmu.o(i.pmu_flag_clear), (48 bytes).
    Removing gd32f30x_pmu.o(i.pmu_flag_get), (24 bytes).
    Removing gd32f30x_pmu.o(i.pmu_highdriver_mode_disable), (20 bytes).
    Removing gd32f30x_pmu.o(i.pmu_highdriver_mode_enable), (20 bytes).
    Removing gd32f30x_pmu.o(i.pmu_highdriver_switch_select), (44 bytes).
    Removing gd32f30x_pmu.o(i.pmu_ldo_output_select), (28 bytes).
    Removing gd32f30x_pmu.o(i.pmu_lowdriver_mode_disable), (20 bytes).
    Removing gd32f30x_pmu.o(i.pmu_lowdriver_mode_enable), (20 bytes).
    Removing gd32f30x_pmu.o(i.pmu_lowpower_driver_config), (28 bytes).
    Removing gd32f30x_pmu.o(i.pmu_lvd_disable), (20 bytes).
    Removing gd32f30x_pmu.o(i.pmu_lvd_enable), (20 bytes).
    Removing gd32f30x_pmu.o(i.pmu_lvd_select), (48 bytes).
    Removing gd32f30x_pmu.o(i.pmu_normalpower_driver_config), (28 bytes).
    Removing gd32f30x_pmu.o(i.pmu_to_deepsleepmode), (244 bytes).
    Removing gd32f30x_pmu.o(i.pmu_to_sleepmode), (32 bytes).
    Removing gd32f30x_pmu.o(i.pmu_to_standbymode), (100 bytes).
    Removing gd32f30x_pmu.o(i.pmu_wakeup_pin_disable), (20 bytes).
    Removing gd32f30x_pmu.o(i.pmu_wakeup_pin_enable), (20 bytes).
    Removing gd32f30x_pmu.o(.bss), (16 bytes).
    Removing gd32f30x_rcu.o(.rev16_text), (4 bytes).
    Removing gd32f30x_rcu.o(.revsh_text), (4 bytes).
    Removing gd32f30x_rcu.o(.rrx_text), (6 bytes).
    Removing gd32f30x_rcu.o(i.rcu_adc_clock_config), (108 bytes).
    Removing gd32f30x_rcu.o(i.rcu_ahb_clock_config), (24 bytes).
    Removing gd32f30x_rcu.o(i.rcu_all_reset_flag_clear), (20 bytes).
    Removing gd32f30x_rcu.o(i.rcu_apb1_clock_config), (24 bytes).
    Removing gd32f30x_rcu.o(i.rcu_apb2_clock_config), (24 bytes).
    Removing gd32f30x_rcu.o(i.rcu_bkp_reset_disable), (20 bytes).
    Removing gd32f30x_rcu.o(i.rcu_bkp_reset_enable), (20 bytes).
    Removing gd32f30x_rcu.o(i.rcu_ck48m_clock_config), (28 bytes).
    Removing gd32f30x_rcu.o(i.rcu_ckout0_config), (24 bytes).
    Removing gd32f30x_rcu.o(i.rcu_deepsleep_voltage_set), (16 bytes).
    Removing gd32f30x_rcu.o(i.rcu_deinit), (120 bytes).
    Removing gd32f30x_rcu.o(i.rcu_flag_get), (40 bytes).
    Removing gd32f30x_rcu.o(i.rcu_hxtal_clock_monitor_disable), (20 bytes).
    Removing gd32f30x_rcu.o(i.rcu_hxtal_clock_monitor_enable), (20 bytes).
    Removing gd32f30x_rcu.o(i.rcu_interrupt_disable), (32 bytes).
    Removing gd32f30x_rcu.o(i.rcu_interrupt_enable), (32 bytes).
    Removing gd32f30x_rcu.o(i.rcu_interrupt_flag_clear), (32 bytes).
    Removing gd32f30x_rcu.o(i.rcu_interrupt_flag_get), (40 bytes).
    Removing gd32f30x_rcu.o(i.rcu_irc8m_adjust_value_set), (28 bytes).
    Removing gd32f30x_rcu.o(i.rcu_lxtal_drive_capability_config), (24 bytes).
    Removing gd32f30x_rcu.o(i.rcu_osci_bypass_mode_disable), (100 bytes).
    Removing gd32f30x_rcu.o(i.rcu_osci_bypass_mode_enable), (100 bytes).
    Removing gd32f30x_rcu.o(i.rcu_osci_off), (32 bytes).
    Removing gd32f30x_rcu.o(i.rcu_osci_on), (32 bytes).
    Removing gd32f30x_rcu.o(i.rcu_osci_stab_wait), (272 bytes).
    Removing gd32f30x_rcu.o(i.rcu_periph_clock_disable), (32 bytes).
    Removing gd32f30x_rcu.o(i.rcu_periph_clock_sleep_disable), (32 bytes).
    Removing gd32f30x_rcu.o(i.rcu_periph_clock_sleep_enable), (32 bytes).
    Removing gd32f30x_rcu.o(i.rcu_periph_reset_disable), (32 bytes).
    Removing gd32f30x_rcu.o(i.rcu_periph_reset_enable), (32 bytes).
    Removing gd32f30x_rcu.o(i.rcu_pll_config), (32 bytes).
    Removing gd32f30x_rcu.o(i.rcu_pllpresel_config), (24 bytes).
    Removing gd32f30x_rcu.o(i.rcu_predv0_config), (32 bytes).
    Removing gd32f30x_rcu.o(i.rcu_rtc_clock_config), (24 bytes).
    Removing gd32f30x_rcu.o(i.rcu_system_clock_source_config), (24 bytes).
    Removing gd32f30x_rcu.o(i.rcu_system_clock_source_get), (16 bytes).
    Removing gd32f30x_timer.o(.rev16_text), (4 bytes).
    Removing gd32f30x_timer.o(.revsh_text), (4 bytes).
    Removing gd32f30x_timer.o(.rrx_text), (6 bytes).
    Removing gd32f30x_timer.o(i.timer_auto_reload_shadow_disable), (10 bytes).
    Removing gd32f30x_timer.o(i.timer_auto_reload_shadow_enable), (10 bytes).
    Removing gd32f30x_timer.o(i.timer_automatic_output_disable), (10 bytes).
    Removing gd32f30x_timer.o(i.timer_automatic_output_enable), (10 bytes).
    Removing gd32f30x_timer.o(i.timer_autoreload_value_config), (4 bytes).
    Removing gd32f30x_timer.o(i.timer_break_config), (30 bytes).
    Removing gd32f30x_timer.o(i.timer_break_disable), (10 bytes).
    Removing gd32f30x_timer.o(i.timer_break_enable), (10 bytes).
    Removing gd32f30x_timer.o(i.timer_break_struct_para_init), (18 bytes).
    Removing gd32f30x_timer.o(i.timer_channel_capture_value_register_read), (42 bytes).
    Removing gd32f30x_timer.o(i.timer_channel_complementary_output_polarity_config), (70 bytes).
    Removing gd32f30x_timer.o(i.timer_channel_complementary_output_state_config), (70 bytes).
    Removing gd32f30x_timer.o(i.timer_channel_control_shadow_config), (24 bytes).
    Removing gd32f30x_timer.o(i.timer_channel_control_shadow_update_config), (26 bytes).
    Removing gd32f30x_timer.o(i.timer_channel_dma_request_source_select), (26 bytes).
    Removing gd32f30x_timer.o(i.timer_channel_input_capture_prescaler_config), (90 bytes).
    Removing gd32f30x_timer.o(i.timer_channel_input_struct_para_init), (16 bytes).
    Removing gd32f30x_timer.o(i.timer_channel_output_clear_config), (90 bytes).
    Removing gd32f30x_timer.o(i.timer_channel_output_config), (492 bytes).
    Removing gd32f30x_timer.o(i.timer_channel_output_fast_config), (90 bytes).
    Removing gd32f30x_timer.o(i.timer_channel_output_mode_config), (90 bytes).
    Removing gd32f30x_timer.o(i.timer_channel_output_polarity_config), (92 bytes).
    Removing gd32f30x_timer.o(i.timer_channel_output_pulse_value_config), (38 bytes).
    Removing gd32f30x_timer.o(i.timer_channel_output_shadow_config), (90 bytes).
    Removing gd32f30x_timer.o(i.timer_channel_output_state_config), (92 bytes).
    Removing gd32f30x_timer.o(i.timer_channel_output_struct_para_init), (16 bytes).
    Removing gd32f30x_timer.o(i.timer_counter_alignment), (16 bytes).
    Removing gd32f30x_timer.o(i.timer_counter_down_direction), (10 bytes).
    Removing gd32f30x_timer.o(i.timer_counter_read), (8 bytes).
    Removing gd32f30x_timer.o(i.timer_counter_up_direction), (10 bytes).
    Removing gd32f30x_timer.o(i.timer_counter_value_config), (4 bytes).
    Removing gd32f30x_timer.o(i.timer_deinit), (220 bytes).
    Removing gd32f30x_timer.o(i.timer_disable), (10 bytes).
    Removing gd32f30x_timer.o(i.timer_dma_disable), (8 bytes).
    Removing gd32f30x_timer.o(i.timer_dma_enable), (8 bytes).
    Removing gd32f30x_timer.o(i.timer_dma_transfer_config), (24 bytes).
    Removing gd32f30x_timer.o(i.timer_enable), (10 bytes).
    Removing gd32f30x_timer.o(i.timer_event_software_generate), (8 bytes).
    Removing gd32f30x_timer.o(i.timer_external_clock_mode0_config), (40 bytes).
    Removing gd32f30x_timer.o(i.timer_external_clock_mode1_config), (32 bytes).
    Removing gd32f30x_timer.o(i.timer_external_clock_mode1_disable), (10 bytes).
    Removing gd32f30x_timer.o(i.timer_external_trigger_as_external_clock_config), (166 bytes).
    Removing gd32f30x_timer.o(i.timer_external_trigger_config), (30 bytes).
    Removing gd32f30x_timer.o(i.timer_flag_clear), (6 bytes).
    Removing gd32f30x_timer.o(i.timer_flag_get), (18 bytes).
    Removing gd32f30x_timer.o(i.timer_hall_mode_config), (26 bytes).
    Removing gd32f30x_timer.o(i.timer_init), (152 bytes).
    Removing gd32f30x_timer.o(i.timer_input_capture_config), (326 bytes).
    Removing gd32f30x_timer.o(i.timer_input_pwm_capture_config), (356 bytes).
    Removing gd32f30x_timer.o(i.timer_input_trigger_source_select), (16 bytes).
    Removing gd32f30x_timer.o(i.timer_internal_clock_config), (10 bytes).
    Removing gd32f30x_timer.o(i.timer_internal_trigger_as_external_clock_config), (32 bytes).
    Removing gd32f30x_timer.o(i.timer_interrupt_disable), (8 bytes).
    Removing gd32f30x_timer.o(i.timer_interrupt_enable), (8 bytes).
    Removing gd32f30x_timer.o(i.timer_interrupt_flag_clear), (6 bytes).
    Removing gd32f30x_timer.o(i.timer_interrupt_flag_get), (28 bytes).
    Removing gd32f30x_timer.o(i.timer_master_output_trigger_source_select), (16 bytes).
    Removing gd32f30x_timer.o(i.timer_master_slave_mode_config), (26 bytes).
    Removing gd32f30x_timer.o(i.timer_output_value_selection_config), (34 bytes).
    Removing gd32f30x_timer.o(i.timer_prescaler_config), (14 bytes).
    Removing gd32f30x_timer.o(i.timer_prescaler_read), (10 bytes).
    Removing gd32f30x_timer.o(i.timer_primary_output_config), (24 bytes).
    Removing gd32f30x_timer.o(i.timer_quadrature_decoder_mode_config), (64 bytes).
    Removing gd32f30x_timer.o(i.timer_repetition_value_config), (4 bytes).
    Removing gd32f30x_timer.o(i.timer_single_pulse_mode_config), (26 bytes).
    Removing gd32f30x_timer.o(i.timer_slave_mode_select), (16 bytes).
    Removing gd32f30x_timer.o(i.timer_struct_para_init), (22 bytes).
    Removing gd32f30x_timer.o(i.timer_update_event_disable), (10 bytes).
    Removing gd32f30x_timer.o(i.timer_update_event_enable), (10 bytes).
    Removing gd32f30x_timer.o(i.timer_update_source_config), (26 bytes).
    Removing gd32f30x_timer.o(i.timer_write_chxval_register_config), (34 bytes).
    Removing gd32f30x_usart.o(.rev16_text), (4 bytes).
    Removing gd32f30x_usart.o(.revsh_text), (4 bytes).
    Removing gd32f30x_usart.o(.rrx_text), (6 bytes).
    Removing gd32f30x_usart.o(i.usart_address_config), (20 bytes).
    Removing gd32f30x_usart.o(i.usart_baudrate_set), (144 bytes).
    Removing gd32f30x_usart.o(i.usart_block_length_config), (28 bytes).
    Removing gd32f30x_usart.o(i.usart_data_first_config), (20 bytes).
    Removing gd32f30x_usart.o(i.usart_data_receive), (10 bytes).
    Removing gd32f30x_usart.o(i.usart_data_transmit), (8 bytes).
    Removing gd32f30x_usart.o(i.usart_deinit), (144 bytes).
    Removing gd32f30x_usart.o(i.usart_disable), (10 bytes).
    Removing gd32f30x_usart.o(i.usart_dma_receive_config), (20 bytes).
    Removing gd32f30x_usart.o(i.usart_dma_transmit_config), (20 bytes).
    Removing gd32f30x_usart.o(i.usart_enable), (10 bytes).
    Removing gd32f30x_usart.o(i.usart_flag_clear), (18 bytes).
    Removing gd32f30x_usart.o(i.usart_flag_get), (32 bytes).
    Removing gd32f30x_usart.o(i.usart_guard_time_config), (24 bytes).
    Removing gd32f30x_usart.o(i.usart_halfduplex_disable), (10 bytes).
    Removing gd32f30x_usart.o(i.usart_halfduplex_enable), (10 bytes).
    Removing gd32f30x_usart.o(i.usart_hardware_flow_cts_config), (20 bytes).
    Removing gd32f30x_usart.o(i.usart_hardware_flow_rts_config), (20 bytes).
    Removing gd32f30x_usart.o(i.usart_interrupt_disable), (26 bytes).
    Removing gd32f30x_usart.o(i.usart_interrupt_enable), (26 bytes).
    Removing gd32f30x_usart.o(i.usart_interrupt_flag_clear), (18 bytes).
    Removing gd32f30x_usart.o(i.usart_interrupt_flag_get), (58 bytes).
    Removing gd32f30x_usart.o(i.usart_invert_config), (104 bytes).
    Removing gd32f30x_usart.o(i.usart_irda_lowpower_config), (20 bytes).
    Removing gd32f30x_usart.o(i.usart_irda_mode_disable), (10 bytes).
    Removing gd32f30x_usart.o(i.usart_irda_mode_enable), (10 bytes).
    Removing gd32f30x_usart.o(i.usart_lin_break_detection_length_config), (20 bytes).
    Removing gd32f30x_usart.o(i.usart_lin_mode_disable), (10 bytes).
    Removing gd32f30x_usart.o(i.usart_lin_mode_enable), (10 bytes).
    Removing gd32f30x_usart.o(i.usart_mute_mode_disable), (10 bytes).
    Removing gd32f30x_usart.o(i.usart_mute_mode_enable), (10 bytes).
    Removing gd32f30x_usart.o(i.usart_mute_mode_wakeup_config), (16 bytes).
    Removing gd32f30x_usart.o(i.usart_parity_config), (16 bytes).
    Removing gd32f30x_usart.o(i.usart_prescaler_config), (16 bytes).
    Removing gd32f30x_usart.o(i.usart_receive_config), (20 bytes).
    Removing gd32f30x_usart.o(i.usart_receiver_timeout_disable), (14 bytes).
    Removing gd32f30x_usart.o(i.usart_receiver_timeout_enable), (14 bytes).
    Removing gd32f30x_usart.o(i.usart_receiver_timeout_threshold_config), (20 bytes).
    Removing gd32f30x_usart.o(i.usart_send_break), (10 bytes).
    Removing gd32f30x_usart.o(i.usart_smartcard_autoretry_config), (26 bytes).
    Removing gd32f30x_usart.o(i.usart_smartcard_mode_disable), (10 bytes).
    Removing gd32f30x_usart.o(i.usart_smartcard_mode_enable), (10 bytes).
    Removing gd32f30x_usart.o(i.usart_smartcard_mode_nack_disable), (10 bytes).
    Removing gd32f30x_usart.o(i.usart_smartcard_mode_nack_enable), (10 bytes).
    Removing gd32f30x_usart.o(i.usart_stop_bit_set), (16 bytes).
    Removing gd32f30x_usart.o(i.usart_synchronous_clock_config), (34 bytes).
    Removing gd32f30x_usart.o(i.usart_synchronous_clock_disable), (10 bytes).
    Removing gd32f30x_usart.o(i.usart_synchronous_clock_enable), (10 bytes).
    Removing gd32f30x_usart.o(i.usart_transmit_config), (20 bytes).
    Removing gd32f30x_usart.o(i.usart_word_length_set), (16 bytes).
    Removing gd32f30x_ctc.o(.rev16_text), (4 bytes).
    Removing gd32f30x_ctc.o(.revsh_text), (4 bytes).
    Removing gd32f30x_ctc.o(.rrx_text), (6 bytes).
    Removing gd32f30x_ctc.o(i.ctc_clock_limit_value_config), (28 bytes).
    Removing gd32f30x_ctc.o(i.ctc_counter_capture_value_read), (16 bytes).
    Removing gd32f30x_ctc.o(i.ctc_counter_direction_read), (24 bytes).
    Removing gd32f30x_ctc.o(i.ctc_counter_disable), (20 bytes).
    Removing gd32f30x_ctc.o(i.ctc_counter_enable), (20 bytes).
    Removing gd32f30x_ctc.o(i.ctc_counter_reload_value_config), (28 bytes).
    Removing gd32f30x_ctc.o(i.ctc_counter_reload_value_read), (16 bytes).
    Removing gd32f30x_ctc.o(i.ctc_deinit), (20 bytes).
    Removing gd32f30x_ctc.o(i.ctc_flag_clear), (36 bytes).
    Removing gd32f30x_ctc.o(i.ctc_flag_get), (24 bytes).
    Removing gd32f30x_ctc.o(i.ctc_hardware_trim_mode_config), (28 bytes).
    Removing gd32f30x_ctc.o(i.ctc_interrupt_disable), (16 bytes).
    Removing gd32f30x_ctc.o(i.ctc_interrupt_enable), (16 bytes).
    Removing gd32f30x_ctc.o(i.ctc_interrupt_flag_clear), (36 bytes).
    Removing gd32f30x_ctc.o(i.ctc_interrupt_flag_get), (60 bytes).
    Removing gd32f30x_ctc.o(i.ctc_irc48m_trim_value_config), (28 bytes).
    Removing gd32f30x_ctc.o(i.ctc_irc48m_trim_value_read), (16 bytes).
    Removing gd32f30x_ctc.o(i.ctc_refsource_polarity_config), (28 bytes).
    Removing gd32f30x_ctc.o(i.ctc_refsource_prescaler_config), (28 bytes).
    Removing gd32f30x_ctc.o(i.ctc_refsource_signal_select), (28 bytes).
    Removing gd32f30x_ctc.o(i.ctc_software_refsource_pulse_generate), (20 bytes).
    Removing gd32f303e_eval.o(.rev16_text), (4 bytes).
    Removing gd32f303e_eval.o(.revsh_text), (4 bytes).
    Removing gd32f303e_eval.o(.rrx_text), (6 bytes).
    Removing gd32f303e_eval.o(i.fputc), (36 bytes).
    Removing gd32f303e_eval.o(i.gd_eval_com_init), (152 bytes).
    Removing gd32f303e_eval.o(i.gd_eval_key_init), (128 bytes).
    Removing gd32f303e_eval.o(i.gd_eval_key_state_get), (32 bytes).
    Removing gd32f303e_eval.o(i.gd_eval_led_init), (64 bytes).
    Removing gd32f303e_eval.o(i.gd_eval_led_off), (24 bytes).
    Removing gd32f303e_eval.o(i.gd_eval_led_on), (24 bytes).
    Removing gd32f303e_eval.o(i.gd_eval_led_toggle), (56 bytes).
    Removing gd32f303e_eval.o(.data), (140 bytes).
    Removing startup_gd32f30x_hd.o(HEAP), (1024 bytes).
    Removing usbd_lld_core.o(.rev16_text), (4 bytes).
    Removing usbd_lld_core.o(.revsh_text), (4 bytes).
    Removing usbd_lld_core.o(.rrx_text), (6 bytes).
    Removing usbd_lld_core.o(i.user_buffer_free), (100 bytes).
    Removing usbd_lld_int.o(.rev16_text), (4 bytes).
    Removing usbd_lld_int.o(.revsh_text), (4 bytes).
    Removing usbd_lld_int.o(.rrx_text), (6 bytes).
    Removing usbd_lld_int.o(i.usbd_int_hpst), (776 bytes).
    Removing usbd_core.o(.rev16_text), (4 bytes).
    Removing usbd_core.o(.revsh_text), (4 bytes).
    Removing usbd_core.o(.rrx_text), (6 bytes).
    Removing usbd_enum.o(.rev16_text), (4 bytes).
    Removing usbd_enum.o(.revsh_text), (4 bytes).
    Removing usbd_enum.o(.rrx_text), (6 bytes).
    Removing usbd_pwr.o(.rev16_text), (4 bytes).
    Removing usbd_pwr.o(.revsh_text), (4 bytes).
    Removing usbd_pwr.o(.rrx_text), (6 bytes).
    Removing usbd_pwr.o(i.usbd_remote_wakeup_active), (42 bytes).
    Removing usbd_transc.o(.rev16_text), (4 bytes).
    Removing usbd_transc.o(.revsh_text), (4 bytes).
    Removing usbd_transc.o(.rrx_text), (6 bytes).
    Removing cdc_acm_core.o(.rev16_text), (4 bytes).
    Removing cdc_acm_core.o(.revsh_text), (4 bytes).
    Removing cdc_acm_core.o(.rrx_text), (6 bytes).

353 unused section(s) (total 14910 bytes) removed from the image.

==============================================================================

Image Symbol Table

    Local Symbols

    Symbol Name                              Value     Ov Type        Size  Object(Section)

    ../clib/../cmprslib/zerorunl2.c          0x00000000   Number         0  __dczerorl2.o ABSOLUTE
    ../clib/microlib/init/entry.s            0x00000000   Number         0  entry10a.o ABSOLUTE
    ../clib/microlib/init/entry.s            0x00000000   Number         0  entry9b.o ABSOLUTE
    ../clib/microlib/init/entry.s            0x00000000   Number         0  entry7a.o ABSOLUTE
    ../clib/microlib/init/entry.s            0x00000000   Number         0  entry7b.o ABSOLUTE
    ../clib/microlib/init/entry.s            0x00000000   Number         0  entry5.o ABSOLUTE
    ../clib/microlib/init/entry.s            0x00000000   Number         0  entry.o ABSOLUTE
    ../clib/microlib/init/entry.s            0x00000000   Number         0  entry8a.o ABSOLUTE
    ../clib/microlib/init/entry.s            0x00000000   Number         0  entry2.o ABSOLUTE
    ../clib/microlib/init/entry.s            0x00000000   Number         0  entry8b.o ABSOLUTE
    ../clib/microlib/init/entry.s            0x00000000   Number         0  entry12b.o ABSOLUTE
    ../clib/microlib/init/entry.s            0x00000000   Number         0  entry12a.o ABSOLUTE
    ../clib/microlib/init/entry.s            0x00000000   Number         0  entry11b.o ABSOLUTE
    ../clib/microlib/init/entry.s            0x00000000   Number         0  entry11a.o ABSOLUTE
    ../clib/microlib/init/entry.s            0x00000000   Number         0  entry9a.o ABSOLUTE
    ../clib/microlib/init/entry.s            0x00000000   Number         0  entry10b.o ABSOLUTE
    ..\..\..\..\Firmware\CMSIS\GD\GD32F30x\Source\ARM\startup_gd32f30x_hd.s 0x00000000   Number         0  startup_gd32f30x_hd.o ABSOLUTE
    ..\..\..\..\Firmware\GD32F30x_standard_peripheral\Source\gd32f30x_ctc.c 0x00000000   Number         0  gd32f30x_ctc.o ABSOLUTE
    ..\..\..\..\Firmware\GD32F30x_standard_peripheral\Source\gd32f30x_exti.c 0x00000000   Number         0  gd32f30x_exti.o ABSOLUTE
    ..\..\..\..\Firmware\GD32F30x_standard_peripheral\Source\gd32f30x_fmc.c 0x00000000   Number         0  gd32f30x_fmc.o ABSOLUTE
    ..\..\..\..\Firmware\GD32F30x_standard_peripheral\Source\gd32f30x_gpio.c 0x00000000   Number         0  gd32f30x_gpio.o ABSOLUTE
    ..\..\..\..\Firmware\GD32F30x_standard_peripheral\Source\gd32f30x_misc.c 0x00000000   Number         0  gd32f30x_misc.o ABSOLUTE
    ..\..\..\..\Firmware\GD32F30x_standard_peripheral\Source\gd32f30x_pmu.c 0x00000000   Number         0  gd32f30x_pmu.o ABSOLUTE
    ..\..\..\..\Firmware\GD32F30x_standard_peripheral\Source\gd32f30x_rcu.c 0x00000000   Number         0  gd32f30x_rcu.o ABSOLUTE
    ..\..\..\..\Firmware\GD32F30x_standard_peripheral\Source\gd32f30x_timer.c 0x00000000   Number         0  gd32f30x_timer.o ABSOLUTE
    ..\..\..\..\Firmware\GD32F30x_standard_peripheral\Source\gd32f30x_usart.c 0x00000000   Number         0  gd32f30x_usart.o ABSOLUTE
    ..\..\..\..\Firmware\GD32F30x_usbd_library\class\device\cdc\Source\cdc_acm_core.c 0x00000000   Number         0  cdc_acm_core.o ABSOLUTE
    ..\..\..\..\Firmware\GD32F30x_usbd_library\device\Source\usbd_core.c 0x00000000   Number         0  usbd_core.o ABSOLUTE
    ..\..\..\..\Firmware\GD32F30x_usbd_library\device\Source\usbd_enum.c 0x00000000   Number         0  usbd_enum.o ABSOLUTE
    ..\..\..\..\Firmware\GD32F30x_usbd_library\device\Source\usbd_pwr.c 0x00000000   Number         0  usbd_pwr.o ABSOLUTE
    ..\..\..\..\Firmware\GD32F30x_usbd_library\device\Source\usbd_transc.c 0x00000000   Number         0  usbd_transc.o ABSOLUTE
    ..\..\..\..\Firmware\GD32F30x_usbd_library\usbd\Source\usbd_lld_core.c 0x00000000   Number         0  usbd_lld_core.o ABSOLUTE
    ..\..\..\..\Firmware\GD32F30x_usbd_library\usbd\Source\usbd_lld_int.c 0x00000000   Number         0  usbd_lld_int.o ABSOLUTE
    ..\..\..\..\Utilities\gd32f303e_eval.c   0x00000000   Number         0  gd32f303e_eval.o ABSOLUTE
    ..\\..\\..\\..\\Firmware\\GD32F30x_standard_peripheral\\Source\\gd32f30x_ctc.c 0x00000000   Number         0  gd32f30x_ctc.o ABSOLUTE
    ..\\..\\..\\..\\Firmware\\GD32F30x_standard_peripheral\\Source\\gd32f30x_exti.c 0x00000000   Number         0  gd32f30x_exti.o ABSOLUTE
    ..\\..\\..\\..\\Firmware\\GD32F30x_standard_peripheral\\Source\\gd32f30x_fmc.c 0x00000000   Number         0  gd32f30x_fmc.o ABSOLUTE
    ..\\..\\..\\..\\Firmware\\GD32F30x_standard_peripheral\\Source\\gd32f30x_gpio.c 0x00000000   Number         0  gd32f30x_gpio.o ABSOLUTE
    ..\\..\\..\\..\\Firmware\\GD32F30x_standard_peripheral\\Source\\gd32f30x_misc.c 0x00000000   Number         0  gd32f30x_misc.o ABSOLUTE
    ..\\..\\..\\..\\Firmware\\GD32F30x_standard_peripheral\\Source\\gd32f30x_pmu.c 0x00000000   Number         0  gd32f30x_pmu.o ABSOLUTE
    ..\\..\\..\\..\\Firmware\\GD32F30x_standard_peripheral\\Source\\gd32f30x_rcu.c 0x00000000   Number         0  gd32f30x_rcu.o ABSOLUTE
    ..\\..\\..\\..\\Firmware\\GD32F30x_standard_peripheral\\Source\\gd32f30x_timer.c 0x00000000   Number         0  gd32f30x_timer.o ABSOLUTE
    ..\\..\\..\\..\\Firmware\\GD32F30x_standard_peripheral\\Source\\gd32f30x_usart.c 0x00000000   Number         0  gd32f30x_usart.o ABSOLUTE
    ..\\..\\..\\..\\Firmware\\GD32F30x_usbd_library\\class\\device\\cdc\\Source\\cdc_acm_core.c 0x00000000   Number         0  cdc_acm_core.o ABSOLUTE
    ..\\..\\..\\..\\Firmware\\GD32F30x_usbd_library\\device\\Source\\usbd_core.c 0x00000000   Number         0  usbd_core.o ABSOLUTE
    ..\\..\\..\\..\\Firmware\\GD32F30x_usbd_library\\device\\Source\\usbd_enum.c 0x00000000   Number         0  usbd_enum.o ABSOLUTE
    ..\\..\\..\\..\\Firmware\\GD32F30x_usbd_library\\device\\Source\\usbd_pwr.c 0x00000000   Number         0  usbd_pwr.o ABSOLUTE
    ..\\..\\..\\..\\Firmware\\GD32F30x_usbd_library\\device\\Source\\usbd_transc.c 0x00000000   Number         0  usbd_transc.o ABSOLUTE
    ..\\..\\..\\..\\Firmware\\GD32F30x_usbd_library\\usbd\\Source\\usbd_lld_core.c 0x00000000   Number         0  usbd_lld_core.o ABSOLUTE
    ..\\..\\..\\..\\Firmware\\GD32F30x_usbd_library\\usbd\\Source\\usbd_lld_int.c 0x00000000   Number         0  usbd_lld_int.o ABSOLUTE
    ..\\..\\..\\..\\Utilities\\gd32f303e_eval.c 0x00000000   Number         0  gd32f303e_eval.o ABSOLUTE
    ..\\src\\gd32f30x_it.c                   0x00000000   Number         0  gd32f30x_it.o ABSOLUTE
    ..\\src\\gd32f30x_usbd_hw.c              0x00000000   Number         0  gd32f30x_usbd_hw.o ABSOLUTE
    ..\\src\\main.c                          0x00000000   Number         0  main.o ABSOLUTE
    ..\\src\\system_gd32f30x.c               0x00000000   Number         0  system_gd32f30x.o ABSOLUTE
    ..\src\gd32f30x_it.c                     0x00000000   Number         0  gd32f30x_it.o ABSOLUTE
    ..\src\gd32f30x_usbd_hw.c                0x00000000   Number         0  gd32f30x_usbd_hw.o ABSOLUTE
    ..\src\main.c                            0x00000000   Number         0  main.o ABSOLUTE
    ..\src\system_gd32f30x.c                 0x00000000   Number         0  system_gd32f30x.o ABSOLUTE
    dc.s                                     0x00000000   Number         0  dc.o ABSOLUTE
    handlers.s                               0x00000000   Number         0  handlers.o ABSOLUTE
    init.s                                   0x00000000   Number         0  init.o ABSOLUTE
    RESET                                    0x08000000   Section      304  startup_gd32f30x_hd.o(RESET)
    .ARM.Collect$$$$00000000                 0x08000130   Section        0  entry.o(.ARM.Collect$$$$00000000)
    .ARM.Collect$$$$00000001                 0x08000130   Section        4  entry2.o(.ARM.Collect$$$$00000001)
    .ARM.Collect$$$$00000004                 0x08000134   Section        4  entry5.o(.ARM.Collect$$$$00000004)
    .ARM.Collect$$$$00000008                 0x08000138   Section        0  entry7b.o(.ARM.Collect$$$$00000008)
    .ARM.Collect$$$$0000000A                 0x08000138   Section        0  entry8b.o(.ARM.Collect$$$$0000000A)
    .ARM.Collect$$$$0000000B                 0x08000138   Section        8  entry9a.o(.ARM.Collect$$$$0000000B)
    .ARM.Collect$$$$0000000E                 0x08000140   Section        4  entry12b.o(.ARM.Collect$$$$0000000E)
    .ARM.Collect$$$$0000000F                 0x08000144   Section        0  entry10a.o(.ARM.Collect$$$$0000000F)
    .ARM.Collect$$$$00000011                 0x08000144   Section        0  entry11a.o(.ARM.Collect$$$$00000011)
    .ARM.Collect$$$$00002712                 0x08000144   Section        4  entry2.o(.ARM.Collect$$$$00002712)
    __lit__00000000                          0x08000144   Data           4  entry2.o(.ARM.Collect$$$$00002712)
    .text                                    0x08000148   Section       36  startup_gd32f30x_hd.o(.text)
    $v0                                      0x08000148   Number         0  startup_gd32f30x_hd.o(.text)
    .text                                    0x0800016c   Section       36  init.o(.text)
    .text                                    0x08000190   Section        0  __dczerorl2.o(.text)
    i.BusFault_Handler                       0x080001e6   Section        0  gd32f30x_it.o(i.BusFault_Handler)
    i.DebugMon_Handler                       0x080001ea   Section        0  gd32f30x_it.o(i.DebugMon_Handler)
    i.HardFault_Handler                      0x080001ee   Section        0  gd32f30x_it.o(i.HardFault_Handler)
    i.MemManage_Handler                      0x080001f2   Section        0  gd32f30x_it.o(i.MemManage_Handler)
    i.NMI_Handler                            0x080001f6   Section        0  gd32f30x_it.o(i.NMI_Handler)
    i.PendSV_Handler                         0x080001fa   Section        0  gd32f30x_it.o(i.PendSV_Handler)
    i.SVC_Handler                            0x080001fe   Section        0  gd32f30x_it.o(i.SVC_Handler)
    i.SystemInit                             0x08000204   Section        0  system_gd32f30x.o(i.SystemInit)
    i.USBD_LP_CAN0_RX0_IRQHandler            0x0800034c   Section        0  gd32f30x_it.o(i.USBD_LP_CAN0_RX0_IRQHandler)
    i.UsageFault_Handler                     0x08000354   Section        0  gd32f30x_it.o(i.UsageFault_Handler)
    i.__scatterload_copy                     0x08000358   Section       14  handlers.o(i.__scatterload_copy)
    i.__scatterload_null                     0x08000366   Section        2  handlers.o(i.__scatterload_null)
    i.__scatterload_zeroinit                 0x08000368   Section       14  handlers.o(i.__scatterload_zeroinit)
    i._soft_delay_                           0x08000376   Section        0  system_gd32f30x.o(i._soft_delay_)
    _soft_delay_                             0x08000377   Thumb Code    28  system_gd32f30x.o(i._soft_delay_)
    i._usb_bos_desc_get                      0x08000392   Section        0  usbd_enum.o(i._usb_bos_desc_get)
    _usb_bos_desc_get                        0x08000393   Thumb Code    48  usbd_enum.o(i._usb_bos_desc_get)
    i._usb_config_desc_get                   0x080003c2   Section        0  usbd_enum.o(i._usb_config_desc_get)
    _usb_config_desc_get                     0x080003c3   Thumb Code    32  usbd_enum.o(i._usb_config_desc_get)
    i._usb_dev_desc_get                      0x080003e2   Section        0  usbd_enum.o(i._usb_dev_desc_get)
    _usb_dev_desc_get                        0x080003e3   Thumb Code    20  usbd_enum.o(i._usb_dev_desc_get)
    i._usb_in0_transc                        0x080003f6   Section        0  usbd_transc.o(i._usb_in0_transc)
    i._usb_out0_transc                       0x08000468   Section        0  usbd_transc.o(i._usb_out0_transc)
    i._usb_setup_transc                      0x080004b4   Section        0  usbd_transc.o(i._usb_setup_transc)
    i._usb_std_clearfeature                  0x0800056e   Section        0  usbd_enum.o(i._usb_std_clearfeature)
    _usb_std_clearfeature                    0x0800056f   Thumb Code   142  usbd_enum.o(i._usb_std_clearfeature)
    i._usb_std_getconfiguration              0x080005fc   Section        0  usbd_enum.o(i._usb_std_getconfiguration)
    _usb_std_getconfiguration                0x080005fd   Thumb Code    60  usbd_enum.o(i._usb_std_getconfiguration)
    i._usb_std_getdescriptor                 0x08000638   Section        0  usbd_enum.o(i._usb_std_getdescriptor)
    _usb_std_getdescriptor                   0x08000639   Thumb Code   268  usbd_enum.o(i._usb_std_getdescriptor)
    i._usb_std_getinterface                  0x08000748   Section        0  usbd_enum.o(i._usb_std_getinterface)
    _usb_std_getinterface                    0x08000749   Thumb Code    62  usbd_enum.o(i._usb_std_getinterface)
    i._usb_std_getstatus                     0x08000788   Section        0  usbd_enum.o(i._usb_std_getstatus)
    _usb_std_getstatus                       0x08000789   Thumb Code   178  usbd_enum.o(i._usb_std_getstatus)
    i._usb_std_reserved                      0x08000840   Section        0  usbd_enum.o(i._usb_std_reserved)
    _usb_std_reserved                        0x08000841   Thumb Code     6  usbd_enum.o(i._usb_std_reserved)
    i._usb_std_setaddress                    0x08000846   Section        0  usbd_enum.o(i._usb_std_setaddress)
    _usb_std_setaddress                      0x08000847   Thumb Code    46  usbd_enum.o(i._usb_std_setaddress)
    i._usb_std_setconfiguration              0x08000874   Section        0  usbd_enum.o(i._usb_std_setconfiguration)
    _usb_std_setconfiguration                0x08000875   Thumb Code   160  usbd_enum.o(i._usb_std_setconfiguration)
    i._usb_std_setdescriptor                 0x08000918   Section        0  usbd_enum.o(i._usb_std_setdescriptor)
    _usb_std_setdescriptor                   0x08000919   Thumb Code     6  usbd_enum.o(i._usb_std_setdescriptor)
    i._usb_std_setfeature                    0x0800091e   Section        0  usbd_enum.o(i._usb_std_setfeature)
    _usb_std_setfeature                      0x0800091f   Thumb Code   142  usbd_enum.o(i._usb_std_setfeature)
    i._usb_std_setinterface                  0x080009ac   Section        0  usbd_enum.o(i._usb_std_setinterface)
    _usb_std_setinterface                    0x080009ad   Thumb Code    64  usbd_enum.o(i._usb_std_setinterface)
    i._usb_std_synchframe                    0x080009ec   Section        0  usbd_enum.o(i._usb_std_synchframe)
    _usb_std_synchframe                      0x080009ed   Thumb Code     6  usbd_enum.o(i._usb_std_synchframe)
    i._usb_str_desc_get                      0x080009f2   Section        0  usbd_enum.o(i._usb_str_desc_get)
    _usb_str_desc_get                        0x080009f3   Thumb Code    20  usbd_enum.o(i._usb_str_desc_get)
    i.cdc_acm_check_ready                    0x08000a06   Section        0  cdc_acm_core.o(i.cdc_acm_check_ready)
    i.cdc_acm_ctlx_out                       0x08000a28   Section        0  cdc_acm_core.o(i.cdc_acm_ctlx_out)
    cdc_acm_ctlx_out                         0x08000a29   Thumb Code    34  cdc_acm_core.o(i.cdc_acm_ctlx_out)
    i.cdc_acm_data_in                        0x08000a4a   Section        0  cdc_acm_core.o(i.cdc_acm_data_in)
    cdc_acm_data_in                          0x08000a4b   Thumb Code    54  cdc_acm_core.o(i.cdc_acm_data_in)
    i.cdc_acm_data_out                       0x08000a80   Section        0  cdc_acm_core.o(i.cdc_acm_data_out)
    cdc_acm_data_out                         0x08000a81   Thumb Code    22  cdc_acm_core.o(i.cdc_acm_data_out)
    i.cdc_acm_data_receive                   0x08000a96   Section        0  cdc_acm_core.o(i.cdc_acm_data_receive)
    i.cdc_acm_data_send                      0x08000ab2   Section        0  cdc_acm_core.o(i.cdc_acm_data_send)
    i.cdc_acm_deinit                         0x08000ada   Section        0  cdc_acm_core.o(i.cdc_acm_deinit)
    cdc_acm_deinit                           0x08000adb   Thumb Code    34  cdc_acm_core.o(i.cdc_acm_deinit)
    i.cdc_acm_init                           0x08000afc   Section        0  cdc_acm_core.o(i.cdc_acm_init)
    cdc_acm_init                             0x08000afd   Thumb Code   118  cdc_acm_core.o(i.cdc_acm_init)
    i.cdc_acm_req_handler                    0x08000b84   Section        0  cdc_acm_core.o(i.cdc_acm_req_handler)
    cdc_acm_req_handler                      0x08000b85   Thumb Code   180  cdc_acm_core.o(i.cdc_acm_req_handler)
    i.gpio_bit_reset                         0x08000c38   Section        0  gd32f30x_gpio.o(i.gpio_bit_reset)
    i.gpio_bit_set                           0x08000c3c   Section        0  gd32f30x_gpio.o(i.gpio_bit_set)
    i.gpio_config                            0x08000c40   Section        0  gd32f30x_usbd_hw.o(i.gpio_config)
    i.gpio_init                              0x08000c58   Section        0  gd32f30x_gpio.o(i.gpio_init)
    i.int_to_unicode                         0x08000d14   Section        0  usbd_enum.o(i.int_to_unicode)
    int_to_unicode                           0x08000d15   Thumb Code    62  usbd_enum.o(i.int_to_unicode)
    i.main                                   0x08000d54   Section        0  main.o(i.main)
    i.nvic_config                            0x08000db0   Section        0  gd32f30x_usbd_hw.o(i.nvic_config)
    i.nvic_irq_enable                        0x08000dc8   Section        0  gd32f30x_misc.o(i.nvic_irq_enable)
    i.nvic_priority_group_set                0x08000edc   Section        0  gd32f30x_misc.o(i.nvic_priority_group_set)
    i.rcu_clock_freq_get                     0x08000ef0   Section        0  gd32f30x_rcu.o(i.rcu_clock_freq_get)
    i.rcu_config                             0x08001048   Section        0  gd32f30x_usbd_hw.o(i.rcu_config)
    i.rcu_periph_clock_enable                0x080010b0   Section        0  gd32f30x_rcu.o(i.rcu_periph_clock_enable)
    i.rcu_usb_clock_config                   0x080010d0   Section        0  gd32f30x_rcu.o(i.rcu_usb_clock_config)
    i.serial_string_get                      0x080010e8   Section        0  usbd_enum.o(i.serial_string_get)
    i.system_clock_120m_hxtal                0x08001138   Section        0  system_gd32f30x.o(i.system_clock_120m_hxtal)
    system_clock_120m_hxtal                  0x08001139   Thumb Code   266  system_gd32f30x.o(i.system_clock_120m_hxtal)
    i.system_clock_config                    0x08001254   Section        0  system_gd32f30x.o(i.system_clock_config)
    system_clock_config                      0x08001255   Thumb Code     8  system_gd32f30x.o(i.system_clock_config)
    i.usb_ctl_status_in                      0x0800125c   Section        0  usbd_transc.o(i.usb_ctl_status_in)
    usb_ctl_status_in                        0x0800125d   Thumb Code    24  usbd_transc.o(i.usb_ctl_status_in)
    i.usb_stall_transc                       0x08001274   Section        0  usbd_transc.o(i.usb_stall_transc)
    usb_stall_transc                         0x08001275   Thumb Code    22  usbd_transc.o(i.usb_stall_transc)
    i.usb_transc_config                      0x0800128a   Section        0  usbd_core.o(i.usb_transc_config)
    usb_transc_config                        0x0800128b   Thumb Code     8  usbd_core.o(i.usb_transc_config)
    i.usb_transc_config                      0x08001292   Section        0  usbd_enum.o(i.usb_transc_config)
    usb_transc_config                        0x08001293   Thumb Code     8  usbd_enum.o(i.usb_transc_config)
    i.usb_transc_config                      0x0800129a   Section        0  cdc_acm_core.o(i.usb_transc_config)
    usb_transc_config                        0x0800129b   Thumb Code     8  cdc_acm_core.o(i.usb_transc_config)
    i.usbd_address_set                       0x080012a4   Section        0  usbd_lld_core.o(i.usbd_address_set)
    usbd_address_set                         0x080012a5   Thumb Code    12  usbd_lld_core.o(i.usbd_address_set)
    i.usbd_class_request                     0x080012b4   Section        0  usbd_enum.o(i.usbd_class_request)
    i.usbd_core_reset                        0x080012d8   Section        0  usbd_lld_core.o(i.usbd_core_reset)
    usbd_core_reset                          0x080012d9   Thumb Code    34  usbd_lld_core.o(i.usbd_core_reset)
    i.usbd_core_stop                         0x08001300   Section        0  usbd_lld_core.o(i.usbd_core_stop)
    usbd_core_stop                           0x08001301   Thumb Code    20  usbd_lld_core.o(i.usbd_core_stop)
    i.usbd_dp_pullup                         0x08001318   Section        0  usbd_lld_core.o(i.usbd_dp_pullup)
    usbd_dp_pullup                           0x08001319   Thumb Code    30  usbd_lld_core.o(i.usbd_dp_pullup)
    i.usbd_ep_data_read                      0x0800133c   Section        0  usbd_lld_core.o(i.usbd_ep_data_read)
    usbd_ep_data_read                        0x0800133d   Thumb Code   148  usbd_lld_core.o(i.usbd_ep_data_read)
    i.usbd_ep_data_write                     0x080013dc   Section        0  usbd_lld_core.o(i.usbd_ep_data_write)
    usbd_ep_data_write                       0x080013dd   Thumb Code    92  usbd_lld_core.o(i.usbd_ep_data_write)
    i.usbd_ep_dbl_data_write                 0x08001444   Section        0  usbd_lld_core.o(i.usbd_ep_dbl_data_write)
    usbd_ep_dbl_data_write                   0x08001445   Thumb Code   676  usbd_lld_core.o(i.usbd_ep_dbl_data_write)
    i.usbd_ep_deinit                         0x080016f8   Section        0  cdc_acm_core.o(i.usbd_ep_deinit)
    usbd_ep_deinit                           0x080016f9   Thumb Code    20  cdc_acm_core.o(i.usbd_ep_deinit)
    i.usbd_ep_disable                        0x0800170c   Section        0  usbd_lld_core.o(i.usbd_ep_disable)
    usbd_ep_disable                          0x0800170d   Thumb Code   220  usbd_lld_core.o(i.usbd_ep_disable)
    i.usbd_ep_init                           0x080017ec   Section        0  cdc_acm_core.o(i.usbd_ep_init)
    usbd_ep_init                             0x080017ed   Thumb Code    34  cdc_acm_core.o(i.usbd_ep_init)
    i.usbd_ep_recev                          0x0800180e   Section        0  usbd_core.o(i.usbd_ep_recev)
    i.usbd_ep_reset                          0x08001844   Section        0  usbd_lld_core.o(i.usbd_ep_reset)
    usbd_ep_reset                            0x08001845   Thumb Code   166  usbd_lld_core.o(i.usbd_ep_reset)
    i.usbd_ep_rx_enable                      0x080018f8   Section        0  usbd_lld_core.o(i.usbd_ep_rx_enable)
    usbd_ep_rx_enable                        0x080018f9   Thumb Code    52  usbd_lld_core.o(i.usbd_ep_rx_enable)
    i.usbd_ep_send                           0x08001930   Section        0  usbd_core.o(i.usbd_ep_send)
    i.usbd_ep_setup                          0x08001a18   Section        0  usbd_lld_core.o(i.usbd_ep_setup)
    usbd_ep_setup                            0x08001a19   Thumb Code  1272  usbd_lld_core.o(i.usbd_ep_setup)
    i.usbd_ep_stall_clear                    0x08001f1c   Section        0  usbd_lld_core.o(i.usbd_ep_stall_clear)
    usbd_ep_stall_clear                      0x08001f1d   Thumb Code   278  usbd_lld_core.o(i.usbd_ep_stall_clear)
    i.usbd_ep_stall_set                      0x08002038   Section        0  usbd_lld_core.o(i.usbd_ep_stall_set)
    usbd_ep_stall_set                        0x08002039   Thumb Code   184  usbd_lld_core.o(i.usbd_ep_stall_set)
    i.usbd_ep_status                         0x080020f8   Section        0  usbd_lld_core.o(i.usbd_ep_status)
    usbd_ep_status                           0x080020f9   Thumb Code    32  usbd_lld_core.o(i.usbd_ep_status)
    i.usbd_ep_status_get                     0x0800211c   Section        0  usbd_lld_core.o(i.usbd_ep_status_get)
    usbd_ep_status_get                       0x0800211d   Thumb Code    20  usbd_lld_core.o(i.usbd_ep_status_get)
    i.usbd_ep_status_get                     0x08002130   Section        0  usbd_enum.o(i.usbd_ep_status_get)
    usbd_ep_status_get                       0x08002131   Thumb Code    20  usbd_enum.o(i.usbd_ep_status_get)
    i.usbd_init                              0x08002144   Section        0  usbd_core.o(i.usbd_init)
    i.usbd_int_suspend                       0x080021bc   Section        0  usbd_lld_int.o(i.usbd_int_suspend)
    usbd_int_suspend                         0x080021bd   Thumb Code    36  usbd_lld_int.o(i.usbd_int_suspend)
    i.usbd_isr                               0x080021e0   Section        0  usbd_lld_int.o(i.usbd_isr)
    i.usbd_leave_suspend                     0x08002474   Section        0  usbd_lld_core.o(i.usbd_leave_suspend)
    usbd_leave_suspend                       0x08002475   Thumb Code    24  usbd_lld_core.o(i.usbd_leave_suspend)
    i.usbd_resume                            0x08002490   Section        0  usbd_lld_core.o(i.usbd_resume)
    usbd_resume                              0x08002491   Thumb Code    24  usbd_lld_core.o(i.usbd_resume)
    i.usbd_standard_request                  0x080024b0   Section        0  usbd_enum.o(i.usbd_standard_request)
    i.usbd_suspend                           0x080024cc   Section        0  usbd_lld_core.o(i.usbd_suspend)
    usbd_suspend                             0x080024cd   Thumb Code    14  usbd_lld_core.o(i.usbd_suspend)
    i.usbd_vendor_request                    0x080024e0   Section        0  usbd_enum.o(i.usbd_vendor_request)
    .constdata                               0x080024e8   Section       16  usbd_lld_core.o(.constdata)
    ep_type                                  0x080024e8   Data          16  usbd_lld_core.o(.constdata)
    .constdata                               0x080024f8   Section        7  cdc_acm_core.o(.constdata)
    .data                                    0x20000000   Section       76  usbd_lld_core.o(.data)
    .data                                    0x2000004c   Section        4  usbd_core.o(.data)
    .data                                    0x20000050   Section       67  usbd_enum.o(.data)
    _std_dev_req                             0x20000050   Data          52  usbd_enum.o(.data)
    std_desc_get                             0x20000084   Data          12  usbd_enum.o(.data)
    status                                   0x20000090   Data           2  usbd_enum.o(.data)
    config                                   0x20000092   Data           1  usbd_enum.o(.data)
    .data                                    0x20000094   Section      544  cdc_acm_core.o(.data)
    usbd_language_id_desc                    0x200000e9   Data           4  cdc_acm_core.o(.data)
    manufacturer_string                      0x200000ed   Data         130  cdc_acm_core.o(.data)
    product_string                           0x2000016f   Data         130  cdc_acm_core.o(.data)
    serial_string                            0x200001f1   Data         130  cdc_acm_core.o(.data)
    .bss                                     0x200002b4   Section      224  main.o(.bss)
    .bss                                     0x20000394   Section       80  cdc_acm_core.o(.bss)
    cdc_handler                              0x20000394   Data          80  cdc_acm_core.o(.bss)
    STACK                                    0x200003e8   Section     1024  startup_gd32f30x_hd.o(STACK)
    .ARM.__AT_0x40006000                     0x40006000   Section       64  usbd_lld_core.o(.ARM.__AT_0x40006000)

    Global Symbols

    Symbol Name                              Value     Ov Type        Size  Object(Section)

    BuildAttributes$$THM_ISAv4$E$P$D$K$B$S$7EM$VFPi3$EXTD16$VFPS$VFMA$PE$A:L22UL41UL21$X:L11$S22US41US21$IEEE1$IW$USESV6$~STKCKD$USESV7$~SHL$OSPACE$EBA8$MICROLIB$REQ8$PRES8$EABIv2 0x00000000   Number         0  anon$$obj.o ABSOLUTE
    __ARM_use_no_argv                        0x00000000   Number         0  main.o ABSOLUTE
    __arm_fini_                               - Undefined Weak Reference
    __cpp_initialize__aeabi_                  - Undefined Weak Reference
    __cxa_finalize                            - Undefined Weak Reference
    _clock_init                               - Undefined Weak Reference
    _microlib_exit                            - Undefined Weak Reference
    __Vectors_Size                           0x00000130   Number         0  startup_gd32f30x_hd.o ABSOLUTE
    __Vectors                                0x08000000   Data           4  startup_gd32f30x_hd.o(RESET)
    __Vectors_End                            0x08000130   Data           0  startup_gd32f30x_hd.o(RESET)
    __main                                   0x08000131   Thumb Code     0  entry.o(.ARM.Collect$$$$00000000)
    _main_stk                                0x08000131   Thumb Code     0  entry2.o(.ARM.Collect$$$$00000001)
    _main_scatterload                        0x08000135   Thumb Code     0  entry5.o(.ARM.Collect$$$$00000004)
    __main_after_scatterload                 0x08000139   Thumb Code     0  entry5.o(.ARM.Collect$$$$00000004)
    _main_clock                              0x08000139   Thumb Code     0  entry7b.o(.ARM.Collect$$$$00000008)
    _main_cpp_init                           0x08000139   Thumb Code     0  entry8b.o(.ARM.Collect$$$$0000000A)
    _main_init                               0x08000139   Thumb Code     0  entry9a.o(.ARM.Collect$$$$0000000B)
    __rt_lib_shutdown_fini                   0x08000141   Thumb Code     0  entry12b.o(.ARM.Collect$$$$0000000E)
    __rt_final_cpp                           0x08000145   Thumb Code     0  entry10a.o(.ARM.Collect$$$$0000000F)
    __rt_final_exit                          0x08000145   Thumb Code     0  entry11a.o(.ARM.Collect$$$$00000011)
    Reset_Handler                            0x08000149   Thumb Code     8  startup_gd32f30x_hd.o(.text)
    SysTick_Handler                          0x08000161   Thumb Code     2  startup_gd32f30x_hd.o(.text)
    ADC0_1_IRQHandler                        0x08000163   Thumb Code     0  startup_gd32f30x_hd.o(.text)
    ADC2_IRQHandler                          0x08000163   Thumb Code     0  startup_gd32f30x_hd.o(.text)
    CAN0_EWMC_IRQHandler                     0x08000163   Thumb Code     0  startup_gd32f30x_hd.o(.text)
    CAN0_RX1_IRQHandler                      0x08000163   Thumb Code     0  startup_gd32f30x_hd.o(.text)
    DMA0_Channel0_IRQHandler                 0x08000163   Thumb Code     0  startup_gd32f30x_hd.o(.text)
    DMA0_Channel1_IRQHandler                 0x08000163   Thumb Code     0  startup_gd32f30x_hd.o(.text)
    DMA0_Channel2_IRQHandler                 0x08000163   Thumb Code     0  startup_gd32f30x_hd.o(.text)
    DMA0_Channel3_IRQHandler                 0x08000163   Thumb Code     0  startup_gd32f30x_hd.o(.text)
    DMA0_Channel4_IRQHandler                 0x08000163   Thumb Code     0  startup_gd32f30x_hd.o(.text)
    DMA0_Channel5_IRQHandler                 0x08000163   Thumb Code     0  startup_gd32f30x_hd.o(.text)
    DMA0_Channel6_IRQHandler                 0x08000163   Thumb Code     0  startup_gd32f30x_hd.o(.text)
    DMA1_Channel0_IRQHandler                 0x08000163   Thumb Code     0  startup_gd32f30x_hd.o(.text)
    DMA1_Channel1_IRQHandler                 0x08000163   Thumb Code     0  startup_gd32f30x_hd.o(.text)
    DMA1_Channel2_IRQHandler                 0x08000163   Thumb Code     0  startup_gd32f30x_hd.o(.text)
    DMA1_Channel3_4_IRQHandler               0x08000163   Thumb Code     0  startup_gd32f30x_hd.o(.text)
    EXMC_IRQHandler                          0x08000163   Thumb Code     0  startup_gd32f30x_hd.o(.text)
    EXTI0_IRQHandler                         0x08000163   Thumb Code     0  startup_gd32f30x_hd.o(.text)
    EXTI10_15_IRQHandler                     0x08000163   Thumb Code     0  startup_gd32f30x_hd.o(.text)
    EXTI1_IRQHandler                         0x08000163   Thumb Code     0  startup_gd32f30x_hd.o(.text)
    EXTI2_IRQHandler                         0x08000163   Thumb Code     0  startup_gd32f30x_hd.o(.text)
    EXTI3_IRQHandler                         0x08000163   Thumb Code     0  startup_gd32f30x_hd.o(.text)
    EXTI4_IRQHandler                         0x08000163   Thumb Code     0  startup_gd32f30x_hd.o(.text)
    EXTI5_9_IRQHandler                       0x08000163   Thumb Code     0  startup_gd32f30x_hd.o(.text)
    FMC_IRQHandler                           0x08000163   Thumb Code     0  startup_gd32f30x_hd.o(.text)
    I2C0_ER_IRQHandler                       0x08000163   Thumb Code     0  startup_gd32f30x_hd.o(.text)
    I2C0_EV_IRQHandler                       0x08000163   Thumb Code     0  startup_gd32f30x_hd.o(.text)
    I2C1_ER_IRQHandler                       0x08000163   Thumb Code     0  startup_gd32f30x_hd.o(.text)
    I2C1_EV_IRQHandler                       0x08000163   Thumb Code     0  startup_gd32f30x_hd.o(.text)
    LVD_IRQHandler                           0x08000163   Thumb Code     0  startup_gd32f30x_hd.o(.text)
    RCU_CTC_IRQHandler                       0x08000163   Thumb Code     0  startup_gd32f30x_hd.o(.text)
    RTC_Alarm_IRQHandler                     0x08000163   Thumb Code     0  startup_gd32f30x_hd.o(.text)
    RTC_IRQHandler                           0x08000163   Thumb Code     0  startup_gd32f30x_hd.o(.text)
    SDIO_IRQHandler                          0x08000163   Thumb Code     0  startup_gd32f30x_hd.o(.text)
    SPI0_IRQHandler                          0x08000163   Thumb Code     0  startup_gd32f30x_hd.o(.text)
    SPI1_IRQHandler                          0x08000163   Thumb Code     0  startup_gd32f30x_hd.o(.text)
    SPI2_IRQHandler                          0x08000163   Thumb Code     0  startup_gd32f30x_hd.o(.text)
    TAMPER_IRQHandler                        0x08000163   Thumb Code     0  startup_gd32f30x_hd.o(.text)
    TIMER0_BRK_IRQHandler                    0x08000163   Thumb Code     0  startup_gd32f30x_hd.o(.text)
    TIMER0_Channel_IRQHandler                0x08000163   Thumb Code     0  startup_gd32f30x_hd.o(.text)
    TIMER0_TRG_CMT_IRQHandler                0x08000163   Thumb Code     0  startup_gd32f30x_hd.o(.text)
    TIMER0_UP_IRQHandler                     0x08000163   Thumb Code     0  startup_gd32f30x_hd.o(.text)
    TIMER1_IRQHandler                        0x08000163   Thumb Code     0  startup_gd32f30x_hd.o(.text)
    TIMER2_IRQHandler                        0x08000163   Thumb Code     0  startup_gd32f30x_hd.o(.text)
    TIMER3_IRQHandler                        0x08000163   Thumb Code     0  startup_gd32f30x_hd.o(.text)
    TIMER4_IRQHandler                        0x08000163   Thumb Code     0  startup_gd32f30x_hd.o(.text)
    TIMER5_IRQHandler                        0x08000163   Thumb Code     0  startup_gd32f30x_hd.o(.text)
    TIMER6_IRQHandler                        0x08000163   Thumb Code     0  startup_gd32f30x_hd.o(.text)
    TIMER7_BRK_IRQHandler                    0x08000163   Thumb Code     0  startup_gd32f30x_hd.o(.text)
    TIMER7_Channel_IRQHandler                0x08000163   Thumb Code     0  startup_gd32f30x_hd.o(.text)
    TIMER7_TRG_CMT_IRQHandler                0x08000163   Thumb Code     0  startup_gd32f30x_hd.o(.text)
    TIMER7_UP_IRQHandler                     0x08000163   Thumb Code     0  startup_gd32f30x_hd.o(.text)
    UART3_IRQHandler                         0x08000163   Thumb Code     0  startup_gd32f30x_hd.o(.text)
    UART4_IRQHandler                         0x08000163   Thumb Code     0  startup_gd32f30x_hd.o(.text)
    USART0_IRQHandler                        0x08000163   Thumb Code     0  startup_gd32f30x_hd.o(.text)
    USART1_IRQHandler                        0x08000163   Thumb Code     0  startup_gd32f30x_hd.o(.text)
    USART2_IRQHandler                        0x08000163   Thumb Code     0  startup_gd32f30x_hd.o(.text)
    USBD_HP_CAN0_TX_IRQHandler               0x08000163   Thumb Code     0  startup_gd32f30x_hd.o(.text)
    USBD_WKUP_IRQHandler                     0x08000163   Thumb Code     0  startup_gd32f30x_hd.o(.text)
    WWDGT_IRQHandler                         0x08000163   Thumb Code     0  startup_gd32f30x_hd.o(.text)
    __scatterload                            0x0800016d   Thumb Code    28  init.o(.text)
    __scatterload_rt2                        0x0800016d   Thumb Code     0  init.o(.text)
    __decompress                             0x08000191   Thumb Code     0  __dczerorl2.o(.text)
    __decompress1                            0x08000191   Thumb Code    86  __dczerorl2.o(.text)
    BusFault_Handler                         0x080001e7   Thumb Code     4  gd32f30x_it.o(i.BusFault_Handler)
    DebugMon_Handler                         0x080001eb   Thumb Code     4  gd32f30x_it.o(i.DebugMon_Handler)
    HardFault_Handler                        0x080001ef   Thumb Code     4  gd32f30x_it.o(i.HardFault_Handler)
    MemManage_Handler                        0x080001f3   Thumb Code     4  gd32f30x_it.o(i.MemManage_Handler)
    NMI_Handler                              0x080001f7   Thumb Code     4  gd32f30x_it.o(i.NMI_Handler)
    PendSV_Handler                           0x080001fb   Thumb Code     4  gd32f30x_it.o(i.PendSV_Handler)
    SVC_Handler                              0x080001ff   Thumb Code     4  gd32f30x_it.o(i.SVC_Handler)
    SystemInit                               0x08000205   Thumb Code   316  system_gd32f30x.o(i.SystemInit)
    USBD_LP_CAN0_RX0_IRQHandler              0x0800034d   Thumb Code     8  gd32f30x_it.o(i.USBD_LP_CAN0_RX0_IRQHandler)
    UsageFault_Handler                       0x08000355   Thumb Code     4  gd32f30x_it.o(i.UsageFault_Handler)
    __scatterload_copy                       0x08000359   Thumb Code    14  handlers.o(i.__scatterload_copy)
    __scatterload_null                       0x08000367   Thumb Code     2  handlers.o(i.__scatterload_null)
    __scatterload_zeroinit                   0x08000369   Thumb Code    14  handlers.o(i.__scatterload_zeroinit)
    _usb_in0_transc                          0x080003f7   Thumb Code   114  usbd_transc.o(i._usb_in0_transc)
    _usb_out0_transc                         0x08000469   Thumb Code    76  usbd_transc.o(i._usb_out0_transc)
    _usb_setup_transc                        0x080004b5   Thumb Code   186  usbd_transc.o(i._usb_setup_transc)
    cdc_acm_check_ready                      0x08000a07   Thumb Code    34  cdc_acm_core.o(i.cdc_acm_check_ready)
    cdc_acm_data_receive                     0x08000a97   Thumb Code    28  cdc_acm_core.o(i.cdc_acm_data_receive)
    cdc_acm_data_send                        0x08000ab3   Thumb Code    40  cdc_acm_core.o(i.cdc_acm_data_send)
    gpio_bit_reset                           0x08000c39   Thumb Code     4  gd32f30x_gpio.o(i.gpio_bit_reset)
    gpio_bit_set                             0x08000c3d   Thumb Code     4  gd32f30x_gpio.o(i.gpio_bit_set)
    gpio_config                              0x08000c41   Thumb Code    18  gd32f30x_usbd_hw.o(i.gpio_config)
    gpio_init                                0x08000c59   Thumb Code   188  gd32f30x_gpio.o(i.gpio_init)
    main                                     0x08000d55   Thumb Code    80  main.o(i.main)
    nvic_config                              0x08000db1   Thumb Code    22  gd32f30x_usbd_hw.o(i.nvic_config)
    nvic_irq_enable                          0x08000dc9   Thumb Code   266  gd32f30x_misc.o(i.nvic_irq_enable)
    nvic_priority_group_set                  0x08000edd   Thumb Code    10  gd32f30x_misc.o(i.nvic_priority_group_set)
    rcu_clock_freq_get                       0x08000ef1   Thumb Code   310  gd32f30x_rcu.o(i.rcu_clock_freq_get)
    rcu_config                               0x08001049   Thumb Code    88  gd32f30x_usbd_hw.o(i.rcu_config)
    rcu_periph_clock_enable                  0x080010b1   Thumb Code    28  gd32f30x_rcu.o(i.rcu_periph_clock_enable)
    rcu_usb_clock_config                     0x080010d1   Thumb Code    18  gd32f30x_rcu.o(i.rcu_usb_clock_config)
    serial_string_get                        0x080010e9   Thumb Code    70  usbd_enum.o(i.serial_string_get)
    usbd_class_request                       0x080012b5   Thumb Code    34  usbd_enum.o(i.usbd_class_request)
    usbd_ep_recev                            0x0800180f   Thumb Code    52  usbd_core.o(i.usbd_ep_recev)
    usbd_ep_send                             0x08001931   Thumb Code   228  usbd_core.o(i.usbd_ep_send)
    usbd_init                                0x08002145   Thumb Code   100  usbd_core.o(i.usbd_init)
    usbd_isr                                 0x080021e1   Thumb Code   642  usbd_lld_int.o(i.usbd_isr)
    usbd_standard_request                    0x080024b1   Thumb Code    22  usbd_enum.o(i.usbd_standard_request)
    usbd_vendor_request                      0x080024e1   Thumb Code     6  usbd_enum.o(i.usbd_vendor_request)
    Region$$Table$$Base                      0x08002500   Number         0  anon$$obj.o(Region$$Table)
    Region$$Table$$Limit                     0x08002520   Number         0  anon$$obj.o(Region$$Table)
    usbd_core                                0x20000000   Data           8  usbd_lld_core.o(.data)
    usbd_drv_handler                         0x20000008   Data          68  usbd_lld_core.o(.data)
    usbd_int_fops                            0x2000004c   Data           4  usbd_core.o(.data)
    cdc_dev_desc                             0x20000094   Data          18  cdc_acm_core.o(.data)
    cdc_config_desc                          0x200000a6   Data          67  cdc_acm_core.o(.data)
    usbd_cdc_strings                         0x20000274   Data          16  cdc_acm_core.o(.data)
    cdc_desc                                 0x20000284   Data          16  cdc_acm_core.o(.data)
    cdc_class                                0x20000294   Data          32  cdc_acm_core.o(.data)
    usbd_cdc                                 0x200002b4   Data         224  main.o(.bss)
    __initial_sp                             0x200007e8   Data           0  startup_gd32f30x_hd.o(STACK)
    btable_ep                                0x40006000   Data          64  usbd_lld_core.o(.ARM.__AT_0x40006000)



==============================================================================

Memory Map of the image

  Image Entry point : 0x08000131

  Load Region LR_IROM1 (Base: 0x08000000, Size: 0x000027d4, Max: 0x00080000, ABSOLUTE, COMPRESSED[0x00002640])

    Execution Region ER_IROM1 (Exec base: 0x08000000, Load base: 0x08000000, Size: 0x00002520, Max: 0x00080000, ABSOLUTE)

    Exec Addr    Load Addr    Size         Type   Attr      Idx    E Section Name        Object

    0x08000000   0x08000000   0x00000130   Data   RO         2260    RESET               startup_gd32f30x_hd.o
    0x08000130   0x08000130   0x00000000   Code   RO         2812  * .ARM.Collect$$$$00000000  mc_w.l(entry.o)
    0x08000130   0x08000130   0x00000004   Code   RO         2815    .ARM.Collect$$$$00000001  mc_w.l(entry2.o)
    0x08000134   0x08000134   0x00000004   Code   RO         2818    .ARM.Collect$$$$00000004  mc_w.l(entry5.o)
    0x08000138   0x08000138   0x00000000   Code   RO         2820    .ARM.Collect$$$$00000008  mc_w.l(entry7b.o)
    0x08000138   0x08000138   0x00000000   Code   RO         2822    .ARM.Collect$$$$0000000A  mc_w.l(entry8b.o)
    0x08000138   0x08000138   0x00000008   Code   RO         2823    .ARM.Collect$$$$0000000B  mc_w.l(entry9a.o)
    0x08000140   0x08000140   0x00000004   Code   RO         2830    .ARM.Collect$$$$0000000E  mc_w.l(entry12b.o)
    0x08000144   0x08000144   0x00000000   Code   RO         2825    .ARM.Collect$$$$0000000F  mc_w.l(entry10a.o)
    0x08000144   0x08000144   0x00000000   Code   RO         2827    .ARM.Collect$$$$00000011  mc_w.l(entry11a.o)
    0x08000144   0x08000144   0x00000004   Code   RO         2816    .ARM.Collect$$$$00002712  mc_w.l(entry2.o)
    0x08000148   0x08000148   0x00000024   Code   RO         2261    .text               startup_gd32f30x_hd.o
    0x0800016c   0x0800016c   0x00000024   Code   RO         2831    .text               mc_w.l(init.o)
    0x08000190   0x08000190   0x00000056   Code   RO         2841    .text               mc_w.l(__dczerorl2.o)
    0x080001e6   0x080001e6   0x00000004   Code   RO          158    i.BusFault_Handler  gd32f30x_it.o
    0x080001ea   0x080001ea   0x00000004   Code   RO          159    i.DebugMon_Handler  gd32f30x_it.o
    0x080001ee   0x080001ee   0x00000004   Code   RO          160    i.HardFault_Handler  gd32f30x_it.o
    0x080001f2   0x080001f2   0x00000004   Code   RO          161    i.MemManage_Handler  gd32f30x_it.o
    0x080001f6   0x080001f6   0x00000004   Code   RO          162    i.NMI_Handler       gd32f30x_it.o
    0x080001fa   0x080001fa   0x00000004   Code   RO          163    i.PendSV_Handler    gd32f30x_it.o
    0x080001fe   0x080001fe   0x00000004   Code   RO          164    i.SVC_Handler       gd32f30x_it.o
    0x08000202   0x08000202   0x00000002   PAD
    0x08000204   0x08000204   0x00000148   Code   RO          280    i.SystemInit        system_gd32f30x.o
    0x0800034c   0x0800034c   0x00000008   Code   RO          165    i.USBD_LP_CAN0_RX0_IRQHandler  gd32f30x_it.o
    0x08000354   0x08000354   0x00000004   Code   RO          166    i.UsageFault_Handler  gd32f30x_it.o
    0x08000358   0x08000358   0x0000000e   Code   RO         2835    i.__scatterload_copy  mc_w.l(handlers.o)
    0x08000366   0x08000366   0x00000002   Code   RO         2836    i.__scatterload_null  mc_w.l(handlers.o)
    0x08000368   0x08000368   0x0000000e   Code   RO         2837    i.__scatterload_zeroinit  mc_w.l(handlers.o)
    0x08000376   0x08000376   0x0000001c   Code   RO          281    i._soft_delay_      system_gd32f30x.o
    0x08000392   0x08000392   0x00000030   Code   RO         2493    i._usb_bos_desc_get  usbd_enum.o
    0x080003c2   0x080003c2   0x00000020   Code   RO         2494    i._usb_config_desc_get  usbd_enum.o
    0x080003e2   0x080003e2   0x00000014   Code   RO         2495    i._usb_dev_desc_get  usbd_enum.o
    0x080003f6   0x080003f6   0x00000072   Code   RO         2666    i._usb_in0_transc   usbd_transc.o
    0x08000468   0x08000468   0x0000004c   Code   RO         2667    i._usb_out0_transc  usbd_transc.o
    0x080004b4   0x080004b4   0x000000ba   Code   RO         2668    i._usb_setup_transc  usbd_transc.o
    0x0800056e   0x0800056e   0x0000008e   Code   RO         2496    i._usb_std_clearfeature  usbd_enum.o
    0x080005fc   0x080005fc   0x0000003c   Code   RO         2497    i._usb_std_getconfiguration  usbd_enum.o
    0x08000638   0x08000638   0x00000110   Code   RO         2498    i._usb_std_getdescriptor  usbd_enum.o
    0x08000748   0x08000748   0x0000003e   Code   RO         2499    i._usb_std_getinterface  usbd_enum.o
    0x08000786   0x08000786   0x00000002   PAD
    0x08000788   0x08000788   0x000000b8   Code   RO         2500    i._usb_std_getstatus  usbd_enum.o
    0x08000840   0x08000840   0x00000006   Code   RO         2501    i._usb_std_reserved  usbd_enum.o
    0x08000846   0x08000846   0x0000002e   Code   RO         2502    i._usb_std_setaddress  usbd_enum.o
    0x08000874   0x08000874   0x000000a4   Code   RO         2503    i._usb_std_setconfiguration  usbd_enum.o
    0x08000918   0x08000918   0x00000006   Code   RO         2504    i._usb_std_setdescriptor  usbd_enum.o
    0x0800091e   0x0800091e   0x0000008e   Code   RO         2505    i._usb_std_setfeature  usbd_enum.o
    0x080009ac   0x080009ac   0x00000040   Code   RO         2506    i._usb_std_setinterface  usbd_enum.o
    0x080009ec   0x080009ec   0x00000006   Code   RO         2507    i._usb_std_synchframe  usbd_enum.o
    0x080009f2   0x080009f2   0x00000014   Code   RO         2508    i._usb_str_desc_get  usbd_enum.o
    0x08000a06   0x08000a06   0x00000022   Code   RO         2719    i.cdc_acm_check_ready  cdc_acm_core.o
    0x08000a28   0x08000a28   0x00000022   Code   RO         2720    i.cdc_acm_ctlx_out  cdc_acm_core.o
    0x08000a4a   0x08000a4a   0x00000036   Code   RO         2721    i.cdc_acm_data_in   cdc_acm_core.o
    0x08000a80   0x08000a80   0x00000016   Code   RO         2722    i.cdc_acm_data_out  cdc_acm_core.o
    0x08000a96   0x08000a96   0x0000001c   Code   RO         2723    i.cdc_acm_data_receive  cdc_acm_core.o
    0x08000ab2   0x08000ab2   0x00000028   Code   RO         2724    i.cdc_acm_data_send  cdc_acm_core.o
    0x08000ada   0x08000ada   0x00000022   Code   RO         2725    i.cdc_acm_deinit    cdc_acm_core.o
    0x08000afc   0x08000afc   0x00000088   Code   RO         2726    i.cdc_acm_init      cdc_acm_core.o
    0x08000b84   0x08000b84   0x000000b4   Code   RO         2727    i.cdc_acm_req_handler  cdc_acm_core.o
    0x08000c38   0x08000c38   0x00000004   Code   RO          655    i.gpio_bit_reset    gd32f30x_gpio.o
    0x08000c3c   0x08000c3c   0x00000004   Code   RO          656    i.gpio_bit_set      gd32f30x_gpio.o
    0x08000c40   0x08000c40   0x00000018   Code   RO          243    i.gpio_config       gd32f30x_usbd_hw.o
    0x08000c58   0x08000c58   0x000000bc   Code   RO          665    i.gpio_init         gd32f30x_gpio.o
    0x08000d14   0x08000d14   0x0000003e   Code   RO         2509    i.int_to_unicode    usbd_enum.o
    0x08000d52   0x08000d52   0x00000002   PAD
    0x08000d54   0x08000d54   0x0000005c   Code   RO            4    i.main              main.o
    0x08000db0   0x08000db0   0x00000016   Code   RO          244    i.nvic_config       gd32f30x_usbd_hw.o
    0x08000dc6   0x08000dc6   0x00000002   PAD
    0x08000dc8   0x08000dc8   0x00000114   Code   RO          793    i.nvic_irq_enable   gd32f30x_misc.o
    0x08000edc   0x08000edc   0x00000014   Code   RO          794    i.nvic_priority_group_set  gd32f30x_misc.o
    0x08000ef0   0x08000ef0   0x00000158   Code   RO         1040    i.rcu_clock_freq_get  gd32f30x_rcu.o
    0x08001048   0x08001048   0x00000068   Code   RO          245    i.rcu_config        gd32f30x_usbd_hw.o
    0x080010b0   0x080010b0   0x00000020   Code   RO         1058    i.rcu_periph_clock_enable  gd32f30x_rcu.o
    0x080010d0   0x080010d0   0x00000018   Code   RO         1069    i.rcu_usb_clock_config  gd32f30x_rcu.o
    0x080010e8   0x080010e8   0x00000050   Code   RO         2510    i.serial_string_get  usbd_enum.o
    0x08001138   0x08001138   0x0000011c   Code   RO          283    i.system_clock_120m_hxtal  system_gd32f30x.o
    0x08001254   0x08001254   0x00000008   Code   RO          284    i.system_clock_config  system_gd32f30x.o
    0x0800125c   0x0800125c   0x00000018   Code   RO         2669    i.usb_ctl_status_in  usbd_transc.o
    0x08001274   0x08001274   0x00000016   Code   RO         2670    i.usb_stall_transc  usbd_transc.o
    0x0800128a   0x0800128a   0x00000008   Code   RO         2439    i.usb_transc_config  usbd_core.o
    0x08001292   0x08001292   0x00000008   Code   RO         2511    i.usb_transc_config  usbd_enum.o
    0x0800129a   0x0800129a   0x00000008   Code   RO         2728    i.usb_transc_config  cdc_acm_core.o
    0x080012a2   0x080012a2   0x00000002   PAD
    0x080012a4   0x080012a4   0x00000010   Code   RO         2268    i.usbd_address_set  usbd_lld_core.o
    0x080012b4   0x080012b4   0x00000022   Code   RO         2512    i.usbd_class_request  usbd_enum.o
    0x080012d6   0x080012d6   0x00000002   PAD
    0x080012d8   0x080012d8   0x00000028   Code   RO         2269    i.usbd_core_reset   usbd_lld_core.o
    0x08001300   0x08001300   0x00000018   Code   RO         2270    i.usbd_core_stop    usbd_lld_core.o
    0x08001318   0x08001318   0x00000024   Code   RO         2271    i.usbd_dp_pullup    usbd_lld_core.o
    0x0800133c   0x0800133c   0x000000a0   Code   RO         2272    i.usbd_ep_data_read  usbd_lld_core.o
    0x080013dc   0x080013dc   0x00000068   Code   RO         2273    i.usbd_ep_data_write  usbd_lld_core.o
    0x08001444   0x08001444   0x000002b4   Code   RO         2274    i.usbd_ep_dbl_data_write  usbd_lld_core.o
    0x080016f8   0x080016f8   0x00000014   Code   RO         2729    i.usbd_ep_deinit    cdc_acm_core.o
    0x0800170c   0x0800170c   0x000000e0   Code   RO         2275    i.usbd_ep_disable   usbd_lld_core.o
    0x080017ec   0x080017ec   0x00000022   Code   RO         2730    i.usbd_ep_init      cdc_acm_core.o
    0x0800180e   0x0800180e   0x00000034   Code   RO         2440    i.usbd_ep_recev     usbd_core.o
    0x08001842   0x08001842   0x00000002   PAD
    0x08001844   0x08001844   0x000000b4   Code   RO         2276    i.usbd_ep_reset     usbd_lld_core.o
    0x080018f8   0x080018f8   0x00000038   Code   RO         2277    i.usbd_ep_rx_enable  usbd_lld_core.o
    0x08001930   0x08001930   0x000000e8   Code   RO         2441    i.usbd_ep_send      usbd_core.o
    0x08001a18   0x08001a18   0x00000504   Code   RO         2278    i.usbd_ep_setup     usbd_lld_core.o
    0x08001f1c   0x08001f1c   0x0000011c   Code   RO         2279    i.usbd_ep_stall_clear  usbd_lld_core.o
    0x08002038   0x08002038   0x000000c0   Code   RO         2280    i.usbd_ep_stall_set  usbd_lld_core.o
    0x080020f8   0x080020f8   0x00000024   Code   RO         2281    i.usbd_ep_status    usbd_lld_core.o
    0x0800211c   0x0800211c   0x00000014   Code   RO         2282    i.usbd_ep_status_get  usbd_lld_core.o
    0x08002130   0x08002130   0x00000014   Code   RO         2513    i.usbd_ep_status_get  usbd_enum.o
    0x08002144   0x08002144   0x00000078   Code   RO         2442    i.usbd_init         usbd_core.o
    0x080021bc   0x080021bc   0x00000024   Code   RO         2398    i.usbd_int_suspend  usbd_lld_int.o
    0x080021e0   0x080021e0   0x00000294   Code   RO         2399    i.usbd_isr          usbd_lld_int.o
    0x08002474   0x08002474   0x0000001c   Code   RO         2283    i.usbd_leave_suspend  usbd_lld_core.o
    0x08002490   0x08002490   0x00000020   Code   RO         2284    i.usbd_resume       usbd_lld_core.o
    0x080024b0   0x080024b0   0x0000001c   Code   RO         2514    i.usbd_standard_request  usbd_enum.o
    0x080024cc   0x080024cc   0x00000014   Code   RO         2285    i.usbd_suspend      usbd_lld_core.o
    0x080024e0   0x080024e0   0x00000006   Code   RO         2515    i.usbd_vendor_request  usbd_enum.o
    0x080024e6   0x080024e6   0x00000002   PAD
    0x080024e8   0x080024e8   0x00000010   Data   RO         2288    .constdata          usbd_lld_core.o
    0x080024f8   0x080024f8   0x00000007   Data   RO         2732    .constdata          cdc_acm_core.o
    0x080024ff   0x080024ff   0x00000001   PAD
    0x08002500   0x08002500   0x00000020   Data   RO         2833    Region$$Table       anon$$obj.o


    Execution Region RW_IRAM1 (Exec base: 0x20000000, Load base: 0x08002520, Size: 0x000007e8, Max: 0x00010000, ABSOLUTE, COMPRESSED[0x00000120])

    Exec Addr    Load Addr    Size         Type   Attr      Idx    E Section Name        Object

    0x20000000   COMPRESSED   0x0000004c   Data   RW         2289    .data               usbd_lld_core.o
    0x2000004c   COMPRESSED   0x00000004   Data   RW         2443    .data               usbd_core.o
    0x20000050   COMPRESSED   0x00000043   Data   RW         2516    .data               usbd_enum.o
    0x20000093   COMPRESSED   0x00000001   PAD
    0x20000094   COMPRESSED   0x00000220   Data   RW         2733    .data               cdc_acm_core.o
    0x200002b4        -       0x000000e0   Zero   RW            5    .bss                main.o
    0x20000394        -       0x00000050   Zero   RW         2731    .bss                cdc_acm_core.o
    0x200003e4   COMPRESSED   0x00000004   PAD
    0x200003e8        -       0x00000400   Zero   RW         2258    STACK               startup_gd32f30x_hd.o



  Load Region LR$$.ARM.__AT_0x40006000 (Base: 0x40006000, Size: 0x00000000, Max: 0x00000040, ABSOLUTE)

    Execution Region ER$$.ARM.__AT_0x40006000 (Exec base: 0x40006000, Load base: 0x40006000, Size: 0x00000040, Max: 0x00000040, ABSOLUTE, UNINIT)

    Exec Addr    Load Addr    Size         Type   Attr      Idx    E Section Name        Object

    0x40006000        -       0x00000040   Zero   RW         2287    .ARM.__AT_0x40006000  usbd_lld_core.o


==============================================================================

Image component sizes


      Code (inc. data)   RO Data    RW Data    ZI Data      Debug   Object Name

       624         18          7        544         80      17736   cdc_acm_core.o
       196          0          0          0          0       2516   gd32f30x_gpio.o
        40          0          0          0          0       8630   gd32f30x_it.o
       296         20          0          0          0      32219   gd32f30x_misc.o
       400         44          0          0          0       2898   gd32f30x_rcu.o
       150         22          0          0          0       1841   gd32f30x_usbd_hw.o
        92         12          0          0        224      35346   main.o
        36          8        304          0       1024       1004   startup_gd32f30x_hd.o
       648         30          0          0          0       3889   system_gd32f30x.o
       412         24          0          4          0       8907   usbd_core.o
      1512         46          0         67          0      24703   usbd_enum.o
      3428        130         16         76         64      21775   usbd_lld_core.o
       696         18          0          0          0       3475   usbd_lld_int.o
       422          0          0          0          0       9061   usbd_transc.o

    ----------------------------------------------------------------------
      8968        372        360        692       1396     174000   Object Totals
         0          0         32          0          0          0   (incl. Generated)
        16          0          1          1          4          0   (incl. Padding)

    ----------------------------------------------------------------------

      Code (inc. data)   RO Data    RW Data    ZI Data      Debug   Library Member Name

        86          0          0          0          0          0   __dczerorl2.o
         0          0          0          0          0          0   entry.o
         0          0          0          0          0          0   entry10a.o
         0          0          0          0          0          0   entry11a.o
         4          0          0          0          0          0   entry12b.o
         8          4          0          0          0          0   entry2.o
         4          0          0          0          0          0   entry5.o
         0          0          0          0          0          0   entry7b.o
         0          0          0          0          0          0   entry8b.o
         8          4          0          0          0          0   entry9a.o
        30          0          0          0          0          0   handlers.o
        36          8          0          0          0         68   init.o

    ----------------------------------------------------------------------
       176         16          0          0          0         68   Library Totals
         0          0          0          0          0          0   (incl. Padding)

    ----------------------------------------------------------------------

      Code (inc. data)   RO Data    RW Data    ZI Data      Debug   Library Name

       176         16          0          0          0         68   mc_w.l

    ----------------------------------------------------------------------
       176         16          0          0          0         68   Library Totals

    ----------------------------------------------------------------------

==============================================================================


      Code (inc. data)   RO Data    RW Data    ZI Data      Debug   

      9144        388        360        692       1396     165952   Grand Totals
      9144        388        360        288       1396     165952   ELF Image Totals (compressed)
      9144        388        360        288          0          0   ROM Totals

==============================================================================

    Total RO  Size (Code + RO Data)                 9504 (   9.28kB)
    Total RW  Size (RW Data + ZI Data)              2088 (   2.04kB)
    Total ROM Size (Code + RO Data + RW Data)       9792 (   9.56kB)

==============================================================================

